Archive member included to satisfy reference by file (symbol)

c:/program files/microchip/xc8/v3.10/avr/bin/../lib/gcc/avr/5.4.0/../../../../avr/lib/avrxmega4/memx-const/mapped\libm.a(addsf3.o)
                              build/default/debug/functions/temp_sensors.o (__subsf3)
c:/program files/microchip/xc8/v3.10/avr/bin/../lib/gcc/avr/5.4.0/../../../../avr/lib/avrxmega4/memx-const/mapped\libm.a(addsf3x.o)
                              c:/program files/microchip/xc8/v3.10/avr/bin/../lib/gcc/avr/5.4.0/../../../../avr/lib/avrxmega4/memx-const/mapped\libm.a(addsf3.o) (__addsf3x)
c:/program files/microchip/xc8/v3.10/avr/bin/../lib/gcc/avr/5.4.0/../../../../avr/lib/avrxmega4/memx-const/mapped\libm.a(cmpsf2.o)
                              build/default/debug/functions/temp_sensors.o (__ltsf2)
c:/program files/microchip/xc8/v3.10/avr/bin/../lib/gcc/avr/5.4.0/../../../../avr/lib/avrxmega4/memx-const/mapped\libm.a(divsf3.o)
                              build/default/debug/functions/temp_sensors.o (__divsf3)
c:/program files/microchip/xc8/v3.10/avr/bin/../lib/gcc/avr/5.4.0/../../../../avr/lib/avrxmega4/memx-const/mapped\libm.a(divsf3x.o)
                              c:/program files/microchip/xc8/v3.10/avr/bin/../lib/gcc/avr/5.4.0/../../../../avr/lib/avrxmega4/memx-const/mapped\libm.a(divsf3.o) (__divsf3x)
c:/program files/microchip/xc8/v3.10/avr/bin/../lib/gcc/avr/5.4.0/../../../../avr/lib/avrxmega4/memx-const/mapped\libm.a(fixsfsi.o)
                              build/default/debug/functions/temp_sensors.o (__fixsfsi)
c:/program files/microchip/xc8/v3.10/avr/bin/../lib/gcc/avr/5.4.0/../../../../avr/lib/avrxmega4/memx-const/mapped\libm.a(fixunssfsi.o)
                              c:/program files/microchip/xc8/v3.10/avr/bin/../lib/gcc/avr/5.4.0/../../../../avr/lib/avrxmega4/memx-const/mapped\libm.a(fixsfsi.o) (__fixunssfsi)
c:/program files/microchip/xc8/v3.10/avr/bin/../lib/gcc/avr/5.4.0/../../../../avr/lib/avrxmega4/memx-const/mapped\libm.a(floatsisf.o)
                              build/default/debug/functions/temp_sensors.o (__floatunsisf)
c:/program files/microchip/xc8/v3.10/avr/bin/../lib/gcc/avr/5.4.0/../../../../avr/lib/avrxmega4/memx-const/mapped\libm.a(fp_cmp.o)
                              c:/program files/microchip/xc8/v3.10/avr/bin/../lib/gcc/avr/5.4.0/../../../../avr/lib/avrxmega4/memx-const/mapped\libm.a(cmpsf2.o) (__fp_cmp)
c:/program files/microchip/xc8/v3.10/avr/bin/../lib/gcc/avr/5.4.0/../../../../avr/lib/avrxmega4/memx-const/mapped\libm.a(fp_inf.o)
                              c:/program files/microchip/xc8/v3.10/avr/bin/../lib/gcc/avr/5.4.0/../../../../avr/lib/avrxmega4/memx-const/mapped\libm.a(addsf3x.o) (__fp_inf)
c:/program files/microchip/xc8/v3.10/avr/bin/../lib/gcc/avr/5.4.0/../../../../avr/lib/avrxmega4/memx-const/mapped\libm.a(fp_nan.o)
                              c:/program files/microchip/xc8/v3.10/avr/bin/../lib/gcc/avr/5.4.0/../../../../avr/lib/avrxmega4/memx-const/mapped\libm.a(addsf3x.o) (__fp_nan)
c:/program files/microchip/xc8/v3.10/avr/bin/../lib/gcc/avr/5.4.0/../../../../avr/lib/avrxmega4/memx-const/mapped\libm.a(fp_pscA.o)
                              c:/program files/microchip/xc8/v3.10/avr/bin/../lib/gcc/avr/5.4.0/../../../../avr/lib/avrxmega4/memx-const/mapped\libm.a(addsf3x.o) (__fp_pscA)
c:/program files/microchip/xc8/v3.10/avr/bin/../lib/gcc/avr/5.4.0/../../../../avr/lib/avrxmega4/memx-const/mapped\libm.a(fp_pscB.o)
                              c:/program files/microchip/xc8/v3.10/avr/bin/../lib/gcc/avr/5.4.0/../../../../avr/lib/avrxmega4/memx-const/mapped\libm.a(addsf3x.o) (__fp_pscB)
c:/program files/microchip/xc8/v3.10/avr/bin/../lib/gcc/avr/5.4.0/../../../../avr/lib/avrxmega4/memx-const/mapped\libm.a(fp_round.o)
                              c:/program files/microchip/xc8/v3.10/avr/bin/../lib/gcc/avr/5.4.0/../../../../avr/lib/avrxmega4/memx-const/mapped\libm.a(addsf3.o) (__fp_round)
c:/program files/microchip/xc8/v3.10/avr/bin/../lib/gcc/avr/5.4.0/../../../../avr/lib/avrxmega4/memx-const/mapped\libm.a(fp_split3.o)
                              c:/program files/microchip/xc8/v3.10/avr/bin/../lib/gcc/avr/5.4.0/../../../../avr/lib/avrxmega4/memx-const/mapped\libm.a(addsf3x.o) (__fp_split3)
c:/program files/microchip/xc8/v3.10/avr/bin/../lib/gcc/avr/5.4.0/../../../../avr/lib/avrxmega4/memx-const/mapped\libm.a(fp_zero.o)
                              c:/program files/microchip/xc8/v3.10/avr/bin/../lib/gcc/avr/5.4.0/../../../../avr/lib/avrxmega4/memx-const/mapped\libm.a(addsf3x.o) (__fp_zero)
c:/program files/microchip/xc8/v3.10/avr/bin/../lib/gcc/avr/5.4.0/../../../../avr/lib/avrxmega4/memx-const/mapped\libm.a(gesf2.o)
                              build/default/debug/functions/temp_sensors.o (__gesf2)
c:/program files/microchip/xc8/v3.10/avr/bin/../lib/gcc/avr/5.4.0/../../../../avr/lib/avrxmega4/memx-const/mapped\libm.a(mulsf3.o)
                              build/default/debug/functions/temp_sensors.o (__mulsf3)
[...]
Memory Configuration

Name             Origin             Length             Attributes
text             0x0000000000000000 0x0000000000020000 xr
data             0x0000000000804000 0x0000000000004000 rw !x
eeprom           0x0000000000810000 0x0000000000000200 rw !x
fuse             0x0000000000820000 0x0000000000000010 rw !x
lock             0x0000000000830000 0x0000000000000400 rw !x
signature        0x0000000000840000 0x0000000000000400 rw !x
user_signatures  0x0000000000850000 0x0000000000000400 rw !x
bootrow          0x0000000000860000 0x0000000000000400 rw !x
*default*        0x0000000000000000 0xffffffffffffffff

Linker script and memory map

Address of section .data set to 0x804000
                0x0000000000008000                __RODATA_PM_OFFSET__ = 0x8000
LOAD C:/Program Files/Microchip/MPLABX/v6.25/packs/Microchip/AVR-Dx_DFP/2.7.321/xc8/avr/lib/avrxmega4/memx-const/mapped/crtavr128db32.o
                0x0000000000000001                __MPLAB_BUILD = 0x1
LOAD build/default/debug/mcc_generated_files/spi/src/spi0.o
LOAD build/default/debug/mcc_generated_files/system/src/pins.o
LOAD build/default/debug/mcc_generated_files/system/src/protected_io.o
LOAD build/default/debug/mcc_generated_files/system/src/interrupt.o
LOAD build/default/debug/mcc_generated_files/system/src/system.o
LOAD build/default/debug/mcc_generated_files/system/src/config_bits.o
LOAD build/default/debug/mcc_generated_files/system/src/clock.o
LOAD build/default/debug/mcc_generated_files/timer/src/tcb0.o
LOAD build/default/debug/mcc_generated_files/timer/src/rtc.o
LOAD build/default/debug/mcc_generated_files/uart/src/usart2.o
LOAD build/default/debug/mcc_generated_files/uart/src/usart1.o
LOAD build/default/debug/main.o
LOAD build/default/debug/functions/modbus.o
LOAD build/default/debug/functions/debug_uart2.o
LOAD build/default/debug/functions/temp_sensors.o
LOAD build/default/debug/functions/system_registers.o
LOAD build/default/debug/DS.o
LOAD build/default/debug/dht11.o
LOAD build/default/debug/mcc_generated_files/timer/src/tcb2.o
LOAD build/default/debug/mcc_generated_files/timer/src/tca0.o
LOAD build/default/debug/mcc_generated_files/timer/src/tcb1.o
START GROUP
LOAD c:/program files/microchip/xc8/v3.10/avr/bin/../lib/gcc/avr/5.4.0/../../../../avr/lib/avrxmega4/memx-const/mapped\libm.a
END GROUP
                0x0000000000000001                __MPLAB_DEBUG = 0x1
                0x0000000000000001                __DEBUG = 0x1
START GROUP
LOAD c:/program files/microchip/xc8/v3.10/avr/bin/../lib/gcc/avr/5.4.0/avrxmega4/memx-const/mapped\libgcc.a
LOAD c:/program files/microchip/xc8/v3.10/avr/bin/../lib/gcc/avr/5.4.0/../../../../avr/lib/avrxmega4/memx-const/mapped\libm.a
LOAD c:/program files/microchip/xc8/v3.10/avr/bin/../lib/gcc/avr/5.4.0/../../../../avr/lib/avrxmega4/memx-const/mapped\libc.a
LOAD C:/Program Files/Microchip/MPLABX/v6.25/packs/Microchip/AVR-Dx_DFP/2.7.321/xc8/avr/lib/avrxmega4/memx-const/mapped\libavr128db32.a
END GROUP
                [0x0000000000000000]                __TEXT_REGION_ORIGIN__ = DEFINED (__TEXT_REGION_ORIGIN__)?__TEXT_REGION_ORIGIN__:0x0
                [0x0000000000804000]                __DATA_REGION_ORIGIN__ = DEFINED (__DATA_REGION_ORIGIN__)?__DATA_REGION_ORIGIN__:0x802000
                [0x0000000000020000]                __TEXT_REGION_LENGTH__ = DEFINED (__TEXT_REGION_LENGTH__)?__TEXT_REGION_LENGTH__:0x100000
                [0x0000000000004000]                __DATA_REGION_LENGTH__ = DEFINED (__DATA_REGION_LENGTH__)?__DATA_REGION_LENGTH__:0xffa0
                [0x0000000000000200]                __EEPROM_REGION_LENGTH__ = DEFINED (__EEPROM_REGION_LENGTH__)?__EEPROM_REGION_LENGTH__:0x10000
                [0x0000000000000010]                __FUSE_REGION_LENGTH__ = DEFINED (__FUSE_REGION_LENGTH__)?__FUSE_REGION_LENGTH__:0x400
                0x0000000000000400                __LOCK_REGION_LENGTH__ = DEFINED (__LOCK_REGION_LENGTH__)?__LOCK_REGION_LENGTH__:0x400
                0x0000000000000400                __SIGNATURE_REGION_LENGTH__ = DEFINED (__SIGNATURE_REGION_LENGTH__)?__SIGNATURE_REGION_LENGTH__:0x400
                0x0000000000000400                __USER_SIGNATURE_REGION_LENGTH__ = DEFINED (__USER_SIGNATURE_REGION_LENGTH__)?__USER_SIGNATURE_REGION_LENGTH__:0x400
                0x0000000000000400                __BOOTROW_REGION_LENGTH__ = DEFINED (__BOOTROW_REGION_LENGTH__)?__BOOTROW_REGION_LENGTH__:0x400

.hash
 *(.hash)

.dynsym
 *(.dynsym)

.dynstr
 *(.dynstr)

.gnu.version
 *(.gnu.version)

.gnu.version_d
 *(.gnu.version_d)

.gnu.version_r
 *(.gnu.version_r)

.rel.init
 *(.rel.init)

.rela.init
 *(.rela.init)

.rel.text
 *(.rel.text)
 *(.rel.text.*)
 *(.rel.gnu.linkonce.t*)

.rela.text
 *(.rela.text)
 *(.rela.text.*)
 *(.rela.gnu.linkonce.t*)

.rel.fini
 *(.rel.fini)

.rela.fini
 *(.rela.fini)

.rel.rodata
 *(.rel.rodata)
 *(.rel.rodata.*)
 *(.rel.gnu.linkonce.r*)

.rela.rodata
 *(.rela.rodata)
 *(.rela.rodata.*)
 *(.rela.gnu.linkonce.r*)

.rel.data
 *(.rel.data)
 *(.rel.data.*)
 *(.rel.gnu.linkonce.d*)

.rela.data
 *(.rela.data)
 *(.rela.data.*)
 *(.rela.gnu.linkonce.d*)

.rel.ctors
 *(.rel.ctors)

.rela.ctors
 *(.rela.ctors)

.rel.dtors
 *(.rel.dtors)

.rela.dtors
 *(.rela.dtors)

.rel.got
 *(.rel.got)

.rela.got
 *(.rela.got)

.rel.bss
 *(.rel.bss)

.rela.bss
 *(.rela.bss)

.rel.plt
 *(.rel.plt)

.rela.plt
 *(.rela.plt)

.text           0x0000000000000000      0x16c
 *(.vectors)
 .vectors       0x0000000000000000       0xb0 C:/Program Files/Microchip/MPLABX/v6.25/packs/Microchip/AVR-Dx_DFP/2.7.321/xc8/avr/lib/avrxmega4/memx-const/mapped/crtavr128db32.o
                0x0000000000000000                __vector_default
                0x0000000000000000                __vectors
 *(.vectors)
 *(.progmem.gcc*)
 .progmem.gcc_sw_table.CS_NTC
                0x00000000000000b0       0x10 build/default/debug/functions/temp_sensors.o
 *(.dinit)
 .dinit         0x00000000000000c0       0x41 data_init
                0x0000000000000102                . = ALIGN (0x2)
 *fill*         0x0000000000000101        0x1 
                0x0000000000000102                __trampolines_start = .
 *(.trampolines)
 .trampolines   0x0000000000000102        0x0 linker stubs
 *(.trampolines*)
                0x0000000000000102                __trampolines_end = .
 *libprintf_flt.a:*(.progmem.data)
 *libc.a:*(.progmem.data)
                0x0000000000000102                . = ALIGN (0x2)
 *(.jumptables)
 *(.jumptables*)
 *(.lowtext)
 *(.lowtext*)
                0x0000000000000102                __ctors_start = .
 *(.ctors)
                0x0000000000000102                __ctors_end = .
                0x0000000000000102                __dtors_start = .
 *(.dtors)
                0x0000000000000102                __dtors_end = .
 SORT(*)(.ctors)
 SORT(*)(.dtors)
 *(.init0)
 .init0         0x0000000000000102        0x0 C:/Program Files/Microchip/MPLABX/v6.25/packs/Microchip/AVR-Dx_DFP/2.7.321/xc8/avr/lib/avrxmega4/memx-const/mapped/crtavr128db32.o
                0x0000000000000102                __init
 *(.init0)
 *(.init1)
 .init1         0x0000000000000102       0x12 C:/Program Files/Microchip/MPLABX/v6.25/packs/Microchip/AVR-Dx_DFP/2.7.321/xc8/avr/lib/avrxmega4/memx-const/mapped/crtavr128db32.o
 *(.init1)
 *(.init2)
 .init2         0x0000000000000114        0xc C:/Program Files/Microchip/MPLABX/v6.25/packs/Microchip/AVR-Dx_DFP/2.7.321/xc8/avr/lib/avrxmega4/memx-const/mapped/crtavr128db32.o
 *(.init2)
 *(.init3)
 *(.init3)
 *(.init4)
 .init4         0x0000000000000120       0x40 c:/program files/microchip/xc8/v3.10/avr/bin/../lib/gcc/avr/5.4.0/avrxmega4/memx-const/mapped\libgcc.a(_copy_data.o)
                0x0000000000000120                __do_copy_data
                0x0000000000000152                __do_clear_bss
 *(.init4)
 *(.init5)
 *(.init5)
 *(.init6)
 *(.init6)
 *(.init7)
 *(.init7)
 *(.init8)
 *(.init8)
 *(.init9)
 .init9         0x0000000000000160        0x8 C:/Program Files/Microchip/MPLABX/v6.25/packs/Microchip/AVR-Dx_DFP/2.7.321/xc8/avr/lib/avrxmega4/memx-const/mapped/crtavr128db32.o
 *(.init9)
                0x0000000000000168                . = ALIGN (0x2)
 *(.fini9)
 .fini9         0x0000000000000168        0x0 c:/program files/microchip/xc8/v3.10/avr/bin/../lib/gcc/avr/5.4.0/avrxmega4/memx-const/mapped\libgcc.a(_exit.o)
                0x0000000000000168                _exit
 *(.fini9)
 *(.fini8)
 *(.fini8)
 *(.fini7)
 *(.fini7)
 *(.fini6)
 *(.fini6)
 *(.fini5)
 *(.fini5)
 *(.fini4)
 *(.fini4)
 *(.fini3)
 *(.fini3)
 *(.fini2)
 *(.fini2)
 *(.fini1)
 *(.fini1)
 *(.fini0)
 .fini0         0x0000000000000168        0x4 c:/program files/microchip/xc8/v3.10/avr/bin/../lib/gcc/avr/5.4.0/avrxmega4/memx-const/mapped\libgcc.a(_exit.o)
 *(.fini0)
                0x000000000000016c                _etext = .

.data           0x0000000000804000        0x0 load address 0x000000000000016c
                [!provide]                        PROVIDE (__data_start, .)
 *(.gnu.linkonce.d*)
 *(.gnu.linkonce.r*)
                0x0000000000804000                . = ALIGN (0x2)
                0x0000000000804000                _edata = .
                [!provide]                        PROVIDE (__data_end, .)

.bss            0x0000000000804000       0x3f
                [!provide]                        PROVIDE (__bss_start, .)
 *(COMMON)
 COMMON         0x0000000000804000       0x14 build/default/debug/mcc_generated_files/uart/src/usart1.o
                0x0000000000804000                USART1_TxInterruptHandler
                0x0000000000804002                valChecker
                0x000000000080400a                USART1_RxInterruptHandler
                0x000000000080400c                usart1_cnt_bufovf
                0x000000000080400e                usart1_cnt_perr
                0x0000000000804010                usart1_cnt_sw_ovf
                0x0000000000804012                usart1_cnt_ferr
 COMMON         0x0000000000804014       0x29 build/default/debug/main.o
                0x0000000000804014                sys_sensors
 COMMON         0x000000000080403d        0x2 c:/program files/microchip/xc8/v3.10/avr/bin/../lib/gcc/avr/5.4.0/../../../../avr/lib/avrxmega4/memx-const/mapped\libc.a(errno.o)
                0x000000000080403d                __errno_val
                [!provide]                        PROVIDE (__bss_end, .)
                0x000000000000016c                __data_load_start = LOADADDR (.data)
                0x000000000000016c                __data_load_end = (__data_load_start + SIZEOF (.data))

.noinit         0x000000000080403f        0x0
                [!provide]                        PROVIDE (__noinit_start, .)
 *(.noinit*)
                [!provide]                        PROVIDE (__noinit_end, .)
                0x000000000080403f                _end = .

.eeprom         0x0000000000810000        0x0
 *(.eeprom*)
                0x0000000000810000                __eeprom_end = .

.fuse           0x0000000000820000        0x9
 *(.fuse)
 .fuse          0x0000000000820000        0x9 build/default/debug/mcc_generated_files/system/src/config_bits.o
                0x0000000000820000                __fuse
 *(.lfuse)
 *(.hfuse)
 *(.efuse)

.lock
 *(.lock*)

.signature
 *(.signature*)

.user_signatures
 *(.user_signatures*)

.bootrow
 *(.bootrow*)

.stab
 *(.stab)

.stabstr
 *(.stabstr)

.stab.excl
 *(.stab.excl)

.stab.exclstr
 *(.stab.exclstr)

.stab.index
 *(.stab.index)

.stab.indexstr
 *(.stab.indexstr)

.comment        0x0000000000000000       0x5b
 *(.comment)
 .comment       0x0000000000000000       0x2f build/default/debug/mcc_generated_files/spi/src/spi0.o
                                         0x30 (size before relaxing)
 .comment       0x000000000000002f       0x30 build/default/debug/mcc_generated_files/system/src/pins.o
 .comment       0x000000000000002f       0x30 build/default/debug/mcc_generated_files/system/src/interrupt.o
 .comment       0x000000000000002f       0x30 build/default/debug/mcc_generated_files/system/src/system.o
 .comment       0x000000000000002f       0x30 build/default/debug/mcc_generated_files/system/src/config_bits.o
 .comment       0x000000000000002f       0x30 build/default/debug/mcc_generated_files/system/src/clock.o
 .comment       0x000000000000002f       0x30 build/default/debug/mcc_generated_files/timer/src/tcb0.o
 .comment       0x000000000000002f       0x30 build/default/debug/mcc_generated_files/timer/src/rtc.o
 .comment       0x000000000000002f       0x30 build/default/debug/mcc_generated_files/uart/src/usart2.o
 .comment       0x000000000000002f       0x30 build/default/debug/mcc_generated_files/uart/src/usart1.o
 .comment       0x000000000000002f       0x30 build/default/debug/main.o
 .comment       0x000000000000002f       0x30 build/default/debug/functions/modbus.o
 .comment       0x000000000000002f       0x30 build/default/debug/functions/temp_sensors.o
 .comment       0x000000000000002f       0x30 build/default/debug/functions/system_registers.o
 .comment       0x000000000000002f       0x30 build/default/debug/DS.o
 .comment       0x000000000000002f       0x30 build/default/debug/mcc_generated_files/timer/src/tcb2.o
 .comment       0x000000000000002f       0x30 build/default/debug/mcc_generated_files/timer/src/tca0.o
 .comment       0x000000000000002f       0x30 build/default/debug/mcc_generated_files/timer/src/tcb1.o
 .comment       0x000000000000002f       0x2c c:/program files/microchip/xc8/v3.10/avr/bin/../lib/gcc/avr/5.4.0/../../../../avr/lib/avrxmega4/memx-const/mapped\libm.a(logf.o)
                                         0x2d (size before relaxing)
 .comment       0x000000000000005b       0x2d c:/program files/microchip/xc8/v3.10/avr/bin/../lib/gcc/avr/5.4.0/../../../../avr/lib/avrxmega4/memx-const/mapped\libc.a(errno.o)
 .comment       0x000000000000005b       0x2d c:/program files/microchip/xc8/v3.10/avr/bin/../lib/gcc/avr/5.4.0/../../../../avr/lib/avrxmega4/memx-const/mapped\libc.a(exit.o)
 .comment       0x000000000000005b       0x2d c:/program files/microchip/xc8/v3.10/avr/bin/../lib/gcc/avr/5.4.0/../../../../avr/lib/avrxmega4/memx-const/mapped\libc.a(__sio_printf_doux.o)
 .comment       0x000000000000005b       0x2d c:/program files/microchip/xc8/v3.10/avr/bin/../lib/gcc/avr/5.4.0/../../../../avr/lib/avrxmega4/memx-const/mapped\libc.a(__fmt_d.o)
 .comment       0x000000000000005b       0x2d c:/program files/microchip/xc8/v3.10/avr/bin/../lib/gcc/avr/5.4.0/../../../../avr/lib/avrxmega4/memx-const/mapped\libc.a(__fmt_o.o)
 .comment       0x000000000000005b       0x2d c:/program files/microchip/xc8/v3.10/avr/bin/../lib/gcc/avr/5.4.0/../../../../avr/lib/avrxmega4/memx-const/mapped\libc.a(__fmt_s.o)
 .comment       0x000000000000005b       0x2d c:/program files/microchip/xc8/v3.10/avr/bin/../lib/gcc/avr/5.4.0/../../../../avr/lib/avrxmega4/memx-const/mapped\libc.a(__fmt_u.o)
 .comment       0x000000000000005b       0x2d c:/program files/microchip/xc8/v3.10/avr/bin/../lib/gcc/avr/5.4.0/../../../../avr/lib/avrxmega4/memx-const/mapped\libc.a(__fmt_x.o)
 .comment       0x000000000000005b       0x2d c:/program files/microchip/xc8/v3.10/avr/bin/../lib/gcc/avr/5.4.0/../../../../avr/lib/avrxmega4/memx-const/mapped\libc.a(__pop_int.o)
 .comment       0x000000000000005b       0x2d c:/program files/microchip/xc8/v3.10/avr/bin/../lib/gcc/avr/5.4.0/../../../../avr/lib/avrxmega4/memx-const/mapped\libc.a(__printf_core.o)
 .comment       0x000000000000005b       0x2d c:/program files/microchip/xc8/v3.10/avr/bin/../lib/gcc/avr/5.4.0/../../../../avr/lib/avrxmega4/memx-const/mapped\libc.a(fputc.o)
 .comment       0x000000000000005b       0x2d c:/program files/microchip/xc8/v3.10/avr/bin/../lib/gcc/avr/5.4.0/../../../../avr/lib/avrxmega4/memx-const/mapped\libc.a(stdout.o)
 .comment       0x000000000000005b       0x2d c:/program files/microchip/xc8/v3.10/avr/bin/../lib/gcc/avr/5.4.0/../../../../avr/lib/avrxmega4/memx-const/mapped\libc.a(strlen.o)
 .comment       0x000000000000005b       0x2d c:/program files/microchip/xc8/v3.10/avr/bin/../lib/gcc/avr/5.4.0/../../../../avr/lib/avrxmega4/memx-const/mapped\libc.a(tolower.o)
 .comment       0x000000000000005b       0x2d c:/program files/microchip/xc8/v3.10/avr/bin/../lib/gcc/avr/5.4.0/../../../../avr/lib/avrxmega4/memx-const/mapped\libc.a(toupper.o)
 .comment       0x000000000000005b       0x2d c:/program files/microchip/xc8/v3.10/avr/bin/../lib/gcc/avr/5.4.0/../../../../avr/lib/avrxmega4/memx-const/mapped\libc.a(_Exit.o)
 .comment       0x000000000000005b       0x2d c:/program files/microchip/xc8/v3.10/avr/bin/../lib/gcc/avr/5.4.0/../../../../avr/lib/avrxmega4/memx-const/mapped\libc.a(__int_vfprintf.o)

.stack.descriptors.hdr
                0x0000000000000000      0x230
 .stack.descriptors.hdr
                0x0000000000000000        0xe c:/program files/microchip/xc8/v3.10/avr/bin/../lib/gcc/avr/5.4.0/../../../../avr/lib/avrxmega4/memx-const/mapped\libm.a(addsf3.o)
 .stack.descriptors.hdr
                0x000000000000000e        0xe c:/program files/microchip/xc8/v3.10/avr/bin/../lib/gcc/avr/5.4.0/../../../../avr/lib/avrxmega4/memx-const/mapped\libm.a(addsf3x.o)
 .stack.descriptors.hdr
                0x000000000000001c        0xe c:/program files/microchip/xc8/v3.10/avr/bin/../lib/gcc/avr/5.4.0/../../../../avr/lib/avrxmega4/memx-const/mapped\libm.a(cmpsf2.o)
 .stack.descriptors.hdr
                0x000000000000002a        0xe c:/program files/microchip/xc8/v3.10/avr/bin/../lib/gcc/avr/5.4.0/../../../../avr/lib/avrxmega4/memx-const/mapped\libm.a(divsf3.o)
 .stack.descriptors.hdr
                0x0000000000000038        0xe c:/program files/microchip/xc8/v3.10/avr/bin/../lib/gcc/avr/5.4.0/../../../../avr/lib/avrxmega4/memx-const/mapped\libm.a(divsf3x.o)
 .stack.descriptors.hdr
                0x0000000000000046        0xe c:/program files/microchip/xc8/v3.10/avr/bin/../lib/gcc/avr/5.4.0/../../../../avr/lib/avrxmega4/memx-const/mapped\libm.a(fixsfsi.o)
 .stack.descriptors.hdr
                0x0000000000000054        0xe c:/program files/microchip/xc8/v3.10/avr/bin/../lib/gcc/avr/5.4.0/../../../../avr/lib/avrxmega4/memx-const/mapped\libm.a(fixunssfsi.o)
 .stack.descriptors.hdr
                0x0000000000000062        0xe c:/program files/microchip/xc8/v3.10/avr/bin/../lib/gcc/avr/5.4.0/../../../../avr/lib/avrxmega4/memx-const/mapped\libm.a(floatsisf.o)
 .stack.descriptors.hdr
                0x0000000000000070        0xe c:/program files/microchip/xc8/v3.10/avr/bin/../lib/gcc/avr/5.4.0/../../../../avr/lib/avrxmega4/memx-const/mapped\libm.a(fp_cmp.o)
 .stack.descriptors.hdr
                0x000000000000007e        0xe c:/program files/microchip/xc8/v3.10/avr/bin/../lib/gcc/avr/5.4.0/../../../../avr/lib/avrxmega4/memx-const/mapped\libm.a(fp_inf.o)
 .stack.descriptors.hdr
                0x000000000000008c        0xe c:/program files/microchip/xc8/v3.10/avr/bin/../lib/gcc/avr/5.4.0/../../../../avr/lib/avrxmega4/memx-const/mapped\libm.a(fp_nan.o)
 .stack.descriptors.hdr
                0x000000000000009a        0xe c:/program files/microchip/xc8/v3.10/avr/bin/../lib/gcc/avr/5.4.0/../../../../avr/lib/avrxmega4/memx-const/mapped\libm.a(fp_pscA.o)
 .stack.descriptors.hdr
                0x00000000000000a8        0xe c:/program files/microchip/xc8/v3.10/avr/bin/../lib/gcc/avr/5.4.0/../../../../avr/lib/avrxmega4/memx-const/mapped\libm.a(fp_pscB.o)
 .stack.descriptors.hdr
                0x00000000000000b6        0xe c:/program files/microchip/xc8/v3.10/avr/bin/../lib/gcc/avr/5.4.0/../../../../avr/lib/avrxmega4/memx-const/mapped\libm.a(fp_round.o)
 .stack.descriptors.hdr
                0x00000000000000c4        0xe c:/program files/microchip/xc8/v3.10/avr/bin/../lib/gcc/avr/5.4.0/../../../../avr/lib/avrxmega4/memx-const/mapped\libm.a(fp_split3.o)
 .stack.descriptors.hdr
                0x00000000000000d2        0xe c:/program files/microchip/xc8/v3.10/avr/bin/../lib/gcc/avr/5.4.0/../../../../avr/lib/avrxmega4/memx-const/mapped\libm.a(fp_zero.o)
 .stack.descriptors.hdr
                0x00000000000000e0        0xe c:/program files/microchip/xc8/v3.10/avr/bin/../lib/gcc/avr/5.4.0/../../../../avr/lib/avrxmega4/memx-const/mapped\libm.a(gesf2.o)
 .stack.descriptors.hdr
                0x00000000000000ee        0xe c:/program files/microchip/xc8/v3.10/avr/bin/../lib/gcc/avr/5.4.0/../../../../avr/lib/avrxmega4/memx-const/mapped\libm.a(mulsf3.o)
 .stack.descriptors.hdr
                0x00000000000000fc        0xe c:/program files/microchip/xc8/v3.10/avr/bin/../lib/gcc/avr/5.4.0/../../../../avr/lib/avrxmega4/memx-const/mapped\libm.a(mulsf3x.o)
 .stack.descriptors.hdr
                0x000000000000010a        0xe c:/program files/microchip/xc8/v3.10/avr/bin/../lib/gcc/avr/5.4.0/../../../../avr/lib/avrxmega4/memx-const/mapped\libm.a(logf.o)
 .stack.descriptors.hdr
                0x0000000000000118        0xe c:/program files/microchip/xc8/v3.10/avr/bin/../lib/gcc/avr/5.4.0/avrxmega4/memx-const/mapped\libgcc.a(_tablejump2.o)
 .stack.descriptors.hdr
                0x0000000000000126        0xe c:/program files/microchip/xc8/v3.10/avr/bin/../lib/gcc/avr/5.4.0/../../../../avr/lib/avrxmega4/memx-const/mapped\libc.a(errno.o)
 .stack.descriptors.hdr
                0x0000000000000134        0xe c:/program files/microchip/xc8/v3.10/avr/bin/../lib/gcc/avr/5.4.0/../../../../avr/lib/avrxmega4/memx-const/mapped\libc.a(exit.o)
 .stack.descriptors.hdr
                0x0000000000000142        0xe c:/program files/microchip/xc8/v3.10/avr/bin/../lib/gcc/avr/5.4.0/../../../../avr/lib/avrxmega4/memx-const/mapped\libc.a(__sio_printf_doux.o)
 .stack.descriptors.hdr
                0x0000000000000150        0xe c:/program files/microchip/xc8/v3.10/avr/bin/../lib/gcc/avr/5.4.0/../../../../avr/lib/avrxmega4/memx-const/mapped\libc.a(__fmt_d.o)
 .stack.descriptors.hdr
                0x000000000000015e        0xe c:/program files/microchip/xc8/v3.10/avr/bin/../lib/gcc/avr/5.4.0/../../../../avr/lib/avrxmega4/memx-const/mapped\libc.a(__fmt_o.o)
 .stack.descriptors.hdr
                0x000000000000016c        0xe c:/program files/microchip/xc8/v3.10/avr/bin/../lib/gcc/avr/5.4.0/../../../../avr/lib/avrxmega4/memx-const/mapped\libc.a(__fmt_s.o)
 .stack.descriptors.hdr
                0x000000000000017a        0xe c:/program files/microchip/xc8/v3.10/avr/bin/../lib/gcc/avr/5.4.0/../../../../avr/lib/avrxmega4/memx-const/mapped\libc.a(__fmt_u.o)
 .stack.descriptors.hdr
                0x0000000000000188        0xe c:/program files/microchip/xc8/v3.10/avr/bin/../lib/gcc/avr/5.4.0/../../../../avr/lib/avrxmega4/memx-const/mapped\libc.a(__fmt_x.o)
 .stack.descriptors.hdr
                0x0000000000000196        0xe c:/program files/microchip/xc8/v3.10/avr/bin/../lib/gcc/avr/5.4.0/../../../../avr/lib/avrxmega4/memx-const/mapped\libc.a(__pop_int.o)
 .stack.descriptors.hdr
                0x00000000000001a4        0xe c:/program files/microchip/xc8/v3.10/avr/bin/../lib/gcc/avr/5.4.0/../../../../avr/lib/avrxmega4/memx-const/mapped\libc.a(__printf_core.o)
 .stack.descriptors.hdr
                0x00000000000001b2        0xe c:/program files/microchip/xc8/v3.10/avr/bin/../lib/gcc/avr/5.4.0/../../../../avr/lib/avrxmega4/memx-const/mapped\libc.a(fputc.o)
 .stack.descriptors.hdr
                0x00000000000001c0        0xe c:/program files/microchip/xc8/v3.10/avr/bin/../lib/gcc/avr/5.4.0/../../../../avr/lib/avrxmega4/memx-const/mapped\libc.a(stdout.o)
 .stack.descriptors.hdr
                0x00000000000001ce        0xe c:/program files/microchip/xc8/v3.10/avr/bin/../lib/gcc/avr/5.4.0/../../../../avr/lib/avrxmega4/memx-const/mapped\libc.a(strlen.o)
 .stack.descriptors.hdr
                0x00000000000001dc        0xe c:/program files/microchip/xc8/v3.10/avr/bin/../lib/gcc/avr/5.4.0/../../../../avr/lib/avrxmega4/memx-const/mapped\libc.a(tolower.o)
 .stack.descriptors.hdr
                0x00000000000001ea        0xe c:/program files/microchip/xc8/v3.10/avr/bin/../lib/gcc/avr/5.4.0/../../../../avr/lib/avrxmega4/memx-const/mapped\libc.a(toupper.o)
 .stack.descriptors.hdr
                0x00000000000001f8        0xe c:/program files/microchip/xc8/v3.10/avr/bin/../lib/gcc/avr/5.4.0/../../../../avr/lib/avrxmega4/memx-const/mapped\libc.a(_Exit.o)
 .stack.descriptors.hdr
                0x0000000000000206        0xe c:/program files/microchip/xc8/v3.10/avr/bin/../lib/gcc/avr/5.4.0/../../../../avr/lib/avrxmega4/memx-const/mapped\libc.a(__int_vfprintf.o)
 .stack.descriptors.hdr
                0x0000000000000214        0xe c:/program files/microchip/xc8/v3.10/avr/bin/../lib/gcc/avr/5.4.0/avrxmega4/memx-const/mapped\libgcc.a(_udivmodsi4.o)
 .stack.descriptors.hdr
                0x0000000000000222        0xe c:/program files/microchip/xc8/v3.10/avr/bin/../lib/gcc/avr/5.4.0/avrxmega4/memx-const/mapped\libgcc.a(_exit.o)

.note.GNU-stack
                0x0000000000000000        0x0
 .note.GNU-stack
                0x0000000000000000        0x0 c:/program files/microchip/xc8/v3.10/avr/bin/../lib/gcc/avr/5.4.0/../../../../avr/lib/avrxmega4/memx-const/mapped\libm.a(addsf3.o)
 .note.GNU-stack
                0x0000000000000000        0x0 c:/program files/microchip/xc8/v3.10/avr/bin/../lib/gcc/avr/5.4.0/../../../../avr/lib/avrxmega4/memx-const/mapped\libm.a(addsf3x.o)
 .note.GNU-stack
                0x0000000000000000        0x0 c:/program files/microchip/xc8/v3.10/avr/bin/../lib/gcc/avr/5.4.0/../../../../avr/lib/avrxmega4/memx-const/mapped\libm.a(cmpsf2.o)
 .note.GNU-stack
                0x0000000000000000        0x0 c:/program files/microchip/xc8/v3.10/avr/bin/../lib/gcc/avr/5.4.0/../../../../avr/lib/avrxmega4/memx-const/mapped\libm.a(divsf3.o)
 .note.GNU-stack
                0x0000000000000000        0x0 c:/program files/microchip/xc8/v3.10/avr/bin/../lib/gcc/avr/5.4.0/../../../../avr/lib/avrxmega4/memx-const/mapped\libm.a(divsf3x.o)
 .note.GNU-stack
                0x0000000000000000        0x0 c:/program files/microchip/xc8/v3.10/avr/bin/../lib/gcc/avr/5.4.0/../../../../avr/lib/avrxmega4/memx-const/mapped\libm.a(fixsfsi.o)
 .note.GNU-stack
                0x0000000000000000        0x0 c:/program files/microchip/xc8/v3.10/avr/bin/../lib/gcc/avr/5.4.0/../../../../avr/lib/avrxmega4/memx-const/mapped\libm.a(fixunssfsi.o)
 .note.GNU-stack
                0x0000000000000000        0x0 c:/program files/microchip/xc8/v3.10/avr/bin/../lib/gcc/avr/5.4.0/../../../../avr/lib/avrxmega4/memx-const/mapped\libm.a(floatsisf.o)
 .note.GNU-stack
                0x0000000000000000        0x0 c:/program files/microchip/xc8/v3.10/avr/bin/../lib/gcc/avr/5.4.0/../../../../avr/lib/avrxmega4/memx-const/mapped\libm.a(fp_cmp.o)
 .note.GNU-stack
                0x0000000000000000        0x0 c:/program files/microchip/xc8/v3.10/avr/bin/../lib/gcc/avr/5.4.0/../../../../avr/lib/avrxmega4/memx-const/mapped\libm.a(fp_inf.o)
 .note.GNU-stack
                0x0000000000000000        0x0 c:/program files/microchip/xc8/v3.10/avr/bin/../lib/gcc/avr/5.4.0/../../../../avr/lib/avrxmega4/memx-const/mapped\libm.a(fp_nan.o)
 .note.GNU-stack
                0x0000000000000000        0x0 c:/program files/microchip/xc8/v3.10/avr/bin/../lib/gcc/avr/5.4.0/../../../../avr/lib/avrxmega4/memx-const/mapped\libm.a(fp_pscA.o)
 .note.GNU-stack
                0x0000000000000000        0x0 c:/program files/microchip/xc8/v3.10/avr/bin/../lib/gcc/avr/5.4.0/../../../../avr/lib/avrxmega4/memx-const/mapped\libm.a(fp_pscB.o)
 .note.GNU-stack
                0x0000000000000000        0x0 c:/program files/microchip/xc8/v3.10/avr/bin/../lib/gcc/avr/5.4.0/../../../../avr/lib/avrxmega4/memx-const/mapped\libm.a(fp_round.o)
 .note.GNU-stack
                0x0000000000000000        0x0 c:/program files/microchip/xc8/v3.10/avr/bin/../lib/gcc/avr/5.4.0/../../../../avr/lib/avrxmega4/memx-const/mapped\libm.a(fp_split3.o)
 .note.GNU-stack
                0x0000000000000000        0x0 c:/program files/microchip/xc8/v3.10/avr/bin/../lib/gcc/avr/5.4.0/../../../../avr/lib/avrxmega4/memx-const/mapped\libm.a(fp_zero.o)
 .note.GNU-stack
                0x0000000000000000        0x0 c:/program files/microchip/xc8/v3.10/avr/bin/../lib/gcc/avr/5.4.0/../../../../avr/lib/avrxmega4/memx-const/mapped\libm.a(gesf2.o)
 .note.GNU-stack
                0x0000000000000000        0x0 c:/program files/microchip/xc8/v3.10/avr/bin/../lib/gcc/avr/5.4.0/../../../../avr/lib/avrxmega4/memx-const/mapped\libm.a(mulsf3.o)
 .note.GNU-stack
                0x0000000000000000        0x0 c:/program files/microchip/xc8/v3.10/avr/bin/../lib/gcc/avr/5.4.0/../../../../avr/lib/avrxmega4/memx-const/mapped\libm.a(mulsf3x.o)
 .note.GNU-stack
                0x0000000000000000        0x0 c:/program files/microchip/xc8/v3.10/avr/bin/../lib/gcc/avr/5.4.0/../../../../avr/lib/avrxmega4/memx-const/mapped\libm.a(logf.o)
 .note.GNU-stack
                0x0000000000000000        0x0 c:/program files/microchip/xc8/v3.10/avr/bin/../lib/gcc/avr/5.4.0/../../../../avr/lib/avrxmega4/memx-const/mapped\libc.a(errno.o)
 .note.GNU-stack
                0x0000000000000000        0x0 c:/program files/microchip/xc8/v3.10/avr/bin/../lib/gcc/avr/5.4.0/../../../../avr/lib/avrxmega4/memx-const/mapped\libc.a(exit.o)
 .note.GNU-stack
                0x0000000000000000        0x0 c:/program files/microchip/xc8/v3.10/avr/bin/../lib/gcc/avr/5.4.0/../../../../avr/lib/avrxmega4/memx-const/mapped\libc.a(__sio_printf_doux.o)
 .note.GNU-stack
                0x0000000000000000        0x0 c:/program files/microchip/xc8/v3.10/avr/bin/../lib/gcc/avr/5.4.0/../../../../avr/lib/avrxmega4/memx-const/mapped\libc.a(__fmt_d.o)
 .note.GNU-stack
                0x0000000000000000        0x0 c:/program files/microchip/xc8/v3.10/avr/bin/../lib/gcc/avr/5.4.0/../../../../avr/lib/avrxmega4/memx-const/mapped\libc.a(__fmt_o.o)
 .note.GNU-stack
                0x0000000000000000        0x0 c:/program files/microchip/xc8/v3.10/avr/bin/../lib/gcc/avr/5.4.0/../../../../avr/lib/avrxmega4/memx-const/mapped\libc.a(__fmt_s.o)
 .note.GNU-stack
                0x0000000000000000        0x0 c:/program files/microchip/xc8/v3.10/avr/bin/../lib/gcc/avr/5.4.0/../../../../avr/lib/avrxmega4/memx-const/mapped\libc.a(__fmt_u.o)
 .note.GNU-stack
                0x0000000000000000        0x0 c:/program files/microchip/xc8/v3.10/avr/bin/../lib/gcc/avr/5.4.0/../../../../avr/lib/avrxmega4/memx-const/mapped\libc.a(__fmt_x.o)
 .note.GNU-stack
                0x0000000000000000        0x0 c:/program files/microchip/xc8/v3.10/avr/bin/../lib/gcc/avr/5.4.0/../../../../avr/lib/avrxmega4/memx-const/mapped\libc.a(__pop_int.o)
 .note.GNU-stack
                0x0000000000000000        0x0 c:/program files/microchip/xc8/v3.10/avr/bin/../lib/gcc/avr/5.4.0/../../../../avr/lib/avrxmega4/memx-const/mapped\libc.a(__printf_core.o)
 .note.GNU-stack
                0x0000000000000000        0x0 c:/program files/microchip/xc8/v3.10/avr/bin/../lib/gcc/avr/5.4.0/../../../../avr/lib/avrxmega4/memx-const/mapped\libc.a(fputc.o)
 .note.GNU-stack
                0x0000000000000000        0x0 c:/program files/microchip/xc8/v3.10/avr/bin/../lib/gcc/avr/5.4.0/../../../../avr/lib/avrxmega4/memx-const/mapped\libc.a(stdout.o)
 .note.GNU-stack
                0x0000000000000000        0x0 c:/program files/microchip/xc8/v3.10/avr/bin/../lib/gcc/avr/5.4.0/../../../../avr/lib/avrxmega4/memx-const/mapped\libc.a(strlen.o)
 .note.GNU-stack
                0x0000000000000000        0x0 c:/program files/microchip/xc8/v3.10/avr/bin/../lib/gcc/avr/5.4.0/../../../../avr/lib/avrxmega4/memx-const/mapped\libc.a(tolower.o)
 .note.GNU-stack
                0x0000000000000000        0x0 c:/program files/microchip/xc8/v3.10/avr/bin/../lib/gcc/avr/5.4.0/../../../../avr/lib/avrxmega4/memx-const/mapped\libc.a(toupper.o)
 .note.GNU-stack
                0x0000000000000000        0x0 c:/program files/microchip/xc8/v3.10/avr/bin/../lib/gcc/avr/5.4.0/../../../../avr/lib/avrxmega4/memx-const/mapped\libc.a(_Exit.o)
 .note.GNU-stack
                0x0000000000000000        0x0 c:/program files/microchip/xc8/v3.10/avr/bin/../lib/gcc/avr/5.4.0/../../../../avr/lib/avrxmega4/memx-const/mapped\libc.a(__int_vfprintf.o)

.note.gnu.build-id
 *(.note.gnu.build-id)

.debug
 *(.debug)

.line
 *(.line)

.debug_srcinfo
 *(.debug_srcinfo)

.debug_sfnames
 *(.debug_sfnames)

.debug_aranges  0x0000000000000000      0xac8
 *(.debug_aranges)
 .debug_aranges
                0x0000000000000000       0x98 build/default/debug/mcc_generated_files/spi/src/spi0.o
 .debug_aranges
                0x0000000000000098      0x180 build/default/debug/mcc_generated_files/system/src/pins.o
 .debug_aranges
                0x0000000000000218       0x20 build/default/debug/mcc_generated_files/system/src/protected_io.o
 .debug_aranges
                0x0000000000000238       0x20 build/default/debug/mcc_generated_files/system/src/interrupt.o
 .debug_aranges
                0x0000000000000258       0x20 build/default/debug/mcc_generated_files/system/src/system.o
 .debug_aranges
                0x0000000000000278       0x18 build/default/debug/mcc_generated_files/system/src/config_bits.o
 .debug_aranges
                0x0000000000000290       0x30 build/default/debug/mcc_generated_files/system/src/clock.o
 .debug_aranges
                0x00000000000002c0       0xb8 build/default/debug/mcc_generated_files/timer/src/tcb0.o
 .debug_aranges
                0x0000000000000378       0xc8 build/default/debug/mcc_generated_files/timer/src/rtc.o
 .debug_aranges
                0x0000000000000440       0xe0 build/default/debug/mcc_generated_files/uart/src/usart2.o
 .debug_aranges
                0x0000000000000520      0x130 build/default/debug/mcc_generated_files/uart/src/usart1.o
 .debug_aranges
                0x0000000000000650       0x40 build/default/debug/main.o
 .debug_aranges
                0x0000000000000690       0x70 build/default/debug/functions/modbus.o
 .debug_aranges
                0x0000000000000700       0xa0 build/default/debug/functions/temp_sensors.o
 .debug_aranges
                0x00000000000007a0       0x30 build/default/debug/functions/system_registers.o
 .debug_aranges
                0x00000000000007d0       0x80 build/default/debug/DS.o
 .debug_aranges
                0x0000000000000850       0xb8 build/default/debug/mcc_generated_files/timer/src/tcb2.o
 .debug_aranges
                0x0000000000000908      0x108 build/default/debug/mcc_generated_files/timer/src/tca0.o
 .debug_aranges
                0x0000000000000a10       0xb8 build/default/debug/mcc_generated_files/timer/src/tcb1.o

.debug_pubnames
 *(.debug_pubnames)

.debug_info     0x0000000000000000     0xfff3
 *(.debug_info .gnu.linkonce.wi.*)
 .debug_info    0x0000000000000000     0x2848 C:/Program Files/Microchip/MPLABX/v6.25/packs/Microchip/AVR-Dx_DFP/2.7.321/xc8/avr/lib/avrxmega4/memx-const/mapped/crtavr128db32.o
 .debug_info    0x0000000000002848      0xc17 build/default/debug/mcc_generated_files/spi/src/spi0.o
 .debug_info    0x000000000000345f     0x14f0 build/default/debug/mcc_generated_files/system/src/pins.o
 .debug_info    0x000000000000494f       0xb2 build/default/debug/mcc_generated_files/system/src/protected_io.o
 .debug_info    0x0000000000004a01      0x43a build/default/debug/mcc_generated_files/system/src/interrupt.o
 .debug_info    0x0000000000004e3b      0x3ee build/default/debug/mcc_generated_files/system/src/system.o
 .debug_info    0x0000000000005229      0x8e6 build/default/debug/mcc_generated_files/system/src/config_bits.o
 .debug_info    0x0000000000005b0f      0xf42 build/default/debug/mcc_generated_files/system/src/clock.o
 .debug_info    0x0000000000006a51      0x9ba build/default/debug/mcc_generated_files/timer/src/tcb0.o
 .debug_info    0x000000000000740b      0x981 build/default/debug/mcc_generated_files/timer/src/rtc.o
 .debug_info    0x0000000000007d8c      0xf72 build/default/debug/mcc_generated_files/uart/src/usart2.o
 .debug_info    0x0000000000008cfe     0x1347 build/default/debug/mcc_generated_files/uart/src/usart1.o
 .debug_info    0x000000000000a045      0x921 build/default/debug/main.o
 .debug_info    0x000000000000a966      0xa63 build/default/debug/functions/modbus.o
 .debug_info    0x000000000000b3c9     0x1042 build/default/debug/functions/temp_sensors.o
 .debug_info    0x000000000000c40b      0x379 build/default/debug/functions/system_registers.o
 .debug_info    0x000000000000c784     0x10bd build/default/debug/DS.o
 .debug_info    0x000000000000d841      0x9ba build/default/debug/mcc_generated_files/timer/src/tcb2.o
 .debug_info    0x000000000000e1fb     0x143e build/default/debug/mcc_generated_files/timer/src/tca0.o
 .debug_info    0x000000000000f639      0x9ba build/default/debug/mcc_generated_files/timer/src/tcb1.o

.debug_abbrev   0x0000000000000000     0x460e
 *(.debug_abbrev)
 .debug_abbrev  0x0000000000000000     0x2626 C:/Program Files/Microchip/MPLABX/v6.25/packs/Microchip/AVR-Dx_DFP/2.7.321/xc8/avr/lib/avrxmega4/memx-const/mapped/crtavr128db32.o
 .debug_abbrev  0x0000000000002626      0x256 build/default/debug/mcc_generated_files/spi/src/spi0.o
 .debug_abbrev  0x000000000000287c      0x176 build/default/debug/mcc_generated_files/system/src/pins.o
 .debug_abbrev  0x00000000000029f2       0x14 build/default/debug/mcc_generated_files/system/src/protected_io.o
 .debug_abbrev  0x0000000000002a06       0xfa build/default/debug/mcc_generated_files/system/src/interrupt.o
 .debug_abbrev  0x0000000000002b00       0x6a build/default/debug/mcc_generated_files/system/src/system.o
 .debug_abbrev  0x0000000000002b6a       0x97 build/default/debug/mcc_generated_files/system/src/config_bits.o
 .debug_abbrev  0x0000000000002c01      0x135 build/default/debug/mcc_generated_files/system/src/clock.o
 .debug_abbrev  0x0000000000002d36      0x1ba build/default/debug/mcc_generated_files/timer/src/tcb0.o
 .debug_abbrev  0x0000000000002ef0      0x14c build/default/debug/mcc_generated_files/timer/src/rtc.o
 .debug_abbrev  0x000000000000303c      0x2c2 build/default/debug/mcc_generated_files/uart/src/usart2.o
 .debug_abbrev  0x00000000000032fe      0x2ab build/default/debug/mcc_generated_files/uart/src/usart1.o
 .debug_abbrev  0x00000000000035a9      0x16a build/default/debug/main.o
 .debug_abbrev  0x0000000000003713      0x2a7 build/default/debug/functions/modbus.o
 .debug_abbrev  0x00000000000039ba      0x366 build/default/debug/functions/temp_sensors.o
 .debug_abbrev  0x0000000000003d20       0x99 build/default/debug/functions/system_registers.o
 .debug_abbrev  0x0000000000003db9      0x30f build/default/debug/DS.o
 .debug_abbrev  0x00000000000040c8      0x1ba build/default/debug/mcc_generated_files/timer/src/tcb2.o
 .debug_abbrev  0x0000000000004282      0x1d2 build/default/debug/mcc_generated_files/timer/src/tca0.o
 .debug_abbrev  0x0000000000004454      0x1ba build/default/debug/mcc_generated_files/timer/src/tcb1.o

.debug_line     0x0000000000000000     0x4b0b
 *(.debug_line .debug_line.* .debug_line_end)
 .debug_line    0x0000000000000000      0x1da C:/Program Files/Microchip/MPLABX/v6.25/packs/Microchip/AVR-Dx_DFP/2.7.321/xc8/avr/lib/avrxmega4/memx-const/mapped/crtavr128db32.o
 .debug_line    0x00000000000001da      0x4b4 build/default/debug/mcc_generated_files/spi/src/spi0.o
 .debug_line    0x000000000000068e      0x73a build/default/debug/mcc_generated_files/system/src/pins.o
 .debug_line    0x0000000000000dc8       0x73 build/default/debug/mcc_generated_files/system/src/protected_io.o
 .debug_line    0x0000000000000e3b      0x19c build/default/debug/mcc_generated_files/system/src/interrupt.o
 .debug_line    0x0000000000000fd7      0x1b8 build/default/debug/mcc_generated_files/system/src/system.o
 .debug_line    0x000000000000118f      0x103 build/default/debug/mcc_generated_files/system/src/config_bits.o
 .debug_line    0x0000000000001292      0x1ce build/default/debug/mcc_generated_files/system/src/clock.o
 .debug_line    0x0000000000001460      0x37a build/default/debug/mcc_generated_files/timer/src/tcb0.o
 .debug_line    0x00000000000017da      0x3ed build/default/debug/mcc_generated_files/timer/src/rtc.o
 .debug_line    0x0000000000001bc7      0x533 build/default/debug/mcc_generated_files/uart/src/usart2.o
 .debug_line    0x00000000000020fa      0x707 build/default/debug/mcc_generated_files/uart/src/usart1.o
 .debug_line    0x0000000000002801      0x374 build/default/debug/main.o
 .debug_line    0x0000000000002b75      0x57b build/default/debug/functions/modbus.o
 .debug_line    0x00000000000030f0      0x7e1 build/default/debug/functions/temp_sensors.o
 .debug_line    0x00000000000038d1       0xc2 build/default/debug/functions/system_registers.o
 .debug_line    0x0000000000003993      0x545 build/default/debug/DS.o
 .debug_line    0x0000000000003ed8      0x37a build/default/debug/mcc_generated_files/timer/src/tcb2.o
 .debug_line    0x0000000000004252      0x53f build/default/debug/mcc_generated_files/timer/src/tca0.o
 .debug_line    0x0000000000004791      0x37a build/default/debug/mcc_generated_files/timer/src/tcb1.o

.debug_frame    0x0000000000000000     0x1a84
 *(.debug_frame)
 .debug_frame   0x0000000000000000      0x16c build/default/debug/mcc_generated_files/spi/src/spi0.o
 .debug_frame   0x000000000000016c      0x410 build/default/debug/mcc_generated_files/system/src/pins.o
 .debug_frame   0x000000000000057c       0x24 build/default/debug/mcc_generated_files/system/src/interrupt.o
 .debug_frame   0x00000000000005a0       0x24 build/default/debug/mcc_generated_files/system/src/system.o
 .debug_frame   0x00000000000005c4       0x44 build/default/debug/mcc_generated_files/system/src/clock.o
 .debug_frame   0x0000000000000608      0x1a8 build/default/debug/mcc_generated_files/timer/src/tcb0.o
 .debug_frame   0x00000000000007b0      0x204 build/default/debug/mcc_generated_files/timer/src/rtc.o
 .debug_frame   0x00000000000009b4      0x1ac build/default/debug/mcc_generated_files/uart/src/usart2.o
 .debug_frame   0x0000000000000b60      0x334 build/default/debug/mcc_generated_files/uart/src/usart1.o
 .debug_frame   0x0000000000000e94       0xb8 build/default/debug/main.o
 .debug_frame   0x0000000000000f4c      0x1ac build/default/debug/functions/modbus.o
 .debug_frame   0x00000000000010f8      0x2b0 build/default/debug/functions/temp_sensors.o
 .debug_frame   0x00000000000013a8       0x44 build/default/debug/functions/system_registers.o
 .debug_frame   0x00000000000013ec      0x154 build/default/debug/DS.o
 .debug_frame   0x0000000000001540      0x1a8 build/default/debug/mcc_generated_files/timer/src/tcb2.o
 .debug_frame   0x00000000000016e8      0x1f4 build/default/debug/mcc_generated_files/timer/src/tca0.o
 .debug_frame   0x00000000000018dc      0x1a8 build/default/debug/mcc_generated_files/timer/src/tcb1.o

.debug_str      0x0000000000000000     0x160d
 *(.debug_str)
 .debug_str     0x0000000000000000     0x1189 C:/Program Files/Microchip/MPLABX/v6.25/packs/Microchip/AVR-Dx_DFP/2.7.321/xc8/avr/lib/avrxmega4/memx-const/mapped/crtavr128db32.o
 .debug_str     0x0000000000001189       0x34 build/default/debug/mcc_generated_files/spi/src/spi0.o
 .debug_str     0x00000000000011bd       0x30 build/default/debug/mcc_generated_files/system/src/pins.o
 .debug_str     0x00000000000011ed       0x13 build/default/debug/mcc_generated_files/system/src/interrupt.o
 .debug_str     0x0000000000001200       0xbd build/default/debug/mcc_generated_files/system/src/system.o
 .debug_str     0x00000000000012bd        0x0 build/default/debug/mcc_generated_files/system/src/config_bits.o
 .debug_str     0x00000000000012bd       0x13 build/default/debug/mcc_generated_files/system/src/clock.o
 .debug_str     0x00000000000012d0       0x10 build/default/debug/mcc_generated_files/timer/src/tcb0.o
 .debug_str     0x00000000000012e0        0x9 build/default/debug/mcc_generated_files/timer/src/rtc.o
 .debug_str     0x00000000000012e9       0x10 build/default/debug/mcc_generated_files/uart/src/usart2.o
 .debug_str     0x00000000000012f9       0x10 build/default/debug/mcc_generated_files/uart/src/usart1.o
 .debug_str     0x0000000000001309       0xf6 build/default/debug/main.o
 .debug_str     0x00000000000013ff       0xe8 build/default/debug/functions/modbus.o
 .debug_str     0x00000000000014e7       0x48 build/default/debug/functions/temp_sensors.o
 .debug_str     0x000000000000152f        0x0 build/default/debug/functions/system_registers.o
 .debug_str     0x000000000000152f       0x4c build/default/debug/DS.o
 .debug_str     0x000000000000157b       0x10 build/default/debug/mcc_generated_files/timer/src/tcb2.o
 .debug_str     0x000000000000158b       0x72 build/default/debug/mcc_generated_files/timer/src/tca0.o
 .debug_str     0x00000000000015fd       0x10 build/default/debug/mcc_generated_files/timer/src/tcb1.o

.debug_loc      0x0000000000000000     0x1a08
 *(.debug_loc)
 .debug_loc     0x0000000000000000      0x2e9 build/default/debug/mcc_generated_files/spi/src/spi0.o
 .debug_loc     0x00000000000002e9       0x2a build/default/debug/mcc_generated_files/system/src/interrupt.o
 .debug_loc     0x0000000000000313      0x21c build/default/debug/mcc_generated_files/system/src/clock.o
 .debug_loc     0x000000000000052f       0xbd build/default/debug/mcc_generated_files/uart/src/usart2.o
 .debug_loc     0x00000000000005ec      0x168 build/default/debug/mcc_generated_files/uart/src/usart1.o
 .debug_loc     0x0000000000000754       0x67 build/default/debug/main.o
 .debug_loc     0x00000000000007bb      0x2b6 build/default/debug/functions/modbus.o
 .debug_loc     0x0000000000000a71      0x89a build/default/debug/functions/temp_sensors.o
 .debug_loc     0x000000000000130b       0x5a build/default/debug/functions/system_registers.o
 .debug_loc     0x0000000000001365      0x66f build/default/debug/DS.o
 .debug_loc     0x00000000000019d4       0x34 build/default/debug/mcc_generated_files/timer/src/tca0.o

.debug_macinfo
 *(.debug_macinfo)

.debug_weaknames
 *(.debug_weaknames)

.debug_funcnames
 *(.debug_funcnames)

.debug_typenames
 *(.debug_typenames)

.debug_varnames
 *(.debug_varnames)

.debug_pubtypes
 *(.debug_pubtypes)

.debug_ranges   0x0000000000000000      0x9f8
 *(.debug_ranges)
 .debug_ranges  0x0000000000000000       0x88 build/default/debug/mcc_generated_files/spi/src/spi0.o
 .debug_ranges  0x0000000000000088      0x170 build/default/debug/mcc_generated_files/system/src/pins.o
 .debug_ranges  0x00000000000001f8       0x10 build/default/debug/mcc_generated_files/system/src/interrupt.o
 .debug_ranges  0x0000000000000208       0x10 build/default/debug/mcc_generated_files/system/src/system.o
 .debug_ranges  0x0000000000000218       0x20 build/default/debug/mcc_generated_files/system/src/clock.o
 .debug_ranges  0x0000000000000238       0xa8 build/default/debug/mcc_generated_files/timer/src/tcb0.o
 .debug_ranges  0x00000000000002e0       0xb8 build/default/debug/mcc_generated_files/timer/src/rtc.o
 .debug_ranges  0x0000000000000398       0xd0 build/default/debug/mcc_generated_files/uart/src/usart2.o
 .debug_ranges  0x0000000000000468      0x120 build/default/debug/mcc_generated_files/uart/src/usart1.o
 .debug_ranges  0x0000000000000588       0x30 build/default/debug/main.o
 .debug_ranges  0x00000000000005b8       0x78 build/default/debug/functions/modbus.o
 .debug_ranges  0x0000000000000630       0xc0 build/default/debug/functions/temp_sensors.o
 .debug_ranges  0x00000000000006f0       0x20 build/default/debug/functions/system_registers.o
 .debug_ranges  0x0000000000000710       0xa0 build/default/debug/DS.o
 .debug_ranges  0x00000000000007b0       0xa8 build/default/debug/mcc_generated_files/timer/src/tcb2.o
 .debug_ranges  0x0000000000000858       0xf8 build/default/debug/mcc_generated_files/timer/src/tca0.o
 .debug_ranges  0x0000000000000950       0xa8 build/default/debug/mcc_generated_files/timer/src/tcb1.o

.debug_macro
 *(.debug_macro)
OUTPUT(dist/default/debug/Sensor_Controller.X.debug.elf elf32-avr)
LOAD linker stubs
LOAD data_init

.note.gnu.avr.deviceinfo
                0x0000000000000000       0x40
 .note.gnu.avr.deviceinfo
                0x0000000000000000       0x40 C:/Program Files/Microchip/MPLABX/v6.25/packs/Microchip/AVR-Dx_DFP/2.7.321/xc8/avr/lib/avrxmega4/memx-const/mapped/crtavr128db32.o

.bss.spi0_descriptor
                0x0000000000804545        0x8
 .bss.spi0_descriptor
                0x0000000000804545        0x8 build/default/debug/mcc_generated_files/spi/src/spi0.o

.bss.SPI0_RxCompleteCallback
                0x000000000080456a        0x2
 .bss.SPI0_RxCompleteCallback
                0x000000000080456a        0x2 build/default/debug/mcc_generated_files/spi/src/spi0.o

.bss.IO_PF5_InterruptHandler
                0x000000000080456c        0x2
 .bss.IO_PF5_InterruptHandler
                0x000000000080456c        0x2 build/default/debug/mcc_generated_files/system/src/pins.o

.bss.IO_PF4_InterruptHandler
                0x000000000080456e        0x2
 .bss.IO_PF4_InterruptHandler
                0x000000000080456e        0x2 build/default/debug/mcc_generated_files/system/src/pins.o

.bss.IO_PD7_InterruptHandler
                0x0000000000804570        0x2
 .bss.IO_PD7_InterruptHandler
                0x0000000000804570        0x2 build/default/debug/mcc_generated_files/system/src/pins.o

.bss.IO_PD6_InterruptHandler
                0x0000000000804572        0x2
 .bss.IO_PD6_InterruptHandler
                0x0000000000804572        0x2 build/default/debug/mcc_generated_files/system/src/pins.o

.bss.IO_PD5_InterruptHandler
                0x0000000000804574        0x2
 .bss.IO_PD5_InterruptHandler
                0x0000000000804574        0x2 build/default/debug/mcc_generated_files/system/src/pins.o

.bss.IO_PD4_InterruptHandler
                0x0000000000804576        0x2
 .bss.IO_PD4_InterruptHandler
                0x0000000000804576        0x2 build/default/debug/mcc_generated_files/system/src/pins.o

.bss.IO_PD3_InterruptHandler
                0x0000000000804578        0x2
 .bss.IO_PD3_InterruptHandler
                0x0000000000804578        0x2 build/default/debug/mcc_generated_files/system/src/pins.o

.bss.IO_PD2_InterruptHandler
                0x000000000080457a        0x2
 .bss.IO_PD2_InterruptHandler
                0x000000000080457a        0x2 build/default/debug/mcc_generated_files/system/src/pins.o

.bss.IO_PD1_InterruptHandler
                0x000000000080457c        0x2
 .bss.IO_PD1_InterruptHandler
                0x000000000080457c        0x2 build/default/debug/mcc_generated_files/system/src/pins.o

.bss.IO_PC3_InterruptHandler
                0x000000000080457e        0x2
 .bss.IO_PC3_InterruptHandler
                0x000000000080457e        0x2 build/default/debug/mcc_generated_files/system/src/pins.o

.bss.IO_PC2_InterruptHandler
                0x0000000000804580        0x2
 .bss.IO_PC2_InterruptHandler
                0x0000000000804580        0x2 build/default/debug/mcc_generated_files/system/src/pins.o

.bss.IO_PA6_InterruptHandler
                0x0000000000804582        0x2
 .bss.IO_PA6_InterruptHandler
                0x0000000000804582        0x2 build/default/debug/mcc_generated_files/system/src/pins.o

.bss.IO_PA7_InterruptHandler
                0x0000000000804584        0x2
 .bss.IO_PA7_InterruptHandler
                0x0000000000804584        0x2 build/default/debug/mcc_generated_files/system/src/pins.o

.bss.IO_PA5_InterruptHandler
                0x0000000000804586        0x2
 .bss.IO_PA5_InterruptHandler
                0x0000000000804586        0x2 build/default/debug/mcc_generated_files/system/src/pins.o

.bss.IO_PA3_InterruptHandler
                0x0000000000804588        0x2
 .bss.IO_PA3_InterruptHandler
                0x0000000000804588        0x2 build/default/debug/mcc_generated_files/system/src/pins.o

.bss.IO_PA2_InterruptHandler
                0x000000000080458a        0x2
 .bss.IO_PA2_InterruptHandler
                0x000000000080458a        0x2 build/default/debug/mcc_generated_files/system/src/pins.o

.bss.IO_PF0_InterruptHandler
                0x000000000080458c        0x2
 .bss.IO_PF0_InterruptHandler
                0x000000000080458c        0x2 build/default/debug/mcc_generated_files/system/src/pins.o

.bss.IO_PF1_InterruptHandler
                0x000000000080458e        0x2
 .bss.IO_PF1_InterruptHandler
                0x000000000080458e        0x2 build/default/debug/mcc_generated_files/system/src/pins.o

.bss.IO_PC0_InterruptHandler
                0x0000000000804590        0x2
 .bss.IO_PC0_InterruptHandler
                0x0000000000804590        0x2 build/default/debug/mcc_generated_files/system/src/pins.o

.bss.IO_PC1_InterruptHandler
                0x0000000000804592        0x2
 .bss.IO_PC1_InterruptHandler
                0x0000000000804592        0x2 build/default/debug/mcc_generated_files/system/src/pins.o

.bss.TCB0_CAPT_isr_cb
                0x0000000000804594        0x2
 .bss.TCB0_CAPT_isr_cb
                0x0000000000804594        0x2 build/default/debug/mcc_generated_files/timer/src/tcb0.o

.bss.TCB0_OVF_isr_cb
                0x0000000000804596        0x2
 .bss.TCB0_OVF_isr_cb
                0x0000000000804596        0x2 build/default/debug/mcc_generated_files/timer/src/tcb0.o

.bss.RTC_PIT_isr_cb
                0x0000000000804598        0x2
 .bss.RTC_PIT_isr_cb
                0x0000000000804598        0x2 build/default/debug/mcc_generated_files/timer/src/rtc.o
                0x0000000000804598                RTC_PIT_isr_cb

.bss.RTC_CMP_isr_cb
                0x000000000080459a        0x2
 .bss.RTC_CMP_isr_cb
                0x000000000080459a        0x2 build/default/debug/mcc_generated_files/timer/src/rtc.o
                0x000000000080459a                RTC_CMP_isr_cb

.bss.RTC_OVF_isr_cb
                0x000000000080459c        0x2
 .bss.RTC_OVF_isr_cb
                0x000000000080459c        0x2 build/default/debug/mcc_generated_files/timer/src/rtc.o
                0x000000000080459c                RTC_OVF_isr_cb

.bss.USART2_ParityErrorHandler
                0x000000000080459e        0x2
 .bss.USART2_ParityErrorHandler
                0x000000000080459e        0x2 build/default/debug/mcc_generated_files/uart/src/usart2.o

.bss.USART2_OverrunErrorHandler
                0x00000000008045a0        0x2
 .bss.USART2_OverrunErrorHandler
                0x00000000008045a0        0x2 build/default/debug/mcc_generated_files/uart/src/usart2.o

.bss.USART2_FramingErrorHandler
                0x00000000008045a2        0x2
 .bss.USART2_FramingErrorHandler
                0x00000000008045a2        0x2 build/default/debug/mcc_generated_files/uart/src/usart2.o

.bss.usart2RxLastError
                0x00000000008045a4        0x2
 .bss.usart2RxLastError
                0x00000000008045a4        0x2 build/default/debug/mcc_generated_files/uart/src/usart2.o

.bss.USART1_RxCompleteInterruptHandler
                0x00000000008045a6        0x2
 .bss.USART1_RxCompleteInterruptHandler
                0x00000000008045a6        0x2 build/default/debug/mcc_generated_files/uart/src/usart1.o

.bss.USART1_TxCompleteInterruptHandler
                0x00000000008045a8        0x2
 .bss.USART1_TxCompleteInterruptHandler
                0x00000000008045a8        0x2 build/default/debug/mcc_generated_files/uart/src/usart1.o

.bss.USART1_ParityErrorHandler
                0x00000000008045aa        0x2
 .bss.USART1_ParityErrorHandler
                0x00000000008045aa        0x2 build/default/debug/mcc_generated_files/uart/src/usart1.o

.bss.USART1_OverrunErrorHandler
                0x00000000008045ac        0x2
 .bss.USART1_OverrunErrorHandler
                0x00000000008045ac        0x2 build/default/debug/mcc_generated_files/uart/src/usart1.o

.bss.USART1_FramingErrorHandler
                0x00000000008045ae        0x2
 .bss.USART1_FramingErrorHandler
                0x00000000008045ae        0x2 build/default/debug/mcc_generated_files/uart/src/usart1.o

.bss.valCheckerIdx
                0x00000000008045c6        0x1
 .bss.valCheckerIdx
                0x00000000008045c6        0x1 build/default/debug/mcc_generated_files/uart/src/usart1.o
                0x00000000008045c6                valCheckerIdx

.bss.usart1RxLastError
                0x00000000008045b0        0x2
 .bss.usart1RxLastError
                0x00000000008045b0        0x2 build/default/debug/mcc_generated_files/uart/src/usart1.o

.bss.usart1RxStatusBuffer
                0x000000000080443f       0x80
 .bss.usart1RxStatusBuffer
                0x000000000080443f       0x80 build/default/debug/mcc_generated_files/uart/src/usart1.o

.bss.usart1RxBuffer
                0x00000000008044bf       0x40
 .bss.usart1RxBuffer
                0x00000000008044bf       0x40 build/default/debug/mcc_generated_files/uart/src/usart1.o

.bss.usart1RxCount
                0x00000000008045c7        0x1
 .bss.usart1RxCount
                0x00000000008045c7        0x1 build/default/debug/mcc_generated_files/uart/src/usart1.o

.bss.usart1RxTail
                0x00000000008045c8        0x1
 .bss.usart1RxTail
                0x00000000008045c8        0x1 build/default/debug/mcc_generated_files/uart/src/usart1.o

.bss.usart1RxHead
                0x00000000008045c9        0x1
 .bss.usart1RxHead
                0x00000000008045c9        0x1 build/default/debug/mcc_generated_files/uart/src/usart1.o

.bss.usart1IsTxComplete
                0x00000000008045ca        0x1
 .bss.usart1IsTxComplete
                0x00000000008045ca        0x1 build/default/debug/mcc_generated_files/uart/src/usart1.o

.bss.usart1TxBuffer
                0x000000000080403f      0x100
 .bss.usart1TxBuffer
                0x000000000080403f      0x100 build/default/debug/mcc_generated_files/uart/src/usart1.o

.bss.usart1TxBufferRemaining
                0x00000000008045b2        0x2
 .bss.usart1TxBufferRemaining
                0x00000000008045b2        0x2 build/default/debug/mcc_generated_files/uart/src/usart1.o

.bss.usart1TxTail
                0x00000000008045b4        0x2
 .bss.usart1TxTail
                0x00000000008045b4        0x2 build/default/debug/mcc_generated_files/uart/src/usart1.o

.bss.usart1TxHead
                0x00000000008045b6        0x2
 .bss.usart1TxHead
                0x00000000008045b6        0x2 build/default/debug/mcc_generated_files/uart/src/usart1.o

.bss.uptime     0x00000000008045b8        0x2
 .bss.uptime    0x00000000008045b8        0x2 build/default/debug/main.o
                0x00000000008045b8                uptime

.bss.frame_ready
                0x00000000008045cc        0x1
 .bss.frame_ready
                0x00000000008045cc        0x1 build/default/debug/functions/modbus.o

.bss.rx_index   0x00000000008045cd        0x1
 .bss.rx_index  0x00000000008045cd        0x1 build/default/debug/functions/modbus.o

.bss.tx_buffer  0x000000000080413f      0x100
 .bss.tx_buffer
                0x000000000080413f      0x100 build/default/debug/functions/modbus.o

.bss.rx_buffer  0x000000000080423f      0x100
 .bss.rx_buffer
                0x000000000080423f      0x100 build/default/debug/functions/modbus.o

.bss.prev_subcool_hold
                0x000000000080455e        0x4
 .bss.prev_subcool_hold
                0x000000000080455e        0x4 build/default/debug/functions/temp_sensors.o
                0x000000000080455e                prev_subcool_hold

.bss.prev_superheat_hold
                0x0000000000804562        0x4
 .bss.prev_superheat_hold
                0x0000000000804562        0x4 build/default/debug/functions/temp_sensors.o
                0x0000000000804562                prev_superheat_hold

.bss.prev_chamber_hold
                0x0000000000804566        0x4
 .bss.prev_chamber_hold
                0x0000000000804566        0x4 build/default/debug/functions/temp_sensors.o
                0x0000000000804566                prev_chamber_hold

.bss.ntc_temp   0x00000000008044ff       0x20
 .bss.ntc_temp  0x00000000008044ff       0x20 build/default/debug/functions/temp_sensors.o
                0x00000000008044ff                ntc_temp

.bss.KTYPE_STATE
                0x00000000008045d1        0x1
 .bss.KTYPE_STATE
                0x00000000008045d1        0x1 build/default/debug/functions/temp_sensors.o
                0x00000000008045d1                KTYPE_STATE

.bss.sys_regs   0x000000000080433f      0x100
 .bss.sys_regs  0x000000000080433f      0x100 build/default/debug/functions/system_registers.o
                0x000000000080433f                sys_regs

.bss.ds_system_state
                0x00000000008045d2        0x1
 .bss.ds_system_state
                0x00000000008045d2        0x1 build/default/debug/DS.o
                0x00000000008045d2                ds_system_state

.bss.TCB2_CAPT_isr_cb
                0x00000000008045ba        0x2
 .bss.TCB2_CAPT_isr_cb
                0x00000000008045ba        0x2 build/default/debug/mcc_generated_files/timer/src/tcb2.o

.bss.TCB2_OVF_isr_cb
                0x00000000008045bc        0x2
 .bss.TCB2_OVF_isr_cb
                0x00000000008045bc        0x2 build/default/debug/mcc_generated_files/timer/src/tcb2.o

.bss.TCB1_CAPT_isr_cb
                0x00000000008045be        0x2
 .bss.TCB1_CAPT_isr_cb
                0x00000000008045be        0x2 build/default/debug/mcc_generated_files/timer/src/tcb1.o

.bss.TCB1_OVF_isr_cb
                0x00000000008045c0        0x2
 .bss.TCB1_OVF_isr_cb
                0x00000000008045c0        0x2 build/default/debug/mcc_generated_files/timer/src/tcb1.o

.bss.__stdout   0x00000000008045c4        0x2
 .bss.__stdout  0x00000000008045c4        0x2 c:/program files/microchip/xc8/v3.10/avr/bin/../lib/gcc/avr/5.4.0/../../../../avr/lib/avrxmega4/memx-const/mapped\libc.a(stdout.o)

.rodata         0x000000000080816c       0x6a load address 0x000000000000016c
 .rodata        0x000000000080816c       0x6a build/default/debug/functions/modbus.o

.rodata         0x00000000008081d6       0x1d load address 0x00000000000001d6
 .rodata        0x00000000008081d6       0x1d build/default/debug/main.o

.data.ntc_samples
                0x00000000008045cb        0x1 load address 0x00000000000001f3
 .data.ntc_samples
                0x00000000008045cb        0x1 build/default/debug/main.o
                0x00000000008045cb                ntc_samples

.text.vfpfcnvrt
                0x00000000000001f4      0x3fc
 .text.vfpfcnvrt
                0x00000000000001f4      0x3fc c:/program files/microchip/xc8/v3.10/avr/bin/../lib/gcc/avr/5.4.0/../../../../avr/lib/avrxmega4/memx-const/mapped\libc.a(__printf_core.o)
                0x00000000000001f4                vfpfcnvrt

.text.logf      0x00000000000005f0      0x298
 .text.logf     0x00000000000005f0      0x298 c:/program files/microchip/xc8/v3.10/avr/bin/../lib/gcc/avr/5.4.0/../../../../avr/lib/avrxmega4/memx-const/mapped\libm.a(logf.o)
                0x00000000000005f0                logf

.text.__fmt_x   0x0000000000000888      0x1dc
 .text.__fmt_x  0x0000000000000888      0x1dc c:/program files/microchip/xc8/v3.10/avr/bin/../lib/gcc/avr/5.4.0/../../../../avr/lib/avrxmega4/memx-const/mapped\libc.a(__fmt_x.o)
                0x0000000000000888                __fmt_x_needed
                0x0000000000000888                __fmt_x

.text.PIN_MANAGER_Initialize
                0x0000000000000a64      0x15c
 .text.PIN_MANAGER_Initialize
                0x0000000000000a64      0x15c build/default/debug/mcc_generated_files/system/src/pins.o
                0x0000000000000a64                PIN_MANAGER_Initialize

.text.readKTypeSensor
                0x0000000000000bc0      0x136
 .text.readKTypeSensor
                0x0000000000000bc0      0x136 build/default/debug/functions/temp_sensors.o
                0x0000000000000bc0                readKTypeSensor

.text.poll_sensors
                0x0000000000000cf6      0x130
 .text.poll_sensors
                0x0000000000000cf6      0x130 build/default/debug/main.o
                0x0000000000000cf6                poll_sensors

.text.getTemp_NTC
                0x0000000000000e26      0x12a
 .text.getTemp_NTC
                0x0000000000000e26      0x12a build/default/debug/functions/temp_sensors.o
                0x0000000000000e26                getTemp_NTC

.text.USART1_ReceiveISR
                0x0000000000000f50      0x122
 .text.USART1_ReceiveISR
                0x0000000000000f50      0x122 build/default/debug/mcc_generated_files/uart/src/usart1.o
                0x0000000000000f50                USART1_ReceiveISR

.text.modbus_process
                0x0000000000001072      0x11a
 .text.modbus_process
                0x0000000000001072      0x11a build/default/debug/functions/modbus.o
                0x0000000000001072                modbus_process

.text.get_chamber_temp
                0x000000000000118c      0x10c
 .text.get_chamber_temp
                0x000000000000118c      0x10c build/default/debug/functions/temp_sensors.o
                0x000000000000118c                get_chamber_temp

.text.get_superheat_temp
                0x0000000000001298       0xf8
 .text.get_superheat_temp
                0x0000000000001298       0xf8 build/default/debug/functions/temp_sensors.o
                0x0000000000001298                get_superheat_temp

.text.get_subcool_temp
                0x0000000000001390       0xf8
 .text.get_subcool_temp
                0x0000000000001390       0xf8 build/default/debug/functions/temp_sensors.o
                0x0000000000001390                get_subcool_temp

.text.update_sensor_registers
                0x0000000000001488       0xea
 .text.update_sensor_registers
                0x0000000000001488       0xea build/default/debug/main.o
                0x0000000000001488                update_sensor_registers

.text.__fmt_d   0x0000000000001572       0xe4
 .text.__fmt_d  0x0000000000001572       0xe4 c:/program files/microchip/xc8/v3.10/avr/bin/../lib/gcc/avr/5.4.0/../../../../avr/lib/avrxmega4/memx-const/mapped\libc.a(__fmt_d.o)
                0x0000000000001572                __fmt_d
                0x0000000000001572                __fmt_d_needed

.text           0x0000000000001656       0xde
 .text          0x0000000000001656       0xde c:/program files/microchip/xc8/v3.10/avr/bin/../lib/gcc/avr/5.4.0/../../../../avr/lib/avrxmega4/memx-const/mapped\libm.a(divsf3x.o)
                0x0000000000001656                __divsf3x
                0x000000000000167e                __divsf3_pse

.text           0x0000000000001734       0xd4
 .text          0x0000000000001734       0xd4 c:/program files/microchip/xc8/v3.10/avr/bin/../lib/gcc/avr/5.4.0/../../../../avr/lib/avrxmega4/memx-const/mapped\libm.a(mulsf3x.o)
                0x0000000000001734                __mulsf3x
                0x000000000000175a                __mulsf3_pse

.text.__pop_int
                0x0000000000001808       0xd0
 .text.__pop_int
                0x0000000000001808       0xd0 c:/program files/microchip/xc8/v3.10/avr/bin/../lib/gcc/avr/5.4.0/../../../../avr/lib/avrxmega4/memx-const/mapped\libc.a(__pop_int.o)
                0x0000000000001808                __pop_int_needed
                0x0000000000001808                __pop_int

.text           0x00000000000018d8       0xce
 .text          0x00000000000018d8       0xce c:/program files/microchip/xc8/v3.10/avr/bin/../lib/gcc/avr/5.4.0/../../../../avr/lib/avrxmega4/memx-const/mapped\libm.a(addsf3x.o)
                0x00000000000018d8                __addsf3x

.text.__cvt_u   0x00000000000019a6       0xca
 .text.__cvt_u  0x00000000000019a6       0xca c:/program files/microchip/xc8/v3.10/avr/bin/../lib/gcc/avr/5.4.0/../../../../avr/lib/avrxmega4/memx-const/mapped\libc.a(__fmt_u.o)
                0x00000000000019a6                __cvt_u

.text.handle_write_multiple_registers
                0x0000000000001a70       0xc6
 .text.handle_write_multiple_registers
                0x0000000000001a70       0xc6 build/default/debug/functions/modbus.o

.text.read_one_sensor
                0x0000000000001b36       0xc0
 .text.read_one_sensor
                0x0000000000001b36       0xc0 build/default/debug/DS.o

.text.CS_NTC    0x0000000000001bf6       0xb6
 .text.CS_NTC   0x0000000000001bf6       0xb6 build/default/debug/functions/temp_sensors.o
                0x0000000000001bf6                CS_NTC

.text.__vector_24
                0x0000000000001cac       0xb2
 .text.__vector_24
                0x0000000000001cac       0xb2 build/default/debug/mcc_generated_files/system/src/pins.o
                0x0000000000001cac                __vector_24

.text.__fmt_o   0x0000000000001d5e       0xb2
 .text.__fmt_o  0x0000000000001d5e       0xb2 c:/program files/microchip/xc8/v3.10/avr/bin/../lib/gcc/avr/5.4.0/../../../../avr/lib/avrxmega4/memx-const/mapped\libc.a(__fmt_o.o)
                0x0000000000001d5e                __fmt_o
                0x0000000000001d5e                __fmt_o_needed

.text.read_ktype
                0x0000000000001e10       0xac
 .text.read_ktype
                0x0000000000001e10       0xac build/default/debug/functions/temp_sensors.o
                0x0000000000001e10                read_ktype

.text.SPI0_ISR  0x0000000000001ebc       0xa4
 .text.SPI0_ISR
                0x0000000000001ebc       0xa4 build/default/debug/mcc_generated_files/spi/src/spi0.o
                0x0000000000001ebc                SPI0_ISR

.text.fputc     0x0000000000001f60       0x98
 .text.fputc    0x0000000000001f60       0x98 c:/program files/microchip/xc8/v3.10/avr/bin/../lib/gcc/avr/5.4.0/../../../../avr/lib/avrxmega4/memx-const/mapped\libc.a(fputc.o)
                0x0000000000001f60                fputc
                0x0000000000001f60                putc

.text.__vector_8
                0x0000000000001ff8       0x96
 .text.__vector_8
                0x0000000000001ff8       0x96 build/default/debug/mcc_generated_files/system/src/pins.o
                0x0000000000001ff8                __vector_8

.text.USART1_Initialize
                0x000000000000208e       0x96
 .text.USART1_Initialize
                0x000000000000208e       0x96 build/default/debug/mcc_generated_files/uart/src/usart1.o
                0x000000000000208e                USART1_Initialize

.text.CLOCK_Initialize
                0x0000000000002124       0x8e
 .text.CLOCK_Initialize
                0x0000000000002124       0x8e build/default/debug/mcc_generated_files/system/src/clock.o
                0x0000000000002124                CLOCK_Initialize

.text.__vector_5
                0x00000000000021b2       0x8e
 .text.__vector_5
                0x00000000000021b2       0x8e build/default/debug/mcc_generated_files/timer/src/rtc.o
                0x00000000000021b2                __vector_5

.text.DS_StartConversion
                0x0000000000002240       0x8e
 .text.DS_StartConversion
                0x0000000000002240       0x8e build/default/debug/DS.o
                0x0000000000002240                DS_StartConversion

.text.__fmt_u   0x00000000000022ce       0x8e
 .text.__fmt_u  0x00000000000022ce       0x8e c:/program files/microchip/xc8/v3.10/avr/bin/../lib/gcc/avr/5.4.0/../../../../avr/lib/avrxmega4/memx-const/mapped\libc.a(__fmt_u.o)
                0x00000000000022ce                __fmt_u_needed
                0x00000000000022ce                __fmt_u

.text.readAvg_NTC
                0x000000000000235c       0x8a
 .text.readAvg_NTC
                0x000000000000235c       0x8a build/default/debug/functions/temp_sensors.o
                0x000000000000235c                readAvg_NTC

.text.__vector_30
                0x00000000000023e6       0x88
 .text.__vector_30
                0x00000000000023e6       0x88 build/default/debug/mcc_generated_files/system/src/pins.o
                0x00000000000023e6                __vector_30

.text.__vector_35
                0x000000000000246e       0x88
 .text.__vector_35
                0x000000000000246e       0x88 build/default/debug/mcc_generated_files/system/src/pins.o
                0x000000000000246e                __vector_35

.text.handle_read_registers
                0x00000000000024f6       0x88
 .text.handle_read_registers
                0x00000000000024f6       0x88 build/default/debug/functions/modbus.o

.text.__vector_14
                0x000000000000257e       0x84
 .text.__vector_14
                0x000000000000257e       0x84 build/default/debug/mcc_generated_files/timer/src/tcb0.o
                0x000000000000257e                __vector_14

.text.__vector_31
                0x0000000000002602       0x84
 .text.__vector_31
                0x0000000000002602       0x84 build/default/debug/mcc_generated_files/timer/src/tcb2.o
                0x0000000000002602                __vector_31

.text.__vector_15
                0x0000000000002686       0x84
 .text.__vector_15
                0x0000000000002686       0x84 build/default/debug/mcc_generated_files/timer/src/tcb1.o
                0x0000000000002686                __vector_15

.text.modbus_timer_isr
                0x000000000000270a       0x7c
 .text.modbus_timer_isr
                0x000000000000270a       0x7c build/default/debug/functions/modbus.o
                0x000000000000270a                modbus_timer_isr

.text           0x0000000000002786       0x7a
 .text          0x0000000000002786       0x7a c:/program files/microchip/xc8/v3.10/avr/bin/../lib/gcc/avr/5.4.0/../../../../avr/lib/avrxmega4/memx-const/mapped\libm.a(floatsisf.o)
                0x0000000000002786                __floatunsisf
                0x000000000000278a                __floatsisf

.text.__vector_34
                0x0000000000002800       0x72
 .text.__vector_34
                0x0000000000002800       0x72 build/default/debug/mcc_generated_files/uart/src/usart1.o
                0x0000000000002800                __vector_34

.text.__pad     0x0000000000002872       0x72
 .text.__pad    0x0000000000002872       0x72 c:/program files/microchip/xc8/v3.10/avr/bin/../lib/gcc/avr/5.4.0/../../../../avr/lib/avrxmega4/memx-const/mapped\libc.a(__printf_core.o)
                0x0000000000002872                __pad

.text.KTYPE_bitbang
                0x00000000000028e4       0x70
 .text.KTYPE_bitbang
                0x00000000000028e4       0x70 build/default/debug/functions/temp_sensors.o
                0x00000000000028e4                KTYPE_bitbang

.text.modbus_send_response
                0x0000000000002954       0x6a
 .text.modbus_send_response
                0x0000000000002954       0x6a build/default/debug/functions/modbus.o

.text.read_ntc  0x00000000000029be       0x6a
 .text.read_ntc
                0x00000000000029be       0x6a build/default/debug/functions/temp_sensors.o
                0x00000000000029be                read_ntc

.text.__printf_core
                0x0000000000002a28       0x68
 .text.__printf_core
                0x0000000000002a28       0x68 c:/program files/microchip/xc8/v3.10/avr/bin/../lib/gcc/avr/5.4.0/../../../../avr/lib/avrxmega4/memx-const/mapped\libc.a(__printf_core.o)
                0x0000000000002a28                __printf_core

.text.__vector_6
                0x0000000000002a90       0x60
 .text.__vector_6
                0x0000000000002a90       0x60 build/default/debug/mcc_generated_files/timer/src/rtc.o
                0x0000000000002a90                __vector_6

.text           0x0000000000002af0       0x5e
 .text          0x0000000000002af0       0x5e c:/program files/microchip/xc8/v3.10/avr/bin/../lib/gcc/avr/5.4.0/../../../../avr/lib/avrxmega4/memx-const/mapped\libm.a(fixunssfsi.o)
                0x0000000000002af0                __fixunssfsi

.text.read_prec_or_width
                0x0000000000002b4e       0x5c
 .text.read_prec_or_width
                0x0000000000002b4e       0x5c c:/program files/microchip/xc8/v3.10/avr/bin/../lib/gcc/avr/5.4.0/../../../../avr/lib/avrxmega4/memx-const/mapped\libc.a(__printf_core.o)

.text.USART1_Write
                0x0000000000002baa       0x56
 .text.USART1_Write
                0x0000000000002baa       0x56 build/default/debug/mcc_generated_files/uart/src/usart1.o
                0x0000000000002baa                USART1_Write

.text.__vector_32
                0x0000000000002c00       0x56
 .text.__vector_32
                0x0000000000002c00       0x56 build/default/debug/mcc_generated_files/uart/src/usart1.o
                0x0000000000002c00                __vector_32

.text.__vector_33
                0x0000000000002c56       0x56
 .text.__vector_33
                0x0000000000002c56       0x56 build/default/debug/mcc_generated_files/uart/src/usart1.o
                0x0000000000002c56                __vector_33

.text.__fmt_s   0x0000000000002cac       0x54
 .text.__fmt_s  0x0000000000002cac       0x54 c:/program files/microchip/xc8/v3.10/avr/bin/../lib/gcc/avr/5.4.0/../../../../avr/lib/avrxmega4/memx-const/mapped\libc.a(__fmt_s.o)
                0x0000000000002cac                __fmt_s
                0x0000000000002cac                __fmt_0_needed
                0x0000000000002cac                __fmt_s_needed

.text.USART1_TransmitISR
                0x0000000000002d00       0x52
 .text.USART1_TransmitISR
                0x0000000000002d00       0x52 build/default/debug/mcc_generated_files/uart/src/usart1.o
                0x0000000000002d00                USART1_TransmitISR

.text.mcp3201_read_bitbang
                0x0000000000002d52       0x52
 .text.mcp3201_read_bitbang
                0x0000000000002d52       0x52 build/default/debug/functions/temp_sensors.o
                0x0000000000002d52                mcp3201_read_bitbang

.text.__vector_20
                0x0000000000002da4       0x50
 .text.__vector_20
                0x0000000000002da4       0x50 build/default/debug/mcc_generated_files/spi/src/spi0.o
                0x0000000000002da4                __vector_20

.text.USART2_Initialize
                0x0000000000002df4       0x50
 .text.USART2_Initialize
                0x0000000000002df4       0x50 build/default/debug/mcc_generated_files/uart/src/usart2.o
                0x0000000000002df4                USART2_Initialize

.text._SYS_INIT
                0x0000000000002e44       0x4e
 .text._SYS_INIT
                0x0000000000002e44       0x4e build/default/debug/main.o
                0x0000000000002e44                _SYS_INIT

.text.ds_reset  0x0000000000002e92       0x4e
 .text.ds_reset
                0x0000000000002e92       0x4e build/default/debug/DS.o

.text.modbus_crc16
                0x0000000000002ee0       0x48
 .text.modbus_crc16
                0x0000000000002ee0       0x48 build/default/debug/functions/modbus.o

.text           0x0000000000002f28       0x48
 .text          0x0000000000002f28       0x48 c:/program files/microchip/xc8/v3.10/avr/bin/../lib/gcc/avr/5.4.0/../../../../avr/lib/avrxmega4/memx-const/mapped\libm.a(fp_cmp.o)
                0x0000000000002f28                __fp_cmp

.text.RTC_Initialize
                0x0000000000002f70       0x44
 .text.RTC_Initialize
                0x0000000000002f70       0x44 build/default/debug/mcc_generated_files/timer/src/rtc.o
                0x0000000000002f70                RTC_Initialize

.text           0x0000000000002fb4       0x44
 .text          0x0000000000002fb4       0x44 c:/program files/microchip/xc8/v3.10/avr/bin/../lib/gcc/avr/5.4.0/../../../../avr/lib/avrxmega4/memx-const/mapped\libm.a(fp_split3.o)
                0x0000000000002fb4                __fp_split3
                0x0000000000002fc4                __fp_splitA

.text.libgcc.div
                0x0000000000002ff8       0x44
 .text.libgcc.div
                0x0000000000002ff8       0x44 c:/program files/microchip/xc8/v3.10/avr/bin/../lib/gcc/avr/5.4.0/avrxmega4/memx-const/mapped\libgcc.a(_udivmodsi4.o)
                0x0000000000002ff8                __udivmodsi4

.text.USART1_Read
                0x000000000000303c       0x40
 .text.USART1_Read
                0x000000000000303c       0x40 build/default/debug/mcc_generated_files/uart/src/usart1.o
                0x000000000000303c                USART1_Read

.text.__fmt_state
                0x000000000000307c       0x40
 .text.__fmt_state
                0x000000000000307c       0x40 c:/program files/microchip/xc8/v3.10/avr/bin/../lib/gcc/avr/5.4.0/../../../../avr/lib/avrxmega4/memx-const/mapped\libc.a(__printf_core.o)
                0x000000000000307c                __fmt_state

.text.TCB0_Initialize
                0x00000000000030bc       0x3e
 .text.TCB0_Initialize
                0x00000000000030bc       0x3e build/default/debug/mcc_generated_files/timer/src/tcb0.o
                0x00000000000030bc                TCB0_Initialize

.text.TCB2_Initialize
                0x00000000000030fa       0x3e
 .text.TCB2_Initialize
                0x00000000000030fa       0x3e build/default/debug/mcc_generated_files/timer/src/tcb2.o
                0x00000000000030fa                TCB2_Initialize

.text.TCB1_Initialize
                0x0000000000003138       0x3e
 .text.TCB1_Initialize
                0x0000000000003138       0x3e build/default/debug/mcc_generated_files/timer/src/tcb1.o
                0x0000000000003138                TCB1_Initialize

.text.TCA0_Initialize
                0x0000000000003176       0x3a
 .text.TCA0_Initialize
                0x0000000000003176       0x3a build/default/debug/mcc_generated_files/timer/src/tca0.o
                0x0000000000003176                TCA0_Initialize

.text.__out     0x00000000000031b0       0x3a
 .text.__out    0x00000000000031b0       0x3a c:/program files/microchip/xc8/v3.10/avr/bin/../lib/gcc/avr/5.4.0/../../../../avr/lib/avrxmega4/memx-const/mapped\libc.a(__printf_core.o)
                0x00000000000031b0                __out

.text.ds_write_bit
                0x00000000000031ea       0x38
 .text.ds_write_bit
                0x00000000000031ea       0x38 build/default/debug/DS.o

.text.modbus_receive_isr
                0x0000000000003222       0x36
 .text.modbus_receive_isr
                0x0000000000003222       0x36 build/default/debug/functions/modbus.o
                0x0000000000003222                modbus_receive_isr

.text.ds_read_byte
                0x0000000000003258       0x36
 .text.ds_read_byte
                0x0000000000003258       0x36 build/default/debug/DS.o

.text.ds_write_byte
                0x000000000000328e       0x34
 .text.ds_write_byte
                0x000000000000328e       0x34 build/default/debug/DS.o

.text.ds_crc8   0x00000000000032c2       0x32
 .text.ds_crc8  0x00000000000032c2       0x32 build/default/debug/DS.o

.text.libgcc.prologue
                0x00000000000032f4       0x32
 .text.libgcc.prologue
                0x00000000000032f4       0x32 c:/program files/microchip/xc8/v3.10/avr/bin/../lib/gcc/avr/5.4.0/avrxmega4/memx-const/mapped\libgcc.a(_prologue.o)
                0x00000000000032f4                __prologue_saves__

.text.__wrap_printf
                0x0000000000003326       0x30
 .text.__wrap_printf
                0x0000000000003326       0x30 c:/program files/microchip/xc8/v3.10/avr/bin/../lib/gcc/avr/5.4.0/../../../../avr/lib/avrxmega4/memx-const/mapped\libc.a(__sio_printf_doux.o)
                0x0000000000003326                _printf_cdopuxX

.text.__vfprintf
                0x0000000000003356       0x30
 .text.__vfprintf
                0x0000000000003356       0x30 c:/program files/microchip/xc8/v3.10/avr/bin/../lib/gcc/avr/5.4.0/../../../../avr/lib/avrxmega4/memx-const/mapped\libc.a(__int_vfprintf.o)
                0x0000000000003356                __vfprintf

.text.libgcc.prologue
                0x0000000000003386       0x30
 .text.libgcc.prologue
                0x0000000000003386       0x30 c:/program files/microchip/xc8/v3.10/avr/bin/../lib/gcc/avr/5.4.0/avrxmega4/memx-const/mapped\libgcc.a(_epilogue.o)
                0x0000000000003386                __epilogue_restores__

.text.SYSTEM_Initialize
                0x00000000000033b6       0x2e
 .text.SYSTEM_Initialize
                0x00000000000033b6       0x2e build/default/debug/mcc_generated_files/system/src/system.o
                0x00000000000033b6                SYSTEM_Initialize

.text.MB_Init   0x00000000000033e4       0x2e
 .text.MB_Init  0x00000000000033e4       0x2e build/default/debug/functions/modbus.o
                0x00000000000033e4                MB_Init

.text.PIT       0x0000000000003412       0x2c
 .text.PIT      0x0000000000003412       0x2c build/default/debug/main.o
                0x0000000000003412                PIT

.text.ds_read_bit
                0x000000000000343e       0x2a
 .text.ds_read_bit
                0x000000000000343e       0x2a build/default/debug/DS.o

.text.main      0x0000000000003468       0x26
 .text.main     0x0000000000003468       0x26 build/default/debug/main.o
                0x0000000000003468                main

.text.KTYPE_start_conversion
                0x000000000000348e       0x22
 .text.KTYPE_start_conversion
                0x000000000000348e       0x22 build/default/debug/functions/temp_sensors.o
                0x000000000000348e                KTYPE_start_conversion

.text.DS_Init   0x00000000000034b0       0x22
 .text.DS_Init  0x00000000000034b0       0x22 build/default/debug/DS.o
                0x00000000000034b0                DS_Init

.text           0x00000000000034d2       0x22
 .text          0x00000000000034d2       0x22 c:/program files/microchip/xc8/v3.10/avr/bin/../lib/gcc/avr/5.4.0/../../../../avr/lib/avrxmega4/memx-const/mapped\libm.a(fp_round.o)
                0x00000000000034d2                __fp_round

.text.SPI0_Initialize
                0x00000000000034f4       0x20
 .text.SPI0_Initialize
                0x00000000000034f4       0x20 build/default/debug/mcc_generated_files/spi/src/spi0.o
                0x00000000000034f4                SPI0_Initialize

.text.DS_ReadSensor1
                0x0000000000003514       0x1c
 .text.DS_ReadSensor1
                0x0000000000003514       0x1c build/default/debug/DS.o
                0x0000000000003514                DS_ReadSensor1

.text.DS_ReadSensor2
                0x0000000000003530       0x1c
 .text.DS_ReadSensor2
                0x0000000000003530       0x1c build/default/debug/DS.o
                0x0000000000003530                DS_ReadSensor2

.text.strlen    0x000000000000354c       0x1c
 .text.strlen   0x000000000000354c       0x1c c:/program files/microchip/xc8/v3.10/avr/bin/../lib/gcc/avr/5.4.0/../../../../avr/lib/avrxmega4/memx-const/mapped\libc.a(strlen.o)
                0x000000000000354c                strlen

.text.CPUINT_Initialize
                0x0000000000003568       0x1a
 .text.CPUINT_Initialize
                0x0000000000003568       0x1a build/default/debug/mcc_generated_files/system/src/interrupt.o
                0x0000000000003568                CPUINT_Initialize

.text.USART2_printCHAR
                0x0000000000003582       0x1a
 .text.USART2_printCHAR
                0x0000000000003582       0x1a build/default/debug/mcc_generated_files/uart/src/usart2.o
                0x0000000000003582                USART2_printCHAR

.text.DS_Timeout
                0x000000000000359c       0x1a
 .text.DS_Timeout
                0x000000000000359c       0x1a build/default/debug/DS.o
                0x000000000000359c                DS_Timeout

.text.KTYPE_timer_CapCallBack
                0x00000000000035b6       0x16
 .text.KTYPE_timer_CapCallBack
                0x00000000000035b6       0x16 build/default/debug/functions/temp_sensors.o
                0x00000000000035b6                KTYPE_timer_CapCallBack

.text.exit      0x00000000000035cc       0x16
 .text.exit     0x00000000000035cc       0x16 c:/program files/microchip/xc8/v3.10/avr/bin/../lib/gcc/avr/5.4.0/../../../../avr/lib/avrxmega4/memx-const/mapped\libc.a(exit.o)
                0x00000000000035cc                exit

.text.USART1_IsTxReady
                0x00000000000035e2       0x12
 .text.USART1_IsTxReady
                0x00000000000035e2       0x12 build/default/debug/mcc_generated_files/uart/src/usart1.o
                0x00000000000035e2                USART1_IsTxReady

.text.libgcc    0x00000000000035f4       0x12
 .text.libgcc   0x00000000000035f4       0x12 c:/program files/microchip/xc8/v3.10/avr/bin/../lib/gcc/avr/5.4.0/avrxmega4/memx-const/mapped\libgcc.a(_tablejump2.o)
                0x00000000000035f4                __tablejump2__

.text.toupper   0x0000000000003606       0x12
 .text.toupper  0x0000000000003606       0x12 c:/program files/microchip/xc8/v3.10/avr/bin/../lib/gcc/avr/5.4.0/../../../../avr/lib/avrxmega4/memx-const/mapped\libc.a(toupper.o)
                0x0000000000003606                toupper

.text.RS485_TX_ENABLE
                0x0000000000003618       0x10
 .text.RS485_TX_ENABLE
                0x0000000000003618       0x10 build/default/debug/functions/modbus.o
                0x0000000000003618                RS485_TX_ENABLE

.text.tolower   0x0000000000003628       0x10
 .text.tolower  0x0000000000003628       0x10 c:/program files/microchip/xc8/v3.10/avr/bin/../lib/gcc/avr/5.4.0/../../../../avr/lib/avrxmega4/memx-const/mapped\libc.a(tolower.o)
                0x0000000000003628                tolower

.text.USART2_FramingErrorCallbackRegister
                0x0000000000003638        0xe
 .text.USART2_FramingErrorCallbackRegister
                0x0000000000003638        0xe build/default/debug/mcc_generated_files/uart/src/usart2.o
                0x0000000000003638                USART2_FramingErrorCallbackRegister

.text.USART2_OverrunErrorCallbackRegister
                0x0000000000003646        0xe
 .text.USART2_OverrunErrorCallbackRegister
                0x0000000000003646        0xe build/default/debug/mcc_generated_files/uart/src/usart2.o
                0x0000000000003646                USART2_OverrunErrorCallbackRegister

.text.USART2_ParityErrorCallbackRegister
                0x0000000000003654        0xe
 .text.USART2_ParityErrorCallbackRegister
                0x0000000000003654        0xe build/default/debug/mcc_generated_files/uart/src/usart2.o
                0x0000000000003654                USART2_ParityErrorCallbackRegister

.text.USART1_FramingErrorCallbackRegister
                0x0000000000003662        0xe
 .text.USART1_FramingErrorCallbackRegister
                0x0000000000003662        0xe build/default/debug/mcc_generated_files/uart/src/usart1.o
                0x0000000000003662                USART1_FramingErrorCallbackRegister

.text.USART1_OverrunErrorCallbackRegister
                0x0000000000003670        0xe
 .text.USART1_OverrunErrorCallbackRegister
                0x0000000000003670        0xe build/default/debug/mcc_generated_files/uart/src/usart1.o
                0x0000000000003670                USART1_OverrunErrorCallbackRegister

.text.USART1_ParityErrorCallbackRegister
                0x000000000000367e        0xe
 .text.USART1_ParityErrorCallbackRegister
                0x000000000000367e        0xe build/default/debug/mcc_generated_files/uart/src/usart1.o
                0x000000000000367e                USART1_ParityErrorCallbackRegister

.text.USART1_RxCompleteCallbackRegister
                0x000000000000368c        0xe
 .text.USART1_RxCompleteCallbackRegister
                0x000000000000368c        0xe build/default/debug/mcc_generated_files/uart/src/usart1.o
                0x000000000000368c                USART1_RxCompleteCallbackRegister

.text.USART1_TxCompleteCallbackRegister
                0x000000000000369a        0xe
 .text.USART1_TxCompleteCallbackRegister
                0x000000000000369a        0xe build/default/debug/mcc_generated_files/uart/src/usart1.o
                0x000000000000369a                USART1_TxCompleteCallbackRegister

.text.KTYPE_Init
                0x00000000000036a8        0xe
 .text.KTYPE_Init
                0x00000000000036a8        0xe build/default/debug/functions/temp_sensors.o
                0x00000000000036a8                KTYPE_Init

.text           0x00000000000036b6        0xe
 .text          0x00000000000036b6        0xe c:/program files/microchip/xc8/v3.10/avr/bin/../lib/gcc/avr/5.4.0/../../../../avr/lib/avrxmega4/memx-const/mapped\libm.a(addsf3.o)
                0x00000000000036b6                __subsf3
                0x00000000000036b8                __addsf3

.text           0x00000000000036c4        0xe
 .text          0x00000000000036c4        0xe c:/program files/microchip/xc8/v3.10/avr/bin/../lib/gcc/avr/5.4.0/../../../../avr/lib/avrxmega4/memx-const/mapped\libm.a(fixsfsi.o)
                0x00000000000036c4                __fixsfsi

.text           0x00000000000036d2        0xe
 .text          0x00000000000036d2        0xe c:/program files/microchip/xc8/v3.10/avr/bin/../lib/gcc/avr/5.4.0/../../../../avr/lib/avrxmega4/memx-const/mapped\libm.a(fp_pscA.o)
                0x00000000000036d2                __fp_pscA

.text           0x00000000000036e0        0xe
 .text          0x00000000000036e0        0xe c:/program files/microchip/xc8/v3.10/avr/bin/../lib/gcc/avr/5.4.0/../../../../avr/lib/avrxmega4/memx-const/mapped\libm.a(fp_pscB.o)
                0x00000000000036e0                __fp_pscB

.text           0x00000000000036ee        0xe
 .text          0x00000000000036ee        0xe c:/program files/microchip/xc8/v3.10/avr/bin/../lib/gcc/avr/5.4.0/../../../../avr/lib/avrxmega4/memx-const/mapped\libm.a(fp_zero.o)
                0x00000000000036ee                __fp_zero
                0x00000000000036f0                __fp_szero

.text.TCB0_Start
                0x00000000000036fc        0xc
 .text.TCB0_Start
                0x00000000000036fc        0xc build/default/debug/mcc_generated_files/timer/src/tcb0.o
                0x00000000000036fc                TCB0_Start

.text.TCB0_Stop
                0x0000000000003708        0xc
 .text.TCB0_Stop
                0x0000000000003708        0xc build/default/debug/mcc_generated_files/timer/src/tcb0.o
                0x0000000000003708                TCB0_Stop

.text.TCB0_CAPTInterruptEnable
                0x0000000000003714        0xc
 .text.TCB0_CAPTInterruptEnable
                0x0000000000003714        0xc build/default/debug/mcc_generated_files/timer/src/tcb0.o
                0x0000000000003714                TCB0_CAPTInterruptEnable

.text.USART2_IsTxReady
                0x0000000000003720        0xc
 .text.USART2_IsTxReady
                0x0000000000003720        0xc build/default/debug/mcc_generated_files/uart/src/usart2.o
                0x0000000000003720                USART2_IsTxReady

.text.modbus_transmit_isr
                0x000000000000372c        0xc
 .text.modbus_transmit_isr
                0x000000000000372c        0xc build/default/debug/functions/modbus.o
                0x000000000000372c                modbus_transmit_isr

.text.TCB1_Start
                0x0000000000003738        0xc
 .text.TCB1_Start