Archive member included to satisfy reference by file (symbol)

c:/program files/microchip/xc8/v3.10/avr/bin/../lib/gcc/avr/5.4.0/../../../../avr/lib/avrxmega4\libm.a(addsf3.o)
                              build/default/production/functions/temp_sensors.o (__subsf3)
c:/program files/microchip/xc8/v3.10/avr/bin/../lib/gcc/avr/5.4.0/../../../../avr/lib/avrxmega4\libm.a(addsf3x.o)
                              c:/program files/microchip/xc8/v3.10/avr/bin/../lib/gcc/avr/5.4.0/../../../../avr/lib/avrxmega4\libm.a(addsf3.o) (__addsf3x)
c:/program files/microchip/xc8/v3.10/avr/bin/../lib/gcc/avr/5.4.0/../../../../avr/lib/avrxmega4\libm.a(cmpsf2.o)
                              build/default/production/functions/temp_sensors.o (__ltsf2)
c:/program files/microchip/xc8/v3.10/avr/bin/../lib/gcc/avr/5.4.0/../../../../avr/lib/avrxmega4\libm.a(divsf3.o)
                              build/default/production/functions/temp_sensors.o (__divsf3)
c:/program files/microchip/xc8/v3.10/avr/bin/../lib/gcc/avr/5.4.0/../../../../avr/lib/avrxmega4\libm.a(divsf3x.o)
                              c:/program files/microchip/xc8/v3.10/avr/bin/../lib/gcc/avr/5.4.0/../../../../avr/lib/avrxmega4\libm.a(divsf3.o) (__divsf3x)
c:/program files/microchip/xc8/v3.10/avr/bin/../lib/gcc/avr/5.4.0/../../../../avr/lib/avrxmega4\libm.a(fixsfsi.o)
                              build/default/production/functions/temp_sensors.o (__fixsfsi)
c:/program files/microchip/xc8/v3.10/avr/bin/../lib/gcc/avr/5.4.0/../../../../avr/lib/avrxmega4\libm.a(fixunssfsi.o)
                              c:/program files/microchip/xc8/v3.10/avr/bin/../lib/gcc/avr/5.4.0/../../../../avr/lib/avrxmega4\libm.a(fixsfsi.o) (__fixunssfsi)
c:/program files/microchip/xc8/v3.10/avr/bin/../lib/gcc/avr/5.4.0/../../../../avr/lib/avrxmega4\libm.a(floatsisf.o)
                              build/default/production/functions/temp_sensors.o (__floatunsisf)
c:/program files/microchip/xc8/v3.10/avr/bin/../lib/gcc/avr/5.4.0/../../../../avr/lib/avrxmega4\libm.a(fp_cmp.o)
                              c:/program files/microchip/xc8/v3.10/avr/bin/../lib/gcc/avr/5.4.0/../../../../avr/lib/avrxmega4\libm.a(cmpsf2.o) (__fp_cmp)
c:/program files/microchip/xc8/v3.10/avr/bin/../lib/gcc/avr/5.4.0/../../../../avr/lib/avrxmega4\libm.a(fp_inf.o)
                              c:/program files/microchip/xc8/v3.10/avr/bin/../lib/gcc/avr/5.4.0/../../../../avr/lib/avrxmega4\libm.a(addsf3x.o) (__fp_inf)
c:/program files/microchip/xc8/v3.10/avr/bin/../lib/gcc/avr/5.4.0/../../../../avr/lib/avrxmega4\libm.a(fp_nan.o)
                              c:/program files/microchip/xc8/v3.10/avr/bin/../lib/gcc/avr/5.4.0/../../../../avr/lib/avrxmega4\libm.a(addsf3x.o) (__fp_nan)
c:/program files/microchip/xc8/v3.10/avr/bin/../lib/gcc/avr/5.4.0/../../../../avr/lib/avrxmega4\libm.a(fp_pscA.o)
                              c:/program files/microchip/xc8/v3.10/avr/bin/../lib/gcc/avr/5.4.0/../../../../avr/lib/avrxmega4\libm.a(addsf3x.o) (__fp_pscA)
c:/program files/microchip/xc8/v3.10/avr/bin/../lib/gcc/avr/5.4.0/../../../../avr/lib/avrxmega4\libm.a(fp_pscB.o)
                              c:/program files/microchip/xc8/v3.10/avr/bin/../lib/gcc/avr/5.4.0/../../../../avr/lib/avrxmega4\libm.a(addsf3x.o) (__fp_pscB)
c:/program files/microchip/xc8/v3.10/avr/bin/../lib/gcc/avr/5.4.0/../../../../avr/lib/avrxmega4\libm.a(fp_round.o)
                              c:/program files/microchip/xc8/v3.10/avr/bin/../lib/gcc/avr/5.4.0/../../../../avr/lib/avrxmega4\libm.a(addsf3.o) (__fp_round)
c:/program files/microchip/xc8/v3.10/avr/bin/../lib/gcc/avr/5.4.0/../../../../avr/lib/avrxmega4\libm.a(fp_split3.o)
                              c:/program files/microchip/xc8/v3.10/avr/bin/../lib/gcc/avr/5.4.0/../../../../avr/lib/avrxmega4\libm.a(addsf3x.o) (__fp_split3)
c:/program files/microchip/xc8/v3.10/avr/bin/../lib/gcc/avr/5.4.0/../../../../avr/lib/avrxmega4\libm.a(fp_zero.o)
                              c:/program files/microchip/xc8/v3.10/avr/bin/../lib/gcc/avr/5.4.0/../../../../avr/lib/avrxmega4\libm.a(addsf3x.o) (__fp_zero)
c:/program files/microchip/xc8/v3.10/avr/bin/../lib/gcc/avr/5.4.0/../../../../avr/lib/avrxmega4\libm.a(gesf2.o)
                              build/default/production/functions/temp_sensors.o (__gesf2)
c:/program files/microchip/xc8/v3.10/avr/bin/../lib/gcc/avr/5.4.0/../../../../avr/lib/avrxmega4\libm.a(mulsf3.o)
                              build/default/production/functions/temp_sensors.o (__mulsf3)
c:/program files/microchip/xc8/v3.10/avr/bin/../lib/gcc/avr/5.4.0/../../../../avr/lib/avrxmega4\libm.a(mulsf3x.o)
                              c:/program files/microchip/xc8/v3.10/avr/bin/../lib/gcc/avr/5.4.0/../../../../avr/lib/avrxmega4\libm.a(mulsf3.o) (__mulsf3x)
c:/program files/microchip/xc8/v3.10/avr/bin/../lib/gcc/avr/5.4.0/../../../../avr/lib/avrxmega4\libm.a(logf.o)
                              build/default/production/functions/temp_sensors.o (logf)
[...]
Memory Configuration

Name             Origin             Length             Attributes
text             0x0000000000000000 0x0000000000020000 xr
data             0x0000000000804000 0x0000000000004000 rw !x
eeprom           0x0000000000810000 0x0000000000000200 rw !x
fuse             0x0000000000820000 0x0000000000000010 rw !x
lock             0x0000000000830000 0x0000000000000400 rw !x
signature        0x0000000000840000 0x0000000000000400 rw !x
user_signatures  0x0000000000850000 0x0000000000000400 rw !x
bootrow          0x0000000000860000 0x0000000000000400 rw !x
*default*        0x0000000000000000 0xffffffffffffffff

Linker script and memory map

Address of section .data set to 0x804000
                0x0000000000008000                __RODATA_PM_OFFSET__ = 0x8000
LOAD C:/Program Files/Microchip/MPLABX/v6.25/packs/Microchip/AVR-Dx_DFP/2.7.321/xc8/avr/lib/avrxmega4/crtavr128db32.o
                0x0000000000000001                __MPLAB_BUILD = 0x1
LOAD build/default/production/mcc_generated_files/spi/src/spi0.o
LOAD build/default/production/mcc_generated_files/system/src/pins.o
LOAD build/default/production/mcc_generated_files/system/src/protected_io.o
LOAD build/default/production/mcc_generated_files/system/src/interrupt.o
LOAD build/default/production/mcc_generated_files/system/src/system.o
LOAD build/default/production/mcc_generated_files/system/src/config_bits.o
LOAD build/default/production/mcc_generated_files/system/src/clock.o
LOAD build/default/production/mcc_generated_files/timer/src/tcb0.o
LOAD build/default/production/mcc_generated_files/timer/src/rtc.o
LOAD build/default/production/mcc_generated_files/timer/src/tca0.o
LOAD build/default/production/mcc_generated_files/timer/src/tcb1.o
LOAD build/default/production/mcc_generated_files/timer/src/tcb2.o
LOAD build/default/production/mcc_generated_files/uart/src/usart2.o
LOAD build/default/production/mcc_generated_files/uart/src/usart1.o
LOAD build/default/production/main.o
LOAD build/default/production/functions/modbus.o
LOAD build/default/production/functions/debug_uart2.o
LOAD build/default/production/functions/temp_sensors.o
LOAD build/default/production/functions/system_registers.o
LOAD build/default/production/DS.o
START GROUP
LOAD c:/program files/microchip/xc8/v3.10/avr/bin/../lib/gcc/avr/5.4.0/../../../../avr/lib/avrxmega4\libm.a
END GROUP
START GROUP
LOAD c:/program files/microchip/xc8/v3.10/avr/bin/../lib/gcc/avr/5.4.0/avrxmega4\libgcc.a
LOAD c:/program files/microchip/xc8/v3.10/avr/bin/../lib/gcc/avr/5.4.0/../../../../avr/lib/avrxmega4\libm.a
LOAD c:/program files/microchip/xc8/v3.10/avr/bin/../lib/gcc/avr/5.4.0/../../../../avr/lib/avrxmega4\libc.a
LOAD C:/Program Files/Microchip/MPLABX/v6.25/packs/Microchip/AVR-Dx_DFP/2.7.321/xc8/avr/lib/avrxmega4\libavr128db32.a
END GROUP
                [0x0000000000000000]                __TEXT_REGION_ORIGIN__ = DEFINED (__TEXT_REGION_ORIGIN__)?__TEXT_REGION_ORIGIN__:0x0
                [0x0000000000804000]                __DATA_REGION_ORIGIN__ = DEFINED (__DATA_REGION_ORIGIN__)?__DATA_REGION_ORIGIN__:0x802000
                [0x0000000000020000]                __TEXT_REGION_LENGTH__ = DEFINED (__TEXT_REGION_LENGTH__)?__TEXT_REGION_LENGTH__:0x100000
                [0x0000000000004000]                __DATA_REGION_LENGTH__ = DEFINED (__DATA_REGION_LENGTH__)?__DATA_REGION_LENGTH__:0xffa0
                [0x0000000000000200]                __EEPROM_REGION_LENGTH__ = DEFINED (__EEPROM_REGION_LENGTH__)?__EEPROM_REGION_LENGTH__:0x10000
                [0x0000000000000010]                __FUSE_REGION_LENGTH__ = DEFINED (__FUSE_REGION_LENGTH__)?__FUSE_REGION_LENGTH__:0x400
                0x0000000000000400                __LOCK_REGION_LENGTH__ = DEFINED (__LOCK_REGION_LENGTH__)?__LOCK_REGION_LENGTH__:0x400
                0x0000000000000400                __SIGNATURE_REGION_LENGTH__ = DEFINED (__SIGNATURE_REGION_LENGTH__)?__SIGNATURE_REGION_LENGTH__:0x400
                0x0000000000000400                __USER_SIGNATURE_REGION_LENGTH__ = DEFINED (__USER_SIGNATURE_REGION_LENGTH__)?__USER_SIGNATURE_REGION_LENGTH__:0x400
                0x0000000000000400                __BOOTROW_REGION_LENGTH__ = DEFINED (__BOOTROW_REGION_LENGTH__)?__BOOTROW_REGION_LENGTH__:0x400

.hash
 *(.hash)

.dynsym
 *(.dynsym)

.dynstr
 *(.dynstr)

.gnu.version
 *(.gnu.version)

.gnu.version_d
 *(.gnu.version_d)

.gnu.version_r
 *(.gnu.version_r)

.rel.init
 *(.rel.init)

.rela.init
 *(.rela.init)

.rel.text
 *(.rel.text)
 *(.rel.text.*)
 *(.rel.gnu.linkonce.t*)

.rela.text
 *(.rela.text)
 *(.rela.text.*)
 *(.rela.gnu.linkonce.t*)

.rel.fini
 *(.rel.fini)

.rela.fini
 *(.rela.fini)

.rel.rodata
 *(.rel.rodata)
 *(.rel.rodata.*)
 *(.rel.gnu.linkonce.r*)

.rela.rodata
 *(.rela.rodata)
 *(.rela.rodata.*)
 *(.rela.gnu.linkonce.r*)

.rel.data
 *(.rel.data)
 *(.rel.data.*)
 *(.rel.gnu.linkonce.d*)

.rela.data
 *(.rela.data)
 *(.rela.data.*)
 *(.rela.gnu.linkonce.d*)

.rel.ctors
 *(.rel.ctors)

.rela.ctors
 *(.rela.ctors)

.rel.dtors
 *(.rel.dtors)

.rela.dtors
 *(.rela.dtors)

.rel.got
 *(.rel.got)

.rela.got
 *(.rela.got)

.rel.bss
 *(.rel.bss)

.rela.bss
 *(.rela.bss)

.rel.plt
 *(.rel.plt)

.rela.plt
 *(.rela.plt)

.text           0x0000000000000000      0x11a
 *(.vectors)
 .vectors       0x0000000000000000       0xb0 C:/Program Files/Microchip/MPLABX/v6.25/packs/Microchip/AVR-Dx_DFP/2.7.321/xc8/avr/lib/avrxmega4/crtavr128db32.o
                0x0000000000000000                __vector_default
                0x0000000000000000                __vectors
 *(.vectors)
 *(.progmem.gcc*)
 *(.dinit)
 .dinit         0x00000000000000b0       0x11 data_init
                0x00000000000000c2                . = ALIGN (0x2)
 *fill*         0x00000000000000c1        0x1 
                0x00000000000000c2                __trampolines_start = .
 *(.trampolines)
 .trampolines   0x00000000000000c2        0x0 linker stubs
 *(.trampolines*)
                0x00000000000000c2                __trampolines_end = .
 *libprintf_flt.a:*(.progmem.data)
 *libc.a:*(.progmem.data)
                0x00000000000000c2                . = ALIGN (0x2)
 *(.jumptables)
 *(.jumptables*)
 *(.lowtext)
 *(.lowtext*)
                0x00000000000000c2                __ctors_start = .
 *(.ctors)
                0x00000000000000c2                __ctors_end = .
                0x00000000000000c2                __dtors_start = .
 *(.dtors)
                0x00000000000000c2                __dtors_end = .
 SORT(*)(.ctors)
 SORT(*)(.dtors)
 *(.init0)
 .init0         0x00000000000000c2        0x0 C:/Program Files/Microchip/MPLABX/v6.25/packs/Microchip/AVR-Dx_DFP/2.7.321/xc8/avr/lib/avrxmega4/crtavr128db32.o
                0x00000000000000c2                __init
 *(.init0)
 *(.init1)
 *(.init1)
 *(.init2)
 .init2         0x00000000000000c2        0xc C:/Program Files/Microchip/MPLABX/v6.25/packs/Microchip/AVR-Dx_DFP/2.7.321/xc8/avr/lib/avrxmega4/crtavr128db32.o
 *(.init2)
 *(.init3)
 *(.init3)
 *(.init4)
 .init4         0x00000000000000ce       0x40 c:/program files/microchip/xc8/v3.10/avr/bin/../lib/gcc/avr/5.4.0/avrxmega4\libgcc.a(_copy_data.o)
                0x00000000000000ce                __do_copy_data
                0x0000000000000100                __do_clear_bss
 *(.init4)
 *(.init5)
 *(.init5)
 *(.init6)
 *(.init6)
 *(.init7)
 *(.init7)
 *(.init8)
 *(.init8)
 *(.init9)
 .init9         0x000000000000010e        0x8 C:/Program Files/Microchip/MPLABX/v6.25/packs/Microchip/AVR-Dx_DFP/2.7.321/xc8/avr/lib/avrxmega4/crtavr128db32.o
 *(.init9)
                0x0000000000000116                . = ALIGN (0x2)
 *(.fini9)
 .fini9         0x0000000000000116        0x0 c:/program files/microchip/xc8/v3.10/avr/bin/../lib/gcc/avr/5.4.0/avrxmega4\libgcc.a(_exit.o)
                0x0000000000000116                _exit
 *(.fini9)
 *(.fini8)
 *(.fini8)
 *(.fini7)
 *(.fini7)
 *(.fini6)
 *(.fini6)
 *(.fini5)
 *(.fini5)
 *(.fini4)
 *(.fini4)
 *(.fini3)
 *(.fini3)
 *(.fini2)
 *(.fini2)
 *(.fini1)
 *(.fini1)
 *(.fini0)
 .fini0         0x0000000000000116        0x4 c:/program files/microchip/xc8/v3.10/avr/bin/../lib/gcc/avr/5.4.0/avrxmega4\libgcc.a(_exit.o)
 *(.fini0)
                0x000000000000011a                _etext = .

.data           0x0000000000804000        0x0 load address 0x000000000000011a
                [!provide]                        PROVIDE (__data_start, .)
 *(.gnu.linkonce.d*)
 *(.gnu.linkonce.r*)
                0x0000000000804000                . = ALIGN (0x2)
                0x0000000000804000                _edata = .
                [!provide]                        PROVIDE (__data_end, .)

.bss            0x0000000000804000      0x108
                [!provide]                        PROVIDE (__bss_start, .)
 *(COMMON)
 COMMON         0x0000000000804000        0x4 build/default/production/mcc_generated_files/uart/src/usart2.o
                0x0000000000804000                USART2_TxInterruptHandler
                0x0000000000804002                USART2_RxInterruptHandler
 COMMON         0x0000000000804004        0x4 build/default/production/mcc_generated_files/uart/src/usart1.o
                0x0000000000804004                USART1_TxInterruptHandler
                0x0000000000804006                USART1_RxInterruptHandler
 COMMON         0x0000000000804008      0x100 build/default/production/functions/system_registers.o
                0x0000000000804008                sys_regs
                [!provide]                        PROVIDE (__bss_end, .)
                0x000000000000011a                __data_load_start = LOADADDR (.data)
                0x000000000000011a                __data_load_end = (__data_load_start + SIZEOF (.data))

.noinit         0x0000000000804108        0x0
                [!provide]                        PROVIDE (__noinit_start, .)
 *(.noinit*)
                [!provide]                        PROVIDE (__noinit_end, .)
                0x0000000000804108                _end = .

.eeprom         0x0000000000810000        0x0
 *(.eeprom*)
                0x0000000000810000                __eeprom_end = .

.fuse           0x0000000000820000        0x9
 *(.fuse)
 .fuse          0x0000000000820000        0x9 build/default/production/mcc_generated_files/system/src/config_bits.o
                0x0000000000820000                __fuse
 *(.lfuse)
 *(.hfuse)
 *(.efuse)

.lock
 *(.lock*)

.signature
 *(.signature*)

.user_signatures
 *(.user_signatures*)

.bootrow
 *(.bootrow*)

.stab
 *(.stab)

.stabstr
 *(.stabstr)

.stab.excl
 *(.stab.excl)

.stab.exclstr
 *(.stab.exclstr)

.stab.index
 *(.stab.index)

.stab.indexstr
 *(.stab.indexstr)

.comment        0x0000000000000000       0x5b
 *(.comment)
 .comment       0x0000000000000000       0x2f build/default/production/mcc_generated_files/spi/src/spi0.o
                                         0x30 (size before relaxing)
 .comment       0x000000000000002f       0x30 build/default/production/mcc_generated_files/system/src/pins.o
 .comment       0x000000000000002f       0x30 build/default/production/mcc_generated_files/system/src/interrupt.o
 .comment       0x000000000000002f       0x30 build/default/production/mcc_generated_files/system/src/system.o
 .comment       0x000000000000002f       0x30 build/default/production/mcc_generated_files/system/src/config_bits.o
 .comment       0x000000000000002f       0x30 build/default/production/mcc_generated_files/system/src/clock.o
 .comment       0x000000000000002f       0x30 build/default/production/mcc_generated_files/timer/src/tcb0.o
 .comment       0x000000000000002f       0x30 build/default/production/mcc_generated_files/timer/src/rtc.o
 .comment       0x000000000000002f       0x30 build/default/production/mcc_generated_files/timer/src/tca0.o
 .comment       0x000000000000002f       0x30 build/default/production/mcc_generated_files/timer/src/tcb1.o
 .comment       0x000000000000002f       0x30 build/default/production/mcc_generated_files/timer/src/tcb2.o
 .comment       0x000000000000002f       0x30 build/default/production/mcc_generated_files/uart/src/usart2.o
 .comment       0x000000000000002f       0x30 build/default/production/mcc_generated_files/uart/src/usart1.o
 .comment       0x000000000000002f       0x30 build/default/production/main.o
 .comment       0x000000000000002f       0x30 build/default/production/functions/modbus.o
 .comment       0x000000000000002f       0x30 build/default/production/functions/debug_uart2.o
 .comment       0x000000000000002f       0x30 build/default/production/functions/temp_sensors.o
 .comment       0x000000000000002f       0x30 build/default/production/functions/system_registers.o
 .comment       0x000000000000002f       0x30 build/default/production/DS.o
 .comment       0x000000000000002f       0x2c c:/program files/microchip/xc8/v3.10/avr/bin/../lib/gcc/avr/5.4.0/../../../../avr/lib/avrxmega4\libc.a(exit.o)
                                         0x2d (size before relaxing)
 .comment       0x000000000000005b       0x2d c:/program files/microchip/xc8/v3.10/avr/bin/../lib/gcc/avr/5.4.0/../../../../avr/lib/avrxmega4\libc.a(_Exit.o)

.stack.descriptors.hdr
                0x0000000000000000       0x2a
 .stack.descriptors.hdr
                0x0000000000000000        0xe c:/program files/microchip/xc8/v3.10/avr/bin/../lib/gcc/avr/5.4.0/../../../../avr/lib/avrxmega4\libc.a(exit.o)
 .stack.descriptors.hdr
                0x000000000000000e        0xe c:/program files/microchip/xc8/v3.10/avr/bin/../lib/gcc/avr/5.4.0/../../../../avr/lib/avrxmega4\libc.a(_Exit.o)
 .stack.descriptors.hdr
                0x000000000000001c        0xe c:/program files/microchip/xc8/v3.10/avr/bin/../lib/gcc/avr/5.4.0/avrxmega4\libgcc.a(_exit.o)

.note.GNU-stack
                0x0000000000000000        0x0
 .note.GNU-stack
                0x0000000000000000        0x0 c:/program files/microchip/xc8/v3.10/avr/bin/../lib/gcc/avr/5.4.0/../../../../avr/lib/avrxmega4\libc.a(exit.o)
 .note.GNU-stack
                0x0000000000000000        0x0 c:/program files/microchip/xc8/v3.10/avr/bin/../lib/gcc/avr/5.4.0/../../../../avr/lib/avrxmega4\libc.a(_Exit.o)

.note.gnu.build-id
 *(.note.gnu.build-id)

.debug
 *(.debug)

.line
 *(.line)

.debug_srcinfo
 *(.debug_srcinfo)

.debug_sfnames
 *(.debug_sfnames)

.debug_aranges  0x0000000000000000      0xb00
 *(.debug_aranges)
 .debug_aranges
                0x0000000000000000       0x98 build/default/production/mcc_generated_files/spi/src/spi0.o
 .debug_aranges
                0x0000000000000098      0x180 build/default/production/mcc_generated_files/system/src/pins.o
 .debug_aranges
                0x0000000000000218       0x20 build/default/production/mcc_generated_files/system/src/protected_io.o
 .debug_aranges
                0x0000000000000238       0x20 build/default/production/mcc_generated_files/system/src/interrupt.o
 .debug_aranges
                0x0000000000000258       0x20 build/default/production/mcc_generated_files/system/src/system.o
 .debug_aranges
                0x0000000000000278       0x18 build/default/production/mcc_generated_files/system/src/config_bits.o
 .debug_aranges
                0x0000000000000290       0x30 build/default/production/mcc_generated_files/system/src/clock.o
 .debug_aranges
                0x00000000000002c0       0xb8 build/default/production/mcc_generated_files/timer/src/tcb0.o
 .debug_aranges
                0x0000000000000378       0xc8 build/default/production/mcc_generated_files/timer/src/rtc.o
 .debug_aranges
                0x0000000000000440      0x108 build/default/production/mcc_generated_files/timer/src/tca0.o
 .debug_aranges
                0x0000000000000548       0xb8 build/default/production/mcc_generated_files/timer/src/tcb1.o
 .debug_aranges
                0x0000000000000600       0xb8 build/default/production/mcc_generated_files/timer/src/tcb2.o
 .debug_aranges
                0x00000000000006b8      0x130 build/default/production/mcc_generated_files/uart/src/usart2.o
 .debug_aranges
                0x00000000000007e8      0x130 build/default/production/mcc_generated_files/uart/src/usart1.o
 .debug_aranges
                0x0000000000000918       0x38 build/default/production/main.o
 .debug_aranges
                0x0000000000000950       0x50 build/default/production/functions/modbus.o
 .debug_aranges
                0x00000000000009a0       0x38 build/default/production/functions/debug_uart2.o
 .debug_aranges
                0x00000000000009d8       0x88 build/default/production/functions/temp_sensors.o
 .debug_aranges
                0x0000000000000a60       0x30 build/default/production/functions/system_registers.o
 .debug_aranges
                0x0000000000000a90       0x70 build/default/production/DS.o

.debug_pubnames
 *(.debug_pubnames)

.debug_info     0x0000000000000000     0xfe15
 *(.debug_info .gnu.linkonce.wi.*)
 .debug_info    0x0000000000000000     0x2848 C:/Program Files/Microchip/MPLABX/v6.25/packs/Microchip/AVR-Dx_DFP/2.7.321/xc8/avr/lib/avrxmega4/crtavr128db32.o
 .debug_info    0x0000000000002848      0xbaa build/default/production/mcc_generated_files/spi/src/spi0.o
 .debug_info    0x00000000000033f2     0x1483 build/default/production/mcc_generated_files/system/src/pins.o
 .debug_info    0x0000000000004875       0x75 build/default/production/mcc_generated_files/system/src/protected_io.o
 .debug_info    0x00000000000048ea      0x3cd build/default/production/mcc_generated_files/system/src/interrupt.o
 .debug_info    0x0000000000004cb7      0x36f build/default/production/mcc_generated_files/system/src/system.o
 .debug_info    0x0000000000005026      0x879 build/default/production/mcc_generated_files/system/src/config_bits.o
 .debug_info    0x000000000000589f      0xed5 build/default/production/mcc_generated_files/system/src/clock.o
 .debug_info    0x0000000000006774      0x94d build/default/production/mcc_generated_files/timer/src/tcb0.o
 .debug_info    0x00000000000070c1      0x914 build/default/production/mcc_generated_files/timer/src/rtc.o
 .debug_info    0x00000000000079d5     0x13d1 build/default/production/mcc_generated_files/timer/src/tca0.o
 .debug_info    0x0000000000008da6      0x94d build/default/production/mcc_generated_files/timer/src/tcb1.o
 .debug_info    0x00000000000096f3      0x94d build/default/production/mcc_generated_files/timer/src/tcb2.o
 .debug_info    0x000000000000a040     0x11de build/default/production/mcc_generated_files/uart/src/usart2.o
 .debug_info    0x000000000000b21e     0x11e0 build/default/production/mcc_generated_files/uart/src/usart1.o
 .debug_info    0x000000000000c3fe      0x881 build/default/production/main.o
 .debug_info    0x000000000000cc7f      0xb36 build/default/production/functions/modbus.o
 .debug_info    0x000000000000d7b5      0x578 build/default/production/functions/debug_uart2.o
 .debug_info    0x000000000000dd2d      0xe17 build/default/production/functions/temp_sensors.o
 .debug_info    0x000000000000eb44      0x2fd build/default/production/functions/system_registers.o
 .debug_info    0x000000000000ee41      0xfd4 build/default/production/DS.o

.debug_abbrev   0x0000000000000000     0x46d1
 *(.debug_abbrev)
 .debug_abbrev  0x0000000000000000     0x2626 C:/Program Files/Microchip/MPLABX/v6.25/packs/Microchip/AVR-Dx_DFP/2.7.321/xc8/avr/lib/avrxmega4/crtavr128db32.o
 .debug_abbrev  0x0000000000002626      0x256 build/default/production/mcc_generated_files/spi/src/spi0.o
 .debug_abbrev  0x000000000000287c      0x176 build/default/production/mcc_generated_files/system/src/pins.o
 .debug_abbrev  0x00000000000029f2       0x14 build/default/production/mcc_generated_files/system/src/protected_io.o
 .debug_abbrev  0x0000000000002a06       0xfa build/default/production/mcc_generated_files/system/src/interrupt.o
 .debug_abbrev  0x0000000000002b00       0x6a build/default/production/mcc_generated_files/system/src/system.o
 .debug_abbrev  0x0000000000002b6a       0x97 build/default/production/mcc_generated_files/system/src/config_bits.o
 .debug_abbrev  0x0000000000002c01      0x135 build/default/production/mcc_generated_files/system/src/clock.o
 .debug_abbrev  0x0000000000002d36      0x1ba build/default/production/mcc_generated_files/timer/src/tcb0.o
 .debug_abbrev  0x0000000000002ef0      0x14c build/default/production/mcc_generated_files/timer/src/rtc.o
 .debug_abbrev  0x000000000000303c      0x1d2 build/default/production/mcc_generated_files/timer/src/tca0.o
 .debug_abbrev  0x000000000000320e      0x1ba build/default/production/mcc_generated_files/timer/src/tcb1.o
 .debug_abbrev  0x00000000000033c8      0x1ba build/default/production/mcc_generated_files/timer/src/tcb2.o
 .debug_abbrev  0x0000000000003582      0x2ab build/default/production/mcc_generated_files/uart/src/usart2.o
 .debug_abbrev  0x000000000000382d      0x2b4 build/default/production/mcc_generated_files/uart/src/usart1.o
 .debug_abbrev  0x0000000000003ae1      0x1d0 build/default/production/main.o
 .debug_abbrev  0x0000000000003cb1      0x239 build/default/production/functions/modbus.o
 .debug_abbrev  0x0000000000003eea      0x111 build/default/production/functions/debug_uart2.o
 .debug_abbrev  0x0000000000003ffb      0x348 build/default/production/functions/temp_sensors.o
 .debug_abbrev  0x0000000000004343       0x99 build/default/production/functions/system_registers.o
 .debug_abbrev  0x00000000000043dc      0x2f5 build/default/production/DS.o

.debug_line     0x0000000000000000     0x4de3
 *(.debug_line .debug_line.* .debug_line_end)
 .debug_line    0x0000000000000000      0x19f C:/Program Files/Microchip/MPLABX/v6.25/packs/Microchip/AVR-Dx_DFP/2.7.321/xc8/avr/lib/avrxmega4/crtavr128db32.o
 .debug_line    0x000000000000019f      0x4b4 build/default/production/mcc_generated_files/spi/src/spi0.o
 .debug_line    0x0000000000000653      0x73a build/default/production/mcc_generated_files/system/src/pins.o
 .debug_line    0x0000000000000d8d       0x73 build/default/production/mcc_generated_files/system/src/protected_io.o
 .debug_line    0x0000000000000e00      0x19c build/default/production/mcc_generated_files/system/src/interrupt.o
 .debug_line    0x0000000000000f9c      0x1b8 build/default/production/mcc_generated_files/system/src/system.o
 .debug_line    0x0000000000001154      0x103 build/default/production/mcc_generated_files/system/src/config_bits.o
 .debug_line    0x0000000000001257      0x1ce build/default/production/mcc_generated_files/system/src/clock.o
 .debug_line    0x0000000000001425      0x37a build/default/production/mcc_generated_files/timer/src/tcb0.o
 .debug_line    0x000000000000179f      0x3ed build/default/production/mcc_generated_files/timer/src/rtc.o
 .debug_line    0x0000000000001b8c      0x53f build/default/production/mcc_generated_files/timer/src/tca0.o
 .debug_line    0x00000000000020cb      0x37a build/default/production/mcc_generated_files/timer/src/tcb1.o
 .debug_line    0x0000000000002445      0x37a build/default/production/mcc_generated_files/timer/src/tcb2.o
 .debug_line    0x00000000000027bf      0x6dd build/default/production/mcc_generated_files/uart/src/usart2.o
 .debug_line    0x0000000000002e9c      0x6dd build/default/production/mcc_generated_files/uart/src/usart1.o
 .debug_line    0x0000000000003579      0x325 build/default/production/main.o
 .debug_line    0x000000000000389e      0x5da build/default/production/functions/modbus.o
 .debug_line    0x0000000000003e78      0x239 build/default/production/functions/debug_uart2.o
 .debug_line    0x00000000000040b1      0x6e0 build/default/production/functions/temp_sensors.o
 .debug_line    0x0000000000004791       0xc2 build/default/production/functions/system_registers.o
 .debug_line    0x0000000000004853      0x590 build/default/production/DS.o

.debug_frame    0x0000000000000000     0x1a30
 *(.debug_frame)
 .debug_frame   0x0000000000000000      0x16c build/default/production/mcc_generated_files/spi/src/spi0.o
 .debug_frame   0x000000000000016c      0x410 build/default/production/mcc_generated_files/system/src/pins.o
 .debug_frame   0x000000000000057c       0x24 build/default/production/mcc_generated_files/system/src/interrupt.o
 .debug_frame   0x00000000000005a0       0x24 build/default/production/mcc_generated_files/system/src/system.o
 .debug_frame   0x00000000000005c4       0x44 build/default/production/mcc_generated_files/system/src/clock.o
 .debug_frame   0x0000000000000608      0x1a8 build/default/production/mcc_generated_files/timer/src/tcb0.o
 .debug_frame   0x00000000000007b0      0x204 build/default/production/mcc_generated_files/timer/src/rtc.o
 .debug_frame   0x00000000000009b4      0x1f4 build/default/production/mcc_generated_files/timer/src/tca0.o
 .debug_frame   0x0000000000000ba8      0x1a8 build/default/production/mcc_generated_files/timer/src/tcb1.o
 .debug_frame   0x0000000000000d50      0x1a8 build/default/production/mcc_generated_files/timer/src/tcb2.o
 .debug_frame   0x0000000000000ef8      0x328 build/default/production/mcc_generated_files/uart/src/usart2.o
 .debug_frame   0x0000000000001220      0x328 build/default/production/mcc_generated_files/uart/src/usart1.o
 .debug_frame   0x0000000000001548       0x68 build/default/production/main.o
 .debug_frame   0x00000000000015b0       0xc0 build/default/production/functions/modbus.o
 .debug_frame   0x0000000000001670       0x7c build/default/production/functions/debug_uart2.o
 .debug_frame   0x00000000000016ec      0x1cc build/default/production/functions/temp_sensors.o
 .debug_frame   0x00000000000018b8       0x44 build/default/production/functions/system_registers.o
 .debug_frame   0x00000000000018fc      0x134 build/default/production/DS.o

.debug_str      0x0000000000000000     0x15a8
 *(.debug_str)
 .debug_str     0x0000000000000000     0x1189 C:/Program Files/Microchip/MPLABX/v6.25/packs/Microchip/AVR-Dx_DFP/2.7.321/xc8/avr/lib/avrxmega4/crtavr128db32.o
 .debug_str     0x0000000000001189       0x34 build/default/production/mcc_generated_files/spi/src/spi0.o
 .debug_str     0x00000000000011bd       0x30 build/default/production/mcc_generated_files/system/src/pins.o
 .debug_str     0x00000000000011ed       0x13 build/default/production/mcc_generated_files/system/src/interrupt.o
 .debug_str     0x0000000000001200       0xbd build/default/production/mcc_generated_files/system/src/system.o
 .debug_str     0x00000000000012bd        0x0 build/default/production/mcc_generated_files/system/src/config_bits.o
 .debug_str     0x00000000000012bd       0x13 build/default/production/mcc_generated_files/system/src/clock.o
 .debug_str     0x00000000000012d0       0x10 build/default/production/mcc_generated_files/timer/src/tcb0.o
 .debug_str     0x00000000000012e0        0x9 build/default/production/mcc_generated_files/timer/src/rtc.o
 .debug_str     0x00000000000012e9       0x72 build/default/production/mcc_generated_files/timer/src/tca0.o
 .debug_str     0x000000000000135b       0x10 build/default/production/mcc_generated_files/timer/src/tcb1.o
 .debug_str     0x000000000000136b       0x10 build/default/production/mcc_generated_files/timer/src/tcb2.o
 .debug_str     0x000000000000137b       0x10 build/default/production/mcc_generated_files/uart/src/usart2.o
 .debug_str     0x000000000000138b       0x10 build/default/production/mcc_generated_files/uart/src/usart1.o
 .debug_str     0x000000000000139b       0x8e build/default/production/main.o
 .debug_str     0x0000000000001429       0x8d build/default/production/functions/modbus.o
 .debug_str     0x00000000000014b6       0x5e build/default/production/functions/debug_uart2.o
 .debug_str     0x0000000000001514       0x48 build/default/production/functions/temp_sensors.o
 .debug_str     0x000000000000155c        0x0 build/default/production/functions/system_registers.o
 .debug_str     0x000000000000155c       0x4c build/default/production/DS.o

.debug_loc      0x0000000000000000     0x1c84
 *(.debug_loc)
 .debug_loc     0x0000000000000000      0x2e9 build/default/production/mcc_generated_files/spi/src/spi0.o
 .debug_loc     0x00000000000002e9       0x2a build/default/production/mcc_generated_files/system/src/interrupt.o
 .debug_loc     0x0000000000000313      0x21c build/default/production/mcc_generated_files/system/src/clock.o
 .debug_loc     0x000000000000052f       0x34 build/default/production/mcc_generated_files/timer/src/tca0.o
 .debug_loc     0x0000000000000563      0x145 build/default/production/mcc_generated_files/uart/src/usart2.o
 .debug_loc     0x00000000000006a8      0x145 build/default/production/mcc_generated_files/uart/src/usart1.o
 .debug_loc     0x00000000000007ed       0x62 build/default/production/main.o
 .debug_loc     0x000000000000084f      0x4f2 build/default/production/functions/modbus.o
 .debug_loc     0x0000000000000d41       0xb8 build/default/production/functions/debug_uart2.o
 .debug_loc     0x0000000000000df9      0x775 build/default/production/functions/temp_sensors.o
 .debug_loc     0x000000000000156e       0x5a build/default/production/functions/system_registers.o
 .debug_loc     0x00000000000015c8      0x6bc build/default/production/DS.o

.debug_macinfo
 *(.debug_macinfo)

.debug_weaknames
 *(.debug_weaknames)

.debug_funcnames
 *(.debug_funcnames)

.debug_typenames
 *(.debug_typenames)

.debug_varnames
 *(.debug_varnames)

.debug_pubtypes
 *(.debug_pubtypes)

.debug_ranges   0x0000000000000000      0xa50
 *(.debug_ranges)
 .debug_ranges  0x0000000000000000       0x88 build/default/production/mcc_generated_files/spi/src/spi0.o
 .debug_ranges  0x0000000000000088      0x170 build/default/production/mcc_generated_files/system/src/pins.o
 .debug_ranges  0x00000000000001f8       0x10 build/default/production/mcc_generated_files/system/src/interrupt.o
 .debug_ranges  0x0000000000000208       0x10 build/default/production/mcc_generated_files/system/src/system.o
 .debug_ranges  0x0000000000000218       0x20 build/default/production/mcc_generated_files/system/src/clock.o
 .debug_ranges  0x0000000000000238       0xa8 build/default/production/mcc_generated_files/timer/src/tcb0.o
 .debug_ranges  0x00000000000002e0       0xb8 build/default/production/mcc_generated_files/timer/src/rtc.o
 .debug_ranges  0x0000000000000398       0xf8 build/default/production/mcc_generated_files/timer/src/tca0.o
 .debug_ranges  0x0000000000000490       0xa8 build/default/production/mcc_generated_files/timer/src/tcb1.o
 .debug_ranges  0x0000000000000538       0xa8 build/default/production/mcc_generated_files/timer/src/tcb2.o
 .debug_ranges  0x00000000000005e0      0x120 build/default/production/mcc_generated_files/uart/src/usart2.o
 .debug_ranges  0x0000000000000700      0x120 build/default/production/mcc_generated_files/uart/src/usart1.o
 .debug_ranges  0x0000000000000820       0x28 build/default/production/main.o
 .debug_ranges  0x0000000000000848       0x88 build/default/production/functions/modbus.o
 .debug_ranges  0x00000000000008d0       0x28 build/default/production/functions/debug_uart2.o
 .debug_ranges  0x00000000000008f8       0xa8 build/default/production/functions/temp_sensors.o
 .debug_ranges  0x00000000000009a0       0x20 build/default/production/functions/system_registers.o
 .debug_ranges  0x00000000000009c0       0x90 build/default/production/DS.o

.debug_macro
 *(.debug_macro)
OUTPUT(dist/default/production/Sensor_Controller.X.production.elf elf32-avr)
LOAD linker stubs
LOAD data_init

.note.gnu.avr.deviceinfo
                0x0000000000000000       0x40
 .note.gnu.avr.deviceinfo
                0x0000000000000000       0x40 C:/Program Files/Microchip/MPLABX/v6.25/packs/Microchip/AVR-Dx_DFP/2.7.321/xc8/avr/lib/avrxmega4/crtavr128db32.o

.bss.spi0_descriptor
                0x0000000000805620        0x8
 .bss.spi0_descriptor
                0x0000000000805620        0x8 build/default/production/mcc_generated_files/spi/src/spi0.o

.bss.SPI0_RxCompleteCallback
                0x0000000000805628        0x2
 .bss.SPI0_RxCompleteCallback
                0x0000000000805628        0x2 build/default/production/mcc_generated_files/spi/src/spi0.o

.bss.IO_PF5_InterruptHandler
                0x000000000080562a        0x2
 .bss.IO_PF5_InterruptHandler
                0x000000000080562a        0x2 build/default/production/mcc_generated_files/system/src/pins.o

.bss.IO_PF4_InterruptHandler
                0x000000000080562c        0x2
 .bss.IO_PF4_InterruptHandler
                0x000000000080562c        0x2 build/default/production/mcc_generated_files/system/src/pins.o

.bss.IO_PD7_InterruptHandler
                0x000000000080562e        0x2
 .bss.IO_PD7_InterruptHandler
                0x000000000080562e        0x2 build/default/production/mcc_generated_files/system/src/pins.o

.bss.IO_PD6_InterruptHandler
                0x0000000000805630        0x2
 .bss.IO_PD6_InterruptHandler
                0x0000000000805630        0x2 build/default/production/mcc_generated_files/system/src/pins.o

.bss.IO_PD5_InterruptHandler
                0x0000000000805632        0x2
 .bss.IO_PD5_InterruptHandler
                0x0000000000805632        0x2 build/default/production/mcc_generated_files/system/src/pins.o

.bss.IO_PD4_InterruptHandler
                0x0000000000805634        0x2
 .bss.IO_PD4_InterruptHandler
                0x0000000000805634        0x2 build/default/production/mcc_generated_files/system/src/pins.o

.bss.IO_PD3_InterruptHandler
                0x0000000000805636        0x2
 .bss.IO_PD3_InterruptHandler
                0x0000000000805636        0x2 build/default/production/mcc_generated_files/system/src/pins.o

.bss.IO_PD2_InterruptHandler
                0x0000000000805638        0x2
 .bss.IO_PD2_InterruptHandler
                0x0000000000805638        0x2 build/default/production/mcc_generated_files/system/src/pins.o

.bss.IO_PD1_InterruptHandler
                0x000000000080563a        0x2
 .bss.IO_PD1_InterruptHandler
                0x000000000080563a        0x2 build/default/production/mcc_generated_files/system/src/pins.o

.bss.IO_PC3_InterruptHandler
                0x000000000080563c        0x2
 .bss.IO_PC3_InterruptHandler
                0x000000000080563c        0x2 build/default/production/mcc_generated_files/system/src/pins.o

.bss.IO_PC2_InterruptHandler
                0x000000000080563e        0x2
 .bss.IO_PC2_InterruptHandler
                0x000000000080563e        0x2 build/default/production/mcc_generated_files/system/src/pins.o

.bss.IO_PA6_InterruptHandler
                0x0000000000805640        0x2
 .bss.IO_PA6_InterruptHandler
                0x0000000000805640        0x2 build/default/production/mcc_generated_files/system/src/pins.o

.bss.IO_PA7_InterruptHandler
                0x0000000000805642        0x2
 .bss.IO_PA7_InterruptHandler
                0x0000000000805642        0x2 build/default/production/mcc_generated_files/system/src/pins.o

.bss.IO_PA5_InterruptHandler
                0x0000000000805644        0x2
 .bss.IO_PA5_InterruptHandler
                0x0000000000805644        0x2 build/default/production/mcc_generated_files/system/src/pins.o

.bss.IO_PA3_InterruptHandler
                0x0000000000805646        0x2
 .bss.IO_PA3_InterruptHandler
                0x0000000000805646        0x2 build/default/production/mcc_generated_files/system/src/pins.o

.bss.IO_PA2_InterruptHandler
                0x0000000000805648        0x2
 .bss.IO_PA2_InterruptHandler
                0x0000000000805648        0x2 build/default/production/mcc_generated_files/system/src/pins.o

.bss.IO_PF0_InterruptHandler
                0x000000000080564a        0x2
 .bss.IO_PF0_InterruptHandler
                0x000000000080564a        0x2 build/default/production/mcc_generated_files/system/src/pins.o

.bss.IO_PF1_InterruptHandler
                0x000000000080564c        0x2
 .bss.IO_PF1_InterruptHandler
                0x000000000080564c        0x2 build/default/production/mcc_generated_files/system/src/pins.o

.bss.IO_PC0_InterruptHandler
                0x000000000080564e        0x2
 .bss.IO_PC0_InterruptHandler
                0x000000000080564e        0x2 build/default/production/mcc_generated_files/system/src/pins.o

.bss.IO_PC1_InterruptHandler
                0x0000000000805650        0x2
 .bss.IO_PC1_InterruptHandler
                0x0000000000805650        0x2 build/default/production/mcc_generated_files/system/src/pins.o

.bss.TCB0_CAPT_isr_cb
                0x0000000000805652        0x2
 .bss.TCB0_CAPT_isr_cb
                0x0000000000805652        0x2 build/default/production/mcc_generated_files/timer/src/tcb0.o

.bss.TCB0_OVF_isr_cb
                0x0000000000805654        0x2
 .bss.TCB0_OVF_isr_cb
                0x0000000000805654        0x2 build/default/production/mcc_generated_files/timer/src/tcb0.o

.bss.RTC_PIT_isr_cb
                0x0000000000805656        0x2
 .bss.RTC_PIT_isr_cb
                0x0000000000805656        0x2 build/default/production/mcc_generated_files/timer/src/rtc.o
                0x0000000000805656                RTC_PIT_isr_cb

.bss.RTC_CMP_isr_cb
                0x0000000000805658        0x2
 .bss.RTC_CMP_isr_cb
                0x0000000000805658        0x2 build/default/production/mcc_generated_files/timer/src/rtc.o
                0x0000000000805658                RTC_CMP_isr_cb

.bss.RTC_OVF_isr_cb
                0x000000000080565a        0x2
 .bss.RTC_OVF_isr_cb
                0x000000000080565a        0x2 build/default/production/mcc_generated_files/timer/src/rtc.o
                0x000000000080565a                RTC_OVF_isr_cb

.bss.TCB1_CAPT_isr_cb
                0x000000000080565c        0x2
 .bss.TCB1_CAPT_isr_cb
                0x000000000080565c        0x2 build/default/production/mcc_generated_files/timer/src/tcb1.o

.bss.TCB1_OVF_isr_cb
                0x000000000080565e        0x2
 .bss.TCB1_OVF_isr_cb
                0x000000000080565e        0x2 build/default/production/mcc_generated_files/timer/src/tcb1.o

.bss.TCB2_CAPT_isr_cb
                0x0000000000805660        0x2
 .bss.TCB2_CAPT_isr_cb
                0x0000000000805660        0x2 build/default/production/mcc_generated_files/timer/src/tcb2.o

.bss.TCB2_OVF_isr_cb
                0x0000000000805662        0x2
 .bss.TCB2_OVF_isr_cb
                0x0000000000805662        0x2 build/default/production/mcc_generated_files/timer/src/tcb2.o

.bss.USART2_RxCompleteInterruptHandler
                0x0000000000805664        0x2
 .bss.USART2_RxCompleteInterruptHandler
                0x0000000000805664        0x2 build/default/production/mcc_generated_files/uart/src/usart2.o

.bss.USART2_TxCompleteInterruptHandler
                0x0000000000805666        0x2
 .bss.USART2_TxCompleteInterruptHandler
                0x0000000000805666        0x2 build/default/production/mcc_generated_files/uart/src/usart2.o

.bss.USART2_ParityErrorHandler
                0x0000000000805668        0x2
 .bss.USART2_ParityErrorHandler
                0x0000000000805668        0x2 build/default/production/mcc_generated_files/uart/src/usart2.o

.bss.USART2_OverrunErrorHandler
                0x000000000080566a        0x2
 .bss.USART2_OverrunErrorHandler
                0x000000000080566a        0x2 build/default/production/mcc_generated_files/uart/src/usart2.o

.bss.USART2_FramingErrorHandler
                0x000000000080566c        0x2
 .bss.USART2_FramingErrorHandler
                0x000000000080566c        0x2 build/default/production/mcc_generated_files/uart/src/usart2.o

.bss.usart2RxLastError
                0x000000000080566e        0x2
 .bss.usart2RxLastError
                0x000000000080566e        0x2 build/default/production/mcc_generated_files/uart/src/usart2.o

.bss.usart2RxStatusBuffer
                0x0000000000805108      0x200
 .bss.usart2RxStatusBuffer
                0x0000000000805108      0x200 build/default/production/mcc_generated_files/uart/src/usart2.o

.bss.usart2RxBuffer
                0x0000000000805308      0x100
 .bss.usart2RxBuffer
                0x0000000000805308      0x100 build/default/production/mcc_generated_files/uart/src/usart2.o

.bss.usart2RxCount
                0x0000000000805670        0x2
 .bss.usart2RxCount
                0x0000000000805670        0x2 build/default/production/mcc_generated_files/uart/src/usart2.o

.bss.usart2RxTail
                0x0000000000805672        0x2
 .bss.usart2RxTail
                0x0000000000805672        0x2 build/default/production/mcc_generated_files/uart/src/usart2.o

.bss.usart2RxHead
                0x0000000000805674        0x2
 .bss.usart2RxHead
                0x0000000000805674        0x2 build/default/production/mcc_generated_files/uart/src/usart2.o

.bss.usart2IsTxComplete
                0x0000000000805694        0x1
 .bss.usart2IsTxComplete
                0x0000000000805694        0x1 build/default/production/mcc_generated_files/uart/src/usart2.o

.bss.usart2TxBuffer
                0x0000000000805408      0x100
 .bss.usart2TxBuffer
                0x0000000000805408      0x100 build/default/production/mcc_generated_files/uart/src/usart2.o

.bss.usart2TxBufferRemaining
                0x0000000000805676        0x2
 .bss.usart2TxBufferRemaining
                0x0000000000805676        0x2 build/default/production/mcc_generated_files/uart/src/usart2.o

.bss.usart2TxTail
                0x0000000000805678        0x2
 .bss.usart2TxTail
                0x0000000000805678        0x2 build/default/production/mcc_generated_files/uart/src/usart2.o

.bss.usart2TxHead
                0x000000000080567a        0x2
 .bss.usart2TxHead
                0x000000000080567a        0x2 build/default/production/mcc_generated_files/uart/src/usart2.o

.bss.USART1_RxCompleteInterruptHandler
                0x000000000080567c        0x2
 .bss.USART1_RxCompleteInterruptHandler
                0x000000000080567c        0x2 build/default/production/mcc_generated_files/uart/src/usart1.o

.bss.USART1_TxCompleteInterruptHandler
                0x000000000080567e        0x2
 .bss.USART1_TxCompleteInterruptHandler
                0x000000000080567e        0x2 build/default/production/mcc_generated_files/uart/src/usart1.o

.bss.USART1_ParityErrorHandler
                0x0000000000805680        0x2
 .bss.USART1_ParityErrorHandler
                0x0000000000805680        0x2 build/default/production/mcc_generated_files/uart/src/usart1.o

.bss.USART1_OverrunErrorHandler
                0x0000000000805682        0x2
 .bss.USART1_OverrunErrorHandler
                0x0000000000805682        0x2 build/default/production/mcc_generated_files/uart/src/usart1.o

.bss.USART1_FramingErrorHandler
                0x0000000000805684        0x2
 .bss.USART1_FramingErrorHandler
                0x0000000000805684        0x2 build/default/production/mcc_generated_files/uart/src/usart1.o

.bss.usart1RxLastError
                0x0000000000805686        0x2
 .bss.usart1RxLastError
                0x0000000000805686        0x2 build/default/production/mcc_generated_files/uart/src/usart1.o

.bss.usart1RxStatusBuffer
                0x0000000000804108      0x800
 .bss.usart1RxStatusBuffer
                0x0000000000804108      0x800 build/default/production/mcc_generated_files/uart/src/usart1.o

.bss.usart1RxBuffer
                0x0000000000804908      0x400
 .bss.usart1RxBuffer
                0x0000000000804908      0x400 build/default/production/mcc_generated_files/uart/src/usart1.o

.bss.usart1RxCount
                0x0000000000805688        0x2
 .bss.usart1RxCount
                0x0000000000805688        0x2 build/default/production/mcc_generated_files/uart/src/usart1.o

.bss.usart1RxTail
                0x000000000080568a        0x2
 .bss.usart1RxTail
                0x000000000080568a        0x2 build/default/production/mcc_generated_files/uart/src/usart1.o

.bss.usart1RxHead
                0x000000000080568c        0x2
 .bss.usart1RxHead
                0x000000000080568c        0x2 build/default/production/mcc_generated_files/uart/src/usart1.o

.bss.usart1IsTxComplete
                0x0000000000805695        0x1
 .bss.usart1IsTxComplete
                0x0000000000805695        0x1 build/default/production/mcc_generated_files/uart/src/usart1.o

.bss.usart1TxBuffer
                0x0000000000804d08      0x400
 .bss.usart1TxBuffer
                0x0000000000804d08      0x400 build/default/production/mcc_generated_files/uart/src/usart1.o

.bss.usart1TxBufferRemaining
                0x000000000080568e        0x2
 .bss.usart1TxBufferRemaining
                0x000000000080568e        0x2 build/default/production/mcc_generated_files/uart/src/usart1.o

.bss.usart1TxTail
                0x0000000000805690        0x2
 .bss.usart1TxTail
                0x0000000000805690        0x2 build/default/production/mcc_generated_files/uart/src/usart1.o

.bss.usart1TxHead
                0x0000000000805692        0x2
 .bss.usart1TxHead
                0x0000000000805692        0x2 build/default/production/mcc_generated_files/uart/src/usart1.o

.bss.frame_complete
                0x0000000000805696        0x1
 .bss.frame_complete
                0x0000000000805696        0x1 build/default/production/functions/modbus.o

.bss.rx_index   0x0000000000805697        0x1
 .bss.rx_index  0x0000000000805697        0x1 build/default/production/functions/modbus.o

.bss.rx_buffer  0x0000000000805508      0x100
 .bss.rx_buffer
                0x0000000000805508      0x100 build/default/production/functions/modbus.o

.bss.KTYPE_STATE
                0x0000000000805698        0x1
 .bss.KTYPE_STATE
                0x0000000000805698        0x1 build/default/production/functions/temp_sensors.o
                0x0000000000805698                KTYPE_STATE

.bss.state2     0x0000000000805699        0x1
 .bss.state2    0x0000000000805699        0x1 build/default/production/DS.o

.bss.state1     0x000000000080569a        0x1
 .bss.state1    0x000000000080569a        0x1 build/default/production/DS.o

.text.PIN_MANAGER_Initialize
                0x000000000000011a      0x15a
 .text.PIN_MANAGER_Initialize
                0x000000000000011a      0x15a build/default/production/mcc_generated_files/system/src/pins.o
                0x000000000000011a                PIN_MANAGER_Initialize

.text.USART2_ReceiveISR
                0x0000000000000274       0xe2
 .text.USART2_ReceiveISR
                0x0000000000000274       0xe2 build/default/production/mcc_generated_files/uart/src/usart2.o
                0x0000000000000274                USART2_ReceiveISR

.text.USART1_ReceiveISR
                0x0000000000000356       0xe2
 .text.USART1_ReceiveISR
                0x0000000000000356       0xe2 build/default/production/mcc_generated_files/uart/src/usart1.o
                0x0000000000000356                USART1_ReceiveISR

.text.__vector_24
                0x0000000000000438       0xb2
 .text.__vector_24
                0x0000000000000438       0xb2 build/default/production/mcc_generated_files/system/src/pins.o
                0x0000000000000438                __vector_24

.text.DS_StartConversion
                0x00000000000004ea       0xa8
 .text.DS_StartConversion
                0x00000000000004ea       0xa8 build/default/production/DS.o
                0x00000000000004ea                DS_StartConversion

.text.SPI0_ISR  0x0000000000000592       0xa4
 .text.SPI0_ISR
                0x0000000000000592       0xa4 build/default/production/mcc_generated_files/spi/src/spi0.o
                0x0000000000000592                SPI0_ISR

.text.USART2_Initialize
                0x0000000000000636       0xa2
 .text.USART2_Initialize
                0x0000000000000636       0xa2 build/default/production/mcc_generated_files/uart/src/usart2.o
                0x0000000000000636                USART2_Initialize

.text.USART1_Initialize
                0x00000000000006d8       0xa2
 .text.USART1_Initialize
                0x00000000000006d8       0xa2 build/default/production/mcc_generated_files/uart/src/usart1.o
                0x00000000000006d8                USART1_Initialize

.text.__vector_8
                0x000000000000077a       0x96
 .text.__vector_8
                0x000000000000077a       0x96 build/default/production/mcc_generated_files/system/src/pins.o
                0x000000000000077a                __vector_8

.text.CLOCK_Initialize
                0x0000000000000810       0x8e
 .text.CLOCK_Initialize
                0x0000000000000810       0x8e build/default/production/mcc_generated_files/system/src/clock.o
                0x0000000000000810                CLOCK_Initialize

.text.__vector_5
                0x000000000000089e       0x8e
 .text.__vector_5
                0x000000000000089e       0x8e build/default/production/mcc_generated_files/timer/src/rtc.o
                0x000000000000089e                __vector_5

.text.__vector_30
                0x000000000000092c       0x88
 .text.__vector_30
                0x000000000000092c       0x88 build/default/production/mcc_generated_files/system/src/pins.o
                0x000000000000092c                __vector_30

.text.__vector_35
                0x00000000000009b4       0x88
 .text.__vector_35
                0x00000000000009b4       0x88 build/default/production/mcc_generated_files/system/src/pins.o
                0x00000000000009b4                __vector_35

.text.__vector_14
                0x0000000000000a3c       0x84
 .text.__vector_14
                0x0000000000000a3c       0x84 build/default/production/mcc_generated_files/timer/src/tcb0.o
                0x0000000000000a3c                __vector_14

.text.__vector_15
                0x0000000000000ac0       0x84
 .text.__vector_15
                0x0000000000000ac0       0x84 build/default/production/mcc_generated_files/timer/src/tcb1.o
                0x0000000000000ac0                __vector_15

.text.__vector_31
                0x0000000000000b44       0x84
 .text.__vector_31
                0x0000000000000b44       0x84 build/default/production/mcc_generated_files/timer/src/tcb2.o
                0x0000000000000b44                __vector_31

.text.__vector_40
                0x0000000000000bc8       0x72
 .text.__vector_40
                0x0000000000000bc8       0x72 build/default/production/mcc_generated_files/uart/src/usart2.o
                0x0000000000000bc8                __vector_40

.text.__vector_34
                0x0000000000000c3a       0x72
 .text.__vector_34
                0x0000000000000c3a       0x72 build/default/production/mcc_generated_files/uart/src/usart1.o
                0x0000000000000c3a                __vector_34

.text.__vector_6
                0x0000000000000cac       0x60
 .text.__vector_6
                0x0000000000000cac       0x60 build/default/production/mcc_generated_files/timer/src/rtc.o
                0x0000000000000cac                __vector_6

.text.USART1_Read
                0x0000000000000d0c       0x5a
 .text.USART1_Read
                0x0000000000000d0c       0x5a build/default/production/mcc_generated_files/uart/src/usart1.o
                0x0000000000000d0c                USART1_Read

.text.__vector_38
                0x0000000000000d66       0x56
 .text.__vector_38
                0x0000000000000d66       0x56 build/default/production/mcc_generated_files/uart/src/usart2.o
                0x0000000000000d66                __vector_38

.text.__vector_39
                0x0000000000000dbc       0x56
 .text.__vector_39
                0x0000000000000dbc       0x56 build/default/production/mcc_generated_files/uart/src/usart2.o
                0x0000000000000dbc                __vector_39

.text.USART1_Write
                0x0000000000000e12       0x56
 .text.USART1_Write
                0x0000000000000e12       0x56 build/default/production/mcc_generated_files/uart/src/usart1.o
                0x0000000000000e12                USART1_Write

.text.__vector_32
                0x0000000000000e68       0x56
 .text.__vector_32
                0x0000000000000e68       0x56 build/default/production/mcc_generated_files/uart/src/usart1.o
                0x0000000000000e68                __vector_32

.text.__vector_33
                0x0000000000000ebe       0x56
 .text.__vector_33
                0x0000000000000ebe       0x56 build/default/production/mcc_generated_files/uart/src/usart1.o
                0x0000000000000ebe                __vector_33

.text.USART1_TransmitISR
                0x0000000000000f14       0x54
 .text.USART1_TransmitISR
                0x0000000000000f14       0x54 build/default/production/mcc_generated_files/uart/src/usart1.o
                0x0000000000000f14                USART1_TransmitISR

.text.USART2_TransmitISR
                0x0000000000000f68       0x52
 .text.USART2_TransmitISR
                0x0000000000000f68       0x52 build/default/production/mcc_generated_files/uart/src/usart2.o
                0x0000000000000f68                USART2_TransmitISR

.text.__vector_20
                0x0000000000000fba       0x50
 .text.__vector_20
                0x0000000000000fba       0x50 build/default/production/mcc_generated_files/spi/src/spi0.o
                0x0000000000000fba                __vector_20

.text.ds_reset  0x000000000000100a       0x50
 .text.ds_reset
                0x000000000000100a       0x50 build/default/production/DS.o

.text.RTC_Initialize
                0x000000000000105a       0x42
 .text.RTC_Initialize
                0x000000000000105a       0x42 build/default/production/mcc_generated_files/timer/src/rtc.o
                0x000000000000105a                RTC_Initialize

.text.modbus_receive
                0x000000000000109c       0x42
 .text.modbus_receive
                0x000000000000109c       0x42 build/default/production/functions/modbus.o
                0x000000000000109c                modbus_receive

.text.TCB0_Initialize
                0x00000000000010de       0x3e
 .text.TCB0_Initialize
                0x00000000000010de       0x3e build/default/production/mcc_generated_files/timer/src/tcb0.o
                0x00000000000010de                TCB0_Initialize

.text.TCB1_Initialize
                0x000000000000111c       0x3e
 .text.TCB1_Initialize
                0x000000000000111c       0x3e build/default/production/mcc_generated_files/timer/src/tcb1.o
                0x000000000000111c                TCB1_Initialize

.text.TCB2_Initialize
                0x000000000000115a       0x3e
 .text.TCB2_Initialize
                0x000000000000115a       0x3e build/default/production/mcc_generated_files/timer/src/tcb2.o
                0x000000000000115a                TCB2_Initialize

.text.TCA0_Initialize
                0x0000000000001198       0x3a
 .text.TCA0_Initialize
                0x0000000000001198       0x3a build/default/production/mcc_generated_files/timer/src/tca0.o
                0x0000000000001198                TCA0_Initialize

.text.ds_write_bit
                0x00000000000011d2       0x38
 .text.ds_write_bit
                0x00000000000011d2       0x38 build/default/production/DS.o

.text._SYS_INIT
                0x000000000000120a       0x36
 .text._SYS_INIT
                0x000000000000120a       0x36 build/default/production/main.o
                0x000000000000120a                _SYS_INIT

.text.debug1_send_string
                0x0000000000001240       0x36
 .text.debug1_send_string
                0x0000000000001240       0x36 build/default/production/functions/debug_uart2.o
                0x0000000000001240                debug1_send_string

.text.main      0x0000000000001276       0x34
 .text.main     0x0000000000001276       0x34 build/default/production/main.o
                0x0000000000001276                main

.text.ds_write_byte
                0x00000000000012aa       0x34
 .text.ds_write_byte
                0x00000000000012aa       0x34 build/default/production/DS.o

.text.SYSTEM_Initialize
                0x00000000000012de       0x2e
 .text.SYSTEM_Initialize
                0x00000000000012de       0x2e build/default/production/mcc_generated_files/system/src/system.o
                0x00000000000012de                SYSTEM_Initialize

.text.DS_Timeout
                0x000000000000130c       0x2c
 .text.DS_Timeout
                0x000000000000130c       0x2c build/default/production/DS.o
                0x000000000000130c                DS_Timeout

.text.KTYPE_start_conversion
                0x0000000000001338       0x22
 .text.KTYPE_start_conversion
                0x0000000000001338       0x22 build/default/production/functions/temp_sensors.o
                0x0000000000001338                KTYPE_start_conversion

.text.DS_Init   0x000000000000135a       0x22
 .text.DS_Init  0x000000000000135a       0x22 build/default/production/DS.o
                0x000000000000135a                DS_Init

.text.SPI0_Initialize
                0x000000000000137c       0x20
 .text.SPI0_Initialize
                0x000000000000137c       0x20 build/default/production/mcc_generated_files/spi/src/spi0.o
                0x000000000000137c                SPI0_Initialize

.text.modbus_timer_expired
                0x000000000000139c       0x1e
 .text.modbus_timer_expired
                0x000000000000139c       0x1e build/default/production/functions/modbus.o
                0x000000000000139c                modbus_timer_expired

.text.CPUINT_Initialize
                0x00000000000013ba       0x1a
 .text.CPUINT_Initialize
                0x00000000000013ba       0x1a build/default/production/mcc_generated_files/system/src/interrupt.o
                0x00000000000013ba                CPUINT_Initialize

.text.MB_Init   0x00000000000013d4       0x16
 .text.MB_Init  0x00000000000013d4       0x16 build/default/production/functions/modbus.o
                0x00000000000013d4                MB_Init

.text.KTYPE_timer_CapCallBack
                0x00000000000013ea       0x16
 .text.KTYPE_timer_CapCallBack
                0x00000000000013ea       0x16 build/default/production/functions/temp_sensors.o
                0x00000000000013ea                KTYPE_timer_CapCallBack

.text.exit      0x0000000000001400       0x16
 .text.exit     0x0000000000001400       0x16 c:/program files/microchip/xc8/v3.10/avr/bin/../lib/gcc/avr/5.4.0/../../../../avr/lib/avrxmega4\libc.a(exit.o)
                0x0000000000001400                exit

.text.USART1_IsTxReady
                0x0000000000001416       0x12
 .text.USART1_IsTxReady
                0x0000000000001416       0x12 build/default/production/mcc_generated_files/uart/src/usart1.o
                0x0000000000001416                USART1_IsTxReady

.text.USART2_FramingErrorCallbackRegister
                0x0000000000001428        0xe
 .text.USART2_FramingErrorCallbackRegister
                0x0000000000001428        0xe build/default/production/mcc_generated_files/uart/src/usart2.o
                0x0000000000001428                USART2_FramingErrorCallbackRegister

.text.USART2_OverrunErrorCallbackRegister
                0x0000000000001436        0xe
 .text.USART2_OverrunErrorCallbackRegister
                0x0000000000001436        0xe build/default/production/mcc_generated_files/uart/src/usart2.o
                0x0000000000001436                USART2_OverrunErrorCallbackRegister

.text.USART2_ParityErrorCallbackRegister
                0x0000000000001444        0xe
 .text.USART2_ParityErrorCallbackRegister
                0x0000000000001444        0xe build/default/production/mcc_generated_files/uart/src/usart2.o
                0x0000000000001444                USART2_ParityErrorCallbackRegister

.text.USART1_FramingErrorCallbackRegister
                0x0000000000001452        0xe
 .text.USART1_FramingErrorCallbackRegister
                0x0000000000001452        0xe build/default/production/mcc_generated_files/uart/src/usart1.o
                0x0000000000001452                USART1_FramingErrorCallbackRegister

.text.USART1_OverrunErrorCallbackRegister
                0x0000000000001460        0xe
 .text.USART1_OverrunErrorCallbackRegister
                0x0000000000001460        0xe build/default/production/mcc_generated_files/uart/src/usart1.o
                0x0000000000001460                USART1_OverrunErrorCallbackRegister

.text.USART1_ParityErrorCallbackRegister
                0x000000000000146e        0xe
 .text.USART1_ParityErrorCallbackRegister
                0x000000000000146e        0xe build/default/production/mcc_generated_files/uart/src/usart1.o
                0x000000000000146e                USART1_ParityErrorCallbackRegister

.text.USART1_RxCompleteCallbackRegister
                0x000000000000147c        0xe
 .text.USART1_RxCompleteCallbackRegister
                0x000000000000147c        0xe build/default/production/mcc_generated_files/uart/src/usart1.o
                0x000000000000147c                USART1_RxCompleteCallbackRegister

.text.KTYPE_Init
                0x000000000000148a        0xe
 .text.KTYPE_Init
                0x000000000000148a        0xe build/default/production/functions/temp_sensors.o
                0x000000000000148a                KTYPE_Init

.text.TCB1_Start
                0x0000000000001498        0xc
 .text.TCB1_Start
                0x0000000000001498        0xc build/default/production/mcc_generated_files/timer/src/tcb1.o
                0x0000000000001498                TCB1_Start

.text.SPI0_RxCompleteCallbackRegister
                0x00000000000014a4        0xa
 .text.SPI0_RxCompleteCallbackRegister
                0x00000000000014a4        0xa build/default/production/mcc_generated_files/spi/src/spi0.o
                0x00000000000014a4                SPI0_RxCompleteCallbackRegister

.text.IO_PC1_SetInterruptHandler
                0x00000000000014ae        0xa
 .text.IO_PC1_SetInterruptHandler
                0x00000000000014ae        0xa build/default/production/mcc_generated_files/system/src/pins.o
                0x00000000000014ae                IO_PC1_SetInterruptHandler

.text.IO_PC0_SetInterruptHandler
                0x00000000000014b8        0xa
 .text.IO_PC0_SetInterruptHandler
                0x00000000000014b8        0xa build/default/production/mcc_generated_files/system/src/pins.o
                0x00000000000014b8                IO_PC0_SetInterruptHandler

.text.IO_PF1_SetInterruptHandler
                0x00000000000014c2        0xa
 .text.IO_PF1_SetInterruptHandler
                0x00000000000014c2        0xa build/default/production/mcc_generated_files/system/src/pins.o
                0x00000000000014c2                IO_PF1_SetInterruptHandler

.text.IO_PF0_SetInterruptHandler
                0x00000000000014cc        0xa
 .text.IO_PF0_SetInterruptHandler
                0x00000000000014cc        0xa build/default/production/mcc_generated_files/system/src/pins.o
                0x00000000000014cc                IO_PF0_SetInterruptHandler

.text.IO_PA2_SetInterruptHandler
                0x00000000000014d6        0xa
 .text.IO_PA2_SetInterruptHandler
                0x00000000000014d6        0xa build/default/production/mcc_generated_files/system/src/pins.o
                0x00000000000014d6                IO_PA2_SetInterruptHandler

.text.IO_PA3_SetInterruptHandler
                0x00000000000014e0        0xa
 .text.IO_PA3_SetInterruptHandler
                0x00000000000014e0        0xa build/default/production/mcc_generated_files/system/src/pins.o
                0x00000000000014e0                IO_PA3_SetInterruptHandler

.text.IO_PA5_SetInterruptHandler
                0x00000000000014ea        0xa
 .text.IO_PA5_SetInterruptHandler
                0x00000000000014ea        0xa build/default/production/mcc_generated_files/system/src/pins.o
                0x00000000000014ea                IO_PA5_SetInterruptHandler

.text.IO_PA7_SetInterruptHandler
                0x00000000000014f4        0xa
 .text.IO_PA7_SetInterruptHandler
                0x00000000000014f4        0xa build/default/production/mcc_generated_files/system/src/pins.o
                0x00000000000014f4                IO_PA7_SetInterruptHandler

.text.IO_PA6_SetInterruptHandler
                0x00000000000014fe        0xa
 .text.IO_PA6_SetInterruptHandler
                0x00000000000014fe        0xa build/default/production/mcc_generated_files/system/src/pins.o
                0x00000000000014fe                IO_PA6_SetInterruptHandler

.text.IO_PC2_SetInterruptHandler
                0x0000000000001508        0xa
 .text.IO_PC2_SetInterruptHandler
                0x0000000000001508        0xa build/default/production/mcc_generated_files/system/src/pins.o
                0x0000000000001508                IO_PC2_SetInterruptHandler

.text.IO_PC3_SetInterruptHandler
                0x0000000000001512        0xa
 .text.IO_PC3_SetInterruptHandler
                0x0000000000001512        0xa build/default/production/mcc_generated_files/system/src/pins.o
                0x0000000000001512                IO_PC3_SetInterruptHandler

.text.IO_PD1_SetInterruptHandler
                0x000000000000151c        0xa
 .text.IO_PD1_SetInterruptHandler
                0x000000000000151c        0xa build/default/production/mcc_generated_files/system/src/pins.o
                0x000000000000151c                IO_PD1_SetInterruptHandler

.text.IO_PD2_SetInterruptHandler
                0x0000000000001526        0xa
 .text.IO_PD2_SetInterruptHandler
                0x0000000000001526        0xa build/default/production/mcc_generated_files/system/src/pins.o
                0x0000000000001526                IO_PD2_SetInterruptHandler

.text.IO_PD3_SetInterruptHandler
                0x0000000000001530        0xa
 .text.IO_PD3_SetInterruptHandler
                0x0000000000001530        0xa build/default/production/mcc_generated_files/system/src/pins.o
                0x0000000000001530                IO_PD3_SetInterruptHandler

.text.IO_PD4_SetInterruptHandler
                0x000000000000153a        0xa
 .text.IO_PD4_SetInterruptHandler
                0x000000000000153a        0xa build/default/production/mcc_generated_files/system/src/pins.o
                0x000000000000153a                IO_PD4_SetInterruptHandler

.text.IO_PD5_SetInterruptHandler
                0x0000000000001544        0xa
 .text.IO_PD5_SetInterruptHandler
                0x0000000000001544        0xa build/default/production/mcc_generated_files/system/src/pins.o
                0x0000000000001544                IO_PD5_SetInterruptHandler

.text.IO_PD6_SetInterruptHandler
                0x000000000000154e        0xa
 .text.IO_PD6_SetInterruptHandler
                0x000000000000154e        0xa build/default/production/mcc_generated_files/system/src/pins.o
                0x000000000000154e                IO_PD6_SetInterruptHandler

.text.IO_PD7_SetInterruptHandler
                0x0000000000001558        0xa
 .text.IO_PD7_SetInterruptHandler
                0x0000000000001558        0xa build/default/production/mcc_generated_files/system/src/pins.o
                0x0000000000001558                IO_PD7_SetInterruptHandler

.text.IO_PF4_SetInterruptHandler
                0x0000000000001562        0xa
 .text.IO_PF4_SetInterruptHandler
                0x0000000000001562        0xa build/default/production/mcc_generated_files/system/src/pins.o
                0x0000000000001562                IO_PF4_SetInterruptHandler

.text.IO_PF5_SetInterruptHandler
                0x000000000000156c        0xa
 .text.IO_PF5_SetInterruptHandler
                0x000000000000156c        0xa build/default/production/mcc_generated_files/system/src/pins.o
                0x000000000000156c                IO_PF5_SetInterruptHandler

.text.protected_write_io
                0x0000000000001576        0xa
 .text.protected_write_io
                0x0000000000001576        0xa build/default/production/mcc_generated_files/system/src/protected_io.o
                0x0000000000001576                protected_write_io

.text.TCB0_OverflowCallbackRegister
                0x0000000000001580        0xa
 .text.TCB0_OverflowCallbackRegister
                0x0000000000001580        0xa build/default/production/mcc_generated_files/timer/src/tcb0.o
                0x0000000000001580                TCB0_OverflowCallbackRegister

.text.TCB0_CaptureCallbackRegister
                0x000000000000158a        0xa
 .text.TCB0_CaptureCallbackRegister
                0x000000000000158a        0xa build/default/production/mcc_generated_files/timer/src/tcb0.o
                0x000000000000158a                TCB0_CaptureCallbackRegister

.text.TCB1_OverflowCallbackRegister
                0x0000000000001594        0xa
 .text.TCB1_OverflowCallbackRegister
                0x0000000000001594        0xa build/default/production/mcc_generated_files/timer/src/tcb1.o
                0x0000000000001594                TCB1_OverflowCallbackRegister

.text.TCB1_CaptureCallbackRegister
                0x000000000000159e        0xa
 .text.TCB1_CaptureCallbackRegister
                0x000000000000159e        0xa build/default/production/mcc_generated_files/timer/src/tcb1.o
                0x000000000000159e                TCB1_CaptureCallbackRegister

.text.TCB2_OverflowCallbackRegister
                0x00000000000015a8        0xa
 .text.TCB2_OverflowCallbackRegister
                0x00000000000015a8        0xa build/default/production/mcc_generated_files/timer/src/tcb2.o
                0x00000000000015a8                TCB2_OverflowCallbackRegister

.text.TCB2_CaptureCallbackRegister
                0x00000000000015b2        0xa
 .text.TCB2_CaptureCallbackRegister
                0x00000000000015b2        0xa build/default/production/mcc_generated_files/timer/src/tcb2.o
                0x00000000000015b2                TCB2_CaptureCallbackRegister

.text.RS485_TX_ENABLE
                0x00000000000015bc        0x8
 .text.RS485_TX_ENABLE
                0x00000000000015bc        0x8 build/default/production/functions/modbus.o
                0x00000000000015bc                RS485_TX_ENABLE

.text.RS485_RX_ENABLE
                0x00000000000015c4        0x8
 .text.RS485_RX_ENABLE
                0x00000000000015c4        0x8 build/default/production/functions/modbus.o
                0x00000000000015c4                RS485_RX_ENABLE

.text           0x00000000000015cc        0x4
 .text          0x00000000000015cc        0x4 C:/Program Files/Microchip/MPLABX/v6.25/packs/Microchip/AVR-Dx_DFP/2.7.321/xc8/avr/lib/avrxmega4/crtavr128db32.o
                0x00000000000015cc                __vector_22
                0x00000000000015cc                __vector_28
                0x00000000000015cc                __vector_1
                0x00000000000015cc                __vector_12
                0x00000000000015cc                __bad_interrupt
                0x00000000000015cc                __vector_3
                0x00000000000015cc                __vector_23
                0x00000000000015cc                __vector_25
                0x00000000000015cc                __vector_11
                0x00000000000015cc                __vector_13
                0x00000000000015cc                __vector_17
                0x00000000000015cc                __vector_19
                0x00000000000015cc                __vector_7
                0x00000000000015cc                __vector_41
                0x00000000000015cc                __vector_43
                0x00000000000015cc                __vector_27
                0x00000000000015cc                __vector_37
                0x00000000000015cc                __vector_4
                0x00000000000015cc                __vector_9
                0x00000000000015cc                __vector_2
                0x00000000000015cc                __vector_21
                0x00000000000015cc                __vector_36
                0x00000000000015cc                __vector_29
                0x00000000000015cc                __vector_26
                0x00000000000015cc                __vector_10
                0x00000000000015cc                __vector_16
                0x00000000000015cc                __vector_18
                0x00000000000015cc                __vector_42

.text._Exit     0x00000000000015d0        0x4
 .text._Exit    0x00000000000015d0        0x4 c:/program files/microchip/xc8/v3.10/avr/bin/../lib/gcc/avr/5.4.0/../../../../avr/lib/avrxmega4\libc.a(_Exit.o)
                0x00000000000015d0                _Exit

.text.IO_PC1_DefaultInterruptHandler
                0x00000000000015d4        0x2
 .text.IO_PC1_DefaultInterruptHandler
                0x00000000000015d4        0x2 build/default/production/mcc_generated_files/system/src/pins.o
                0x00000000000015d4                IO_PC1_DefaultInterruptHandler

.text.IO_PC0_DefaultInterruptHandler
                0x00000000000015d6        0x2
 .text.IO_PC0_DefaultInterruptHandler
                0x00000000000015d6        0x2 build/default/production/mcc_generated_files/system/src/pins.o
                0x00000000000015d6                IO_PC0_DefaultInterruptHandler

.text.IO_PF1_DefaultInterruptHandler
                0x00000000000015d8        0x2
 .text.IO_PF1_DefaultInterruptHandler
                0x00000000000015d8        0x2 build/default/production/mcc_generated_files/system/src/pins.o
                0x00000000000015d8                IO_PF1_DefaultInterruptHandler

.text.IO_PF0_DefaultInterruptHandler
                0x00000000000015da        0x2
 .text.IO_PF0_DefaultInterruptHandler
                0x00000000000015da        0x2 build/default/production/mcc_generated_files/system/src/pins.o
                0x00000000000015da                IO_PF0_DefaultInterruptHandler

.text.IO_PA2_DefaultInterruptHandler
                0x00000000000015dc        0x2
 .text.IO_PA2_DefaultInterruptHandler
                0x00000000000015dc        0x2 build/default/production/mcc_generated_files/system/src/pins.o
                0x00000000000015dc                IO_PA2_DefaultInterruptHandler

.text.IO_PA3_DefaultInterruptHandler
                0x00000000000015de        0x2
 .text.IO_PA3_DefaultInterruptHandler
                0x00000000000015de        0x2 build/default/production/mcc_generated_files/system/src/pins.o
                0x00000000000015de                IO_PA3_DefaultInterruptHandler

.text.IO_PA5_DefaultInterruptHandler
                0x00000000000015e0        0x2
 .text.IO_PA5_DefaultInterruptHandler
                0x00000000000015e0        0x2 build/default/production/mcc_generated_files/system/src/pins.o
                0x00000000000015e0                IO_PA5_DefaultInterruptHandler

.text.IO_PA7_DefaultInterruptHandler
                0x00000000000015e2        0x2
 .text.IO_PA7_DefaultInterruptHandler
                0x00000000000015e2        0x2 build/default/production/mcc_generated_files/system/src/pins.o
                0x00000000000015e2                IO_PA7_DefaultInterruptHandler

.text.IO_PA6_DefaultInterruptHandler
                0x00000000000015e4        0x2
 .text.IO_PA6_DefaultInterruptHandler
                0x00000000000015e4        0x2 build/default/production/mcc_generated_files/system/src/pins.o
                0x00000000000015e4                IO_PA6_DefaultInterruptHandler

.text.IO_PC2_DefaultInterruptHandler
                0x00000000000015e6        0x2
 .text.IO_PC2_DefaultInterruptHandler
                0x00000000000015e6        0x2 build/default/production/mcc_generated_files/system/src/pins.o
                0x00000000000015e6                IO_PC2_DefaultInterruptHandler

.text.IO_PC3_DefaultInterruptHandler
                0x00000000000015e8        0x2
 .text.IO_PC3_DefaultInterruptHandler
                0x00000000000015e8        0x2 build/default/production/mcc_generated_files/system/src/pins.o
                0x00000000000015e8                IO_PC3_DefaultInterruptHandler

.text.IO_PD1_DefaultInterruptHandler
                0x00000000000015ea        0x2
 .text.IO_PD1_DefaultInterruptHandler
                0x00000000000015ea        0x2 build/default/production/mcc_generated_files/system/src/pins.o
                0x00000000000015ea                IO_PD1_DefaultInterruptHandler

.text.IO_PD2_DefaultInterruptHandler
                0x00000000000015ec        0x2
 .text.IO_PD2_DefaultInterruptHandler
                0x00000000000015ec        0x2 build/default/production/mcc_generated_files/system/src/pins.o
                0x00000000000015ec                IO_PD2_DefaultInterruptHandler

.text.IO_PD3_DefaultInterruptHandler
                0x00000000000015ee        0x2
 .text.IO_PD3_DefaultInterruptHandler
                0x00000000000015ee        0x2 build/default/production/mcc_generated_files/system/src/pins.o
                0x00000000000015ee                IO_PD3_DefaultInterruptHandler

.text.IO_PD4_DefaultInterruptHandler
                0x00000000000015f0        0x2
 .text.IO_PD4_DefaultInterruptHandler
                0x00000000000015f0        0x2 build/default/production/mcc_generated_files/system/src/pins.o
                0x00000000000015f0                IO_PD4_DefaultInterruptHandler

.text.IO_PD5_DefaultInterruptHandler
                0x00000000000015f2        0x2
 .text.IO_PD5_DefaultInterruptHandler
                0x00000000000015f2        0x2 build/default/production/mcc_generated_files/system/src/pins.o
                0x00000000000015f2                IO_PD5_DefaultInterruptHandler

.text.IO_PD6_DefaultInterruptHandler
                0x00000000000015f4        0x2
 .text.IO_PD6_DefaultInterruptHandler
                0x00000000000015f4        0x2 build/default/production/mcc_generated_files/system/src/pins.o
                0x00000000000015f4                IO_PD6_DefaultInterruptHandler

.text.IO_PD7_DefaultInterruptHandler
                0x00000000000015f6        0x2
 .text.IO_PD7_DefaultInterruptHandler
                0x00000000000015f6        0x2 build/default/production/mcc_generated_files/system/src/pins.o
                0x00000000000015f6                IO_PD7_DefaultInterruptHandler

.text.IO_PF4_DefaultInterruptHandler
                0x00000000000015f8        0x2
 .text.IO_PF4_DefaultInterruptHandler
                0x00000000000015f8        0x2 build/default/production/mcc_generated_files/system/src/pins.o
                0x00000000000015f8                IO_PF4_DefaultInterruptHandler

.text.IO_PF5_DefaultInterruptHandler
                0x00000000000015fa        0x2
 .text.IO_PF5_DefaultInterruptHandler
                0x00000000000015fa        0x2 build/default/production/mcc_generated_files/system/src/pins.o
                0x00000000000015fa                IO_PF5_DefaultInterruptHandler

.text.TCB0_DefaultOverflowCallback
                0x00000000000015fc        0x2
 .text.TCB0_DefaultOverflowCallback
                0x00000000000015fc        0x2 build/default/production/mcc_generated_files/timer/src/tcb0.o

.text.TCB0_DefaultCaptureCallback
                0x00000000000015fe        0x2
 .text.TCB0_DefaultCaptureCallback
                0x00000000000015fe        0x2 build/default/production/mcc_generated_files/timer/src/tcb0.o

.text.TCB1_DefaultOverflowCallback
                0x0000000000001600        0x2
 .text.TCB1_DefaultOverflowCallback
                0x0000000000001600        0x2 build/default/production/mcc_generated_files/timer/src/tcb1.o

.text.TCB1_DefaultCaptureCallback
                0x0000000000001602        0x2
 .text.TCB1_DefaultCaptureCallback
                0x0000000000001602        0x2 build/default/production/mcc_generated_files/timer/src/tcb1.o

.text.TCB2_DefaultOverflowCallback
                0x0000000000001604        0x2
 .text.TCB2_DefaultOverflowCallback
                0x0000000000001604        0x2 build/default/production/mcc_generated_files/timer/src/tcb2.o

.text.TCB2_DefaultCaptureCallback
                0x0000000000001606        0x2
 .text.TCB2_DefaultCaptureCallback
                0x0000000000001606        0x2 build/default/production/mcc_generated_files/timer/src/tcb2.o

.text.USART2_DefaultFramingErrorCallback
                0x0000000000001608        0x2
 .text.USART2_DefaultFramingErrorCallback
                0x0000000000001608        0x2 build/default/production/mcc_generated_files/uart/src/usart2.o

.text.USART2_DefaultOverrunErrorCallback
                0x000000000000160a        0x2
 .text.USART2_DefaultOverrunErrorCallback
                0x000000000000160a        0x2 build/default/production/mcc_generated_files/uart/src/usart2.o

.text.USART2_DefaultParityErrorCallback
                0x000000000000160c        0x2
 .text.USART2_DefaultParityErrorCallback
                0x000000000000160c        0x2 build/default/production/mcc_generated_files/uart/src/usart2.o

.text.USART1_DefaultFramingErrorCallback
                0x000000000000160e        0x2
 .text.USART1_DefaultFramingErrorCallback
                0x000000000000160e        0x2 build/default/production/mcc_generated_files/uart/src/usart1.o

.text.USART1_DefaultOverrunErrorCallback
                0x0000000000001610        0x2
 .text.USART1_DefaultOverrunErrorCallback
                0x0000000000001610        0x2 build/default/production/mcc_generated_files/uart/src/usart1.o

.text.USART1_DefaultParityErrorCallback
                0x0000000000001612        0x2
 .text.USART1_DefaultParityErrorCallback
                0x0000000000001612        0x2 build/default/production/mcc_generated_files/uart/src/usart1.o

.text.__dummy_fini
                0x0000000000001614        0x2
 .text.__dummy_fini
                0x0000000000001614        0x2 c:/program files/microchip/xc8/v3.10/avr/bin/../lib/gcc/avr/5.4.0/../../../../avr/lib/avrxmega4\libc.a(exit.o)
                0x0000000000001614                _fini

.text.__dummy_funcs_on_exit
                0x0000000000001616        0x2
 .text.__dummy_funcs_on_exit
                0x0000000000001616        0x2 c:/program files/microchip/xc8/v3.10/avr/bin/../lib/gcc/avr/5.4.0/../../../../avr/lib/avrxmega4\libc.a(exit.o)
                0x0000000000001616                __funcs_on_exit

.text.__dummy_simulator_exit
                0x0000000000001618        0x2
 .text.__dummy_simulator_exit
                0x0000000000001618        0x2 c:/program files/microchip/xc8/v3.10/avr/bin/../lib/gcc/avr/5.4.0/../../../../avr/lib/avrxmega4\libc.a(exit.o)
                0x0000000000001618                __simulator_exit

.rodata         0x0000000000805608       0x18 load address 0x000000000000161a
 .rodata        0x0000000000805608       0x18 build/default/production/main.o
