Archive member included to satisfy reference by file (symbol)

c:/program files/microchip/xc8/v3.10/avr/bin/../lib/gcc/avr/5.4.0/../../../../avr/lib/avrxmega4\libm.a(addsf3.o)
                              build/default/production/functions/temp_sensors.o (__subsf3)
c:/program files/microchip/xc8/v3.10/avr/bin/../lib/gcc/avr/5.4.0/../../../../avr/lib/avrxmega4\libm.a(addsf3x.o)
                              c:/program files/microchip/xc8/v3.10/avr/bin/../lib/gcc/avr/5.4.0/../../../../avr/lib/avrxmega4\libm.a(addsf3.o) (__addsf3x)
c:/program files/microchip/xc8/v3.10/avr/bin/../lib/gcc/avr/5.4.0/../../../../avr/lib/avrxmega4\libm.a(cmpsf2.o)
                              build/default/production/functions/temp_sensors.o (__ltsf2)
c:/program files/microchip/xc8/v3.10/avr/bin/../lib/gcc/avr/5.4.0/../../../../avr/lib/avrxmega4\libm.a(divsf3.o)
                              build/default/production/functions/temp_sensors.o (__divsf3)
c:/program files/microchip/xc8/v3.10/avr/bin/../lib/gcc/avr/5.4.0/../../../../avr/lib/avrxmega4\libm.a(divsf3x.o)
                              c:/program files/microchip/xc8/v3.10/avr/bin/../lib/gcc/avr/5.4.0/../../../../avr/lib/avrxmega4\libm.a(divsf3.o) (__divsf3x)
c:/program files/microchip/xc8/v3.10/avr/bin/../lib/gcc/avr/5.4.0/../../../../avr/lib/avrxmega4\libm.a(fixsfsi.o)
                              build/default/production/functions/ds18b20.o (__fixsfsi)
c:/program files/microchip/xc8/v3.10/avr/bin/../lib/gcc/avr/5.4.0/../../../../avr/lib/avrxmega4\libm.a(fixunssfsi.o)
                              c:/program files/microchip/xc8/v3.10/avr/bin/../lib/gcc/avr/5.4.0/../../../../avr/lib/avrxmega4\libm.a(fixsfsi.o) (__fixunssfsi)
c:/program files/microchip/xc8/v3.10/avr/bin/../lib/gcc/avr/5.4.0/../../../../avr/lib/avrxmega4\libm.a(floatsisf.o)
                              build/default/production/functions/temp_sensors.o (__floatunsisf)
c:/program files/microchip/xc8/v3.10/avr/bin/../lib/gcc/avr/5.4.0/../../../../avr/lib/avrxmega4\libm.a(fp_cmp.o)
                              c:/program files/microchip/xc8/v3.10/avr/bin/../lib/gcc/avr/5.4.0/../../../../avr/lib/avrxmega4\libm.a(cmpsf2.o) (__fp_cmp)
c:/program files/microchip/xc8/v3.10/avr/bin/../lib/gcc/avr/5.4.0/../../../../avr/lib/avrxmega4\libm.a(fp_inf.o)
                              c:/program files/microchip/xc8/v3.10/avr/bin/../lib/gcc/avr/5.4.0/../../../../avr/lib/avrxmega4\libm.a(addsf3x.o) (__fp_inf)
c:/program files/microchip/xc8/v3.10/avr/bin/../lib/gcc/avr/5.4.0/../../../../avr/lib/avrxmega4\libm.a(fp_nan.o)
                              c:/program files/microchip/xc8/v3.10/avr/bin/../lib/gcc/avr/5.4.0/../../../../avr/lib/avrxmega4\libm.a(addsf3x.o) (__fp_nan)
c:/program files/microchip/xc8/v3.10/avr/bin/../lib/gcc/avr/5.4.0/../../../../avr/lib/avrxmega4\libm.a(fp_pscA.o)
                              c:/program files/microchip/xc8/v3.10/avr/bin/../lib/gcc/avr/5.4.0/../../../../avr/lib/avrxmega4\libm.a(addsf3x.o) (__fp_pscA)
c:/program files/microchip/xc8/v3.10/avr/bin/../lib/gcc/avr/5.4.0/../../../../avr/lib/avrxmega4\libm.a(fp_pscB.o)
                              c:/program files/microchip/xc8/v3.10/avr/bin/../lib/gcc/avr/5.4.0/../../../../avr/lib/avrxmega4\libm.a(addsf3x.o) (__fp_pscB)
c:/program files/microchip/xc8/v3.10/avr/bin/../lib/gcc/avr/5.4.0/../../../../avr/lib/avrxmega4\libm.a(fp_round.o)
                              c:/program files/microchip/xc8/v3.10/avr/bin/../lib/gcc/avr/5.4.0/../../../../avr/lib/avrxmega4\libm.a(addsf3.o) (__fp_round)
c:/program files/microchip/xc8/v3.10/avr/bin/../lib/gcc/avr/5.4.0/../../../../avr/lib/avrxmega4\libm.a(fp_split3.o)
                              c:/program files/microchip/xc8/v3.10/avr/bin/../lib/gcc/avr/5.4.0/../../../../avr/lib/avrxmega4\libm.a(addsf3x.o) (__fp_split3)
c:/program files/microchip/xc8/v3.10/avr/bin/../lib/gcc/avr/5.4.0/../../../../avr/lib/avrxmega4\libm.a(fp_zero.o)
                              c:/program files/microchip/xc8/v3.10/avr/bin/../lib/gcc/avr/5.4.0/../../../../avr/lib/avrxmega4\libm.a(addsf3x.o) (__fp_zero)
c:/program files/microchip/xc8/v3.10/avr/bin/../lib/gcc/avr/5.4.0/../../../../avr/lib/avrxmega4\libm.a(gesf2.o)
                              build/default/production/functions/temp_sensors.o (__gesf2)
c:/program files/microchip/xc8/v3.10/avr/bin/../lib/gcc/avr/5.4.0/../../../../avr/lib/avrxmega4\libm.a(mulsf3.o)
                              build/default/production/functions/ds18b20.o (__mulsf3)
c:/program files/microchip/xc8/v3.10/avr/bin/../lib/gcc/avr/5.4.0/../../../../avr/lib/avrxmega4\libm.a(mulsf3x.o)
                              c:/program files/microchip/xc8/v3.10/avr/bin/../lib/gcc/avr/5.4.0/../../../../avr/lib/avrxmega4\libm.a(mulsf3.o) (__mulsf3x)
c:/program files/microchip/xc8/v3.10/avr/bin/../lib/gcc/avr/5.4.0/../../../../avr/lib/avrxmega4\libm.a(logf.o)
                              build/default/production/functions/temp_sensors.o (logf)
[...]
Memory Configuration

Name             Origin             Length             Attributes
text             0x0000000000000000 0x0000000000020000 xr
data             0x0000000000804000 0x0000000000004000 rw !x
eeprom           0x0000000000810000 0x0000000000000200 rw !x
fuse             0x0000000000820000 0x0000000000000010 rw !x
lock             0x0000000000830000 0x0000000000000400 rw !x
signature        0x0000000000840000 0x0000000000000400 rw !x
user_signatures  0x0000000000850000 0x0000000000000400 rw !x
bootrow          0x0000000000860000 0x0000000000000400 rw !x
*default*        0x0000000000000000 0xffffffffffffffff

Linker script and memory map

Address of section .data set to 0x804000
                0x0000000000008000                __RODATA_PM_OFFSET__ = 0x8000
LOAD C:/Program Files/Microchip/MPLABX/v6.25/packs/Microchip/AVR-Dx_DFP/2.7.321/xc8/avr/lib/avrxmega4/crtavr128db32.o
                0x0000000000000001                __MPLAB_BUILD = 0x1
LOAD build/default/production/mcc_generated_files/spi/src/spi0.o
LOAD build/default/production/mcc_generated_files/system/src/pins.o
LOAD build/default/production/mcc_generated_files/system/src/protected_io.o
LOAD build/default/production/mcc_generated_files/system/src/interrupt.o
LOAD build/default/production/mcc_generated_files/system/src/system.o
LOAD build/default/production/mcc_generated_files/system/src/config_bits.o
LOAD build/default/production/mcc_generated_files/system/src/clock.o
LOAD build/default/production/mcc_generated_files/timer/src/tca0.o
LOAD build/default/production/mcc_generated_files/timer/src/tcb0.o
LOAD build/default/production/mcc_generated_files/timer/src/tcb1.o
LOAD build/default/production/mcc_generated_files/timer/src/tcb2.o
LOAD build/default/production/mcc_generated_files/uart/src/usart2.o
LOAD build/default/production/mcc_generated_files/uart/src/usart1.o
LOAD build/default/production/main.o
LOAD build/default/production/functions/modbus.o
LOAD build/default/production/functions/debug_uart2.o
LOAD build/default/production/functions/ds18b20.o
LOAD build/default/production/functions/temp_sensors.o
LOAD build/default/production/functions/system_registers.o
START GROUP
LOAD c:/program files/microchip/xc8/v3.10/avr/bin/../lib/gcc/avr/5.4.0/../../../../avr/lib/avrxmega4\libm.a
END GROUP
START GROUP
LOAD c:/program files/microchip/xc8/v3.10/avr/bin/../lib/gcc/avr/5.4.0/avrxmega4\libgcc.a
LOAD c:/program files/microchip/xc8/v3.10/avr/bin/../lib/gcc/avr/5.4.0/../../../../avr/lib/avrxmega4\libm.a
LOAD c:/program files/microchip/xc8/v3.10/avr/bin/../lib/gcc/avr/5.4.0/../../../../avr/lib/avrxmega4\libc.a
LOAD C:/Program Files/Microchip/MPLABX/v6.25/packs/Microchip/AVR-Dx_DFP/2.7.321/xc8/avr/lib/avrxmega4\libavr128db32.a
END GROUP
                [0x0000000000000000]                __TEXT_REGION_ORIGIN__ = DEFINED (__TEXT_REGION_ORIGIN__)?__TEXT_REGION_ORIGIN__:0x0
                [0x0000000000804000]                __DATA_REGION_ORIGIN__ = DEFINED (__DATA_REGION_ORIGIN__)?__DATA_REGION_ORIGIN__:0x802000
                [0x0000000000020000]                __TEXT_REGION_LENGTH__ = DEFINED (__TEXT_REGION_LENGTH__)?__TEXT_REGION_LENGTH__:0x100000
                [0x0000000000004000]                __DATA_REGION_LENGTH__ = DEFINED (__DATA_REGION_LENGTH__)?__DATA_REGION_LENGTH__:0xffa0
                [0x0000000000000200]                __EEPROM_REGION_LENGTH__ = DEFINED (__EEPROM_REGION_LENGTH__)?__EEPROM_REGION_LENGTH__:0x10000
                [0x0000000000000010]                __FUSE_REGION_LENGTH__ = DEFINED (__FUSE_REGION_LENGTH__)?__FUSE_REGION_LENGTH__:0x400
                0x0000000000000400                __LOCK_REGION_LENGTH__ = DEFINED (__LOCK_REGION_LENGTH__)?__LOCK_REGION_LENGTH__:0x400
                0x0000000000000400                __SIGNATURE_REGION_LENGTH__ = DEFINED (__SIGNATURE_REGION_LENGTH__)?__SIGNATURE_REGION_LENGTH__:0x400
                0x0000000000000400                __USER_SIGNATURE_REGION_LENGTH__ = DEFINED (__USER_SIGNATURE_REGION_LENGTH__)?__USER_SIGNATURE_REGION_LENGTH__:0x400
                0x0000000000000400                __BOOTROW_REGION_LENGTH__ = DEFINED (__BOOTROW_REGION_LENGTH__)?__BOOTROW_REGION_LENGTH__:0x400

.hash
 *(.hash)

.dynsym
 *(.dynsym)

.dynstr
 *(.dynstr)

.gnu.version
 *(.gnu.version)

.gnu.version_d
 *(.gnu.version_d)

.gnu.version_r
 *(.gnu.version_r)

.rel.init
 *(.rel.init)

.rela.init
 *(.rela.init)

.rel.text
 *(.rel.text)
 *(.rel.text.*)
 *(.rel.gnu.linkonce.t*)

.rela.text
 *(.rela.text)
 *(.rela.text.*)
 *(.rela.gnu.linkonce.t*)

.rel.fini
 *(.rel.fini)

.rela.fini
 *(.rela.fini)

.rel.rodata
 *(.rel.rodata)
 *(.rel.rodata.*)
 *(.rel.gnu.linkonce.r*)

.rela.rodata
 *(.rela.rodata)
 *(.rela.rodata.*)
 *(.rela.gnu.linkonce.r*)

.rel.data
 *(.rel.data)
 *(.rel.data.*)
 *(.rel.gnu.linkonce.d*)

.rela.data
 *(.rela.data)
 *(.rela.data.*)
 *(.rela.gnu.linkonce.d*)

.rel.ctors
 *(.rel.ctors)

.rela.ctors
 *(.rela.ctors)

.rel.dtors
 *(.rel.dtors)

.rela.dtors
 *(.rela.dtors)

.rel.got
 *(.rel.got)

.rela.got
 *(.rela.got)

.rel.bss
 *(.rel.bss)

.rela.bss
 *(.rela.bss)

.rel.plt
 *(.rel.plt)

.rela.plt
 *(.rela.plt)

.text           0x0000000000000000      0x126
 *(.vectors)
 .vectors       0x0000000000000000       0xb0 C:/Program Files/Microchip/MPLABX/v6.25/packs/Microchip/AVR-Dx_DFP/2.7.321/xc8/avr/lib/avrxmega4/crtavr128db32.o
                0x0000000000000000                __vector_default
                0x0000000000000000                __vectors
 *(.vectors)
 *(.progmem.gcc*)
 *(.dinit)
 .dinit         0x00000000000000b0       0x1d data_init
                0x00000000000000ce                . = ALIGN (0x2)
 *fill*         0x00000000000000cd        0x1 
                0x00000000000000ce                __trampolines_start = .
 *(.trampolines)
 .trampolines   0x00000000000000ce        0x0 linker stubs
 *(.trampolines*)
                0x00000000000000ce                __trampolines_end = .
 *libprintf_flt.a:*(.progmem.data)
 *libc.a:*(.progmem.data)
                0x00000000000000ce                . = ALIGN (0x2)
 *(.jumptables)
 *(.jumptables*)
 *(.lowtext)
 *(.lowtext*)
                0x00000000000000ce                __ctors_start = .
 *(.ctors)
                0x00000000000000ce                __ctors_end = .
                0x00000000000000ce                __dtors_start = .
 *(.dtors)
                0x00000000000000ce                __dtors_end = .
 SORT(*)(.ctors)
 SORT(*)(.dtors)
 *(.init0)
 .init0         0x00000000000000ce        0x0 C:/Program Files/Microchip/MPLABX/v6.25/packs/Microchip/AVR-Dx_DFP/2.7.321/xc8/avr/lib/avrxmega4/crtavr128db32.o
                0x00000000000000ce                __init
 *(.init0)
 *(.init1)
 *(.init1)
 *(.init2)
 .init2         0x00000000000000ce        0xc C:/Program Files/Microchip/MPLABX/v6.25/packs/Microchip/AVR-Dx_DFP/2.7.321/xc8/avr/lib/avrxmega4/crtavr128db32.o
 *(.init2)
 *(.init3)
 *(.init3)
 *(.init4)
 .init4         0x00000000000000da       0x40 c:/program files/microchip/xc8/v3.10/avr/bin/../lib/gcc/avr/5.4.0/avrxmega4\libgcc.a(_copy_data.o)
                0x00000000000000da                __do_copy_data
                0x000000000000010c                __do_clear_bss
 *(.init4)
 *(.init5)
 *(.init5)
 *(.init6)
 *(.init6)
 *(.init7)
 *(.init7)
 *(.init8)
 *(.init8)
 *(.init9)
 .init9         0x000000000000011a        0x8 C:/Program Files/Microchip/MPLABX/v6.25/packs/Microchip/AVR-Dx_DFP/2.7.321/xc8/avr/lib/avrxmega4/crtavr128db32.o
 *(.init9)
                0x0000000000000122                . = ALIGN (0x2)
 *(.fini9)
 .fini9         0x0000000000000122        0x0 c:/program files/microchip/xc8/v3.10/avr/bin/../lib/gcc/avr/5.4.0/avrxmega4\libgcc.a(_exit.o)
                0x0000000000000122                _exit
 *(.fini9)
 *(.fini8)
 *(.fini8)
 *(.fini7)
 *(.fini7)
 *(.fini6)
 *(.fini6)
 *(.fini5)
 *(.fini5)
 *(.fini4)
 *(.fini4)
 *(.fini3)
 *(.fini3)
 *(.fini2)
 *(.fini2)
 *(.fini1)
 *(.fini1)
 *(.fini0)
 .fini0         0x0000000000000122        0x4 c:/program files/microchip/xc8/v3.10/avr/bin/../lib/gcc/avr/5.4.0/avrxmega4\libgcc.a(_exit.o)
 *(.fini0)
                0x0000000000000126                _etext = .

.data           0x0000000000804000        0x0 load address 0x0000000000000126
                [!provide]                        PROVIDE (__data_start, .)
 *(.gnu.linkonce.d*)
 *(.gnu.linkonce.r*)
                0x0000000000804000                . = ALIGN (0x2)
                0x0000000000804000                _edata = .
                [!provide]                        PROVIDE (__data_end, .)

.bss            0x0000000000804000      0x104
                [!provide]                        PROVIDE (__bss_start, .)
 *(COMMON)
 COMMON         0x0000000000804000        0x4 build/default/production/mcc_generated_files/uart/src/usart1.o
                0x0000000000804000                USART1_TxInterruptHandler
                0x0000000000804002                USART1_RxInterruptHandler
 COMMON         0x0000000000804004      0x100 build/default/production/functions/system_registers.o
                0x0000000000804004                sys_regs
                [!provide]                        PROVIDE (__bss_end, .)
                0x0000000000000126                __data_load_start = LOADADDR (.data)
                0x0000000000000126                __data_load_end = (__data_load_start + SIZEOF (.data))

.noinit         0x0000000000804104        0x0
                [!provide]                        PROVIDE (__noinit_start, .)
 *(.noinit*)
                [!provide]                        PROVIDE (__noinit_end, .)
                0x0000000000804104                _end = .

.eeprom         0x0000000000810000        0x0
 *(.eeprom*)
                0x0000000000810000                __eeprom_end = .

.fuse           0x0000000000820000        0x9
 *(.fuse)
 .fuse          0x0000000000820000        0x9 build/default/production/mcc_generated_files/system/src/config_bits.o
                0x0000000000820000                __fuse
 *(.lfuse)
 *(.hfuse)
 *(.efuse)

.lock
 *(.lock*)

.signature
 *(.signature*)

.user_signatures
 *(.user_signatures*)

.bootrow
 *(.bootrow*)

.stab
 *(.stab)

.stabstr
 *(.stabstr)

.stab.excl
 *(.stab.excl)

.stab.exclstr
 *(.stab.exclstr)

.stab.index
 *(.stab.index)

.stab.indexstr
 *(.stab.indexstr)

.comment        0x0000000000000000       0x5b
 *(.comment)
 .comment       0x0000000000000000       0x2f build/default/production/mcc_generated_files/spi/src/spi0.o
                                         0x30 (size before relaxing)
 .comment       0x000000000000002f       0x30 build/default/production/mcc_generated_files/system/src/pins.o
 .comment       0x000000000000002f       0x30 build/default/production/mcc_generated_files/system/src/interrupt.o
 .comment       0x000000000000002f       0x30 build/default/production/mcc_generated_files/system/src/system.o
 .comment       0x000000000000002f       0x30 build/default/production/mcc_generated_files/system/src/config_bits.o
 .comment       0x000000000000002f       0x30 build/default/production/mcc_generated_files/system/src/clock.o
 .comment       0x000000000000002f       0x30 build/default/production/mcc_generated_files/timer/src/tca0.o
 .comment       0x000000000000002f       0x30 build/default/production/mcc_generated_files/timer/src/tcb0.o
 .comment       0x000000000000002f       0x30 build/default/production/mcc_generated_files/timer/src/tcb1.o
 .comment       0x000000000000002f       0x30 build/default/production/mcc_generated_files/timer/src/tcb2.o
 .comment       0x000000000000002f       0x30 build/default/production/mcc_generated_files/uart/src/usart2.o
 .comment       0x000000000000002f       0x30 build/default/production/mcc_generated_files/uart/src/usart1.o
 .comment       0x000000000000002f       0x30 build/default/production/main.o
 .comment       0x000000000000002f       0x30 build/default/production/functions/modbus.o
 .comment       0x000000000000002f       0x30 build/default/production/functions/temp_sensors.o
 .comment       0x000000000000002f       0x30 build/default/production/functions/system_registers.o
 .comment       0x000000000000002f       0x2c c:/program files/microchip/xc8/v3.10/avr/bin/../lib/gcc/avr/5.4.0/../../../../avr/lib/avrxmega4\libc.a(exit.o)
                                         0x2d (size before relaxing)
 .comment       0x000000000000005b       0x2d c:/program files/microchip/xc8/v3.10/avr/bin/../lib/gcc/avr/5.4.0/../../../../avr/lib/avrxmega4\libc.a(stdout.o)
 .comment       0x000000000000005b       0x2d c:/program files/microchip/xc8/v3.10/avr/bin/../lib/gcc/avr/5.4.0/../../../../avr/lib/avrxmega4\libc.a(_Exit.o)

.stack.descriptors.hdr
                0x0000000000000000       0x38
 .stack.descriptors.hdr
                0x0000000000000000        0xe c:/program files/microchip/xc8/v3.10/avr/bin/../lib/gcc/avr/5.4.0/../../../../avr/lib/avrxmega4\libc.a(exit.o)
 .stack.descriptors.hdr
                0x000000000000000e        0xe c:/program files/microchip/xc8/v3.10/avr/bin/../lib/gcc/avr/5.4.0/../../../../avr/lib/avrxmega4\libc.a(stdout.o)
 .stack.descriptors.hdr
                0x000000000000001c        0xe c:/program files/microchip/xc8/v3.10/avr/bin/../lib/gcc/avr/5.4.0/../../../../avr/lib/avrxmega4\libc.a(_Exit.o)
 .stack.descriptors.hdr
                0x000000000000002a        0xe c:/program files/microchip/xc8/v3.10/avr/bin/../lib/gcc/avr/5.4.0/avrxmega4\libgcc.a(_exit.o)

.note.GNU-stack
                0x0000000000000000        0x0
 .note.GNU-stack
                0x0000000000000000        0x0 c:/program files/microchip/xc8/v3.10/avr/bin/../lib/gcc/avr/5.4.0/../../../../avr/lib/avrxmega4\libc.a(exit.o)
 .note.GNU-stack
                0x0000000000000000        0x0 c:/program files/microchip/xc8/v3.10/avr/bin/../lib/gcc/avr/5.4.0/../../../../avr/lib/avrxmega4\libc.a(stdout.o)
 .note.GNU-stack
                0x0000000000000000        0x0 c:/program files/microchip/xc8/v3.10/avr/bin/../lib/gcc/avr/5.4.0/../../../../avr/lib/avrxmega4\libc.a(_Exit.o)

.note.gnu.build-id
 *(.note.gnu.build-id)

.debug
 *(.debug)

.line
 *(.line)

.debug_srcinfo
 *(.debug_srcinfo)

.debug_sfnames
 *(.debug_sfnames)

.debug_aranges  0x0000000000000000      0x8e0
 *(.debug_aranges)
 .debug_aranges
                0x0000000000000000       0x80 build/default/production/mcc_generated_files/spi/src/spi0.o
 .debug_aranges
                0x0000000000000080      0x180 build/default/production/mcc_generated_files/system/src/pins.o
 .debug_aranges
                0x0000000000000200       0x20 build/default/production/mcc_generated_files/system/src/protected_io.o
 .debug_aranges
                0x0000000000000220       0x20 build/default/production/mcc_generated_files/system/src/interrupt.o
 .debug_aranges
                0x0000000000000240       0x20 build/default/production/mcc_generated_files/system/src/system.o
 .debug_aranges
                0x0000000000000260       0x18 build/default/production/mcc_generated_files/system/src/config_bits.o
 .debug_aranges
                0x0000000000000278       0x30 build/default/production/mcc_generated_files/system/src/clock.o
 .debug_aranges
                0x00000000000002a8       0xd8 build/default/production/mcc_generated_files/timer/src/tca0.o
 .debug_aranges
                0x0000000000000380       0xb8 build/default/production/mcc_generated_files/timer/src/tcb0.o
 .debug_aranges
                0x0000000000000438       0xb8 build/default/production/mcc_generated_files/timer/src/tcb1.o
 .debug_aranges
                0x00000000000004f0       0xb8 build/default/production/mcc_generated_files/timer/src/tcb2.o
 .debug_aranges
                0x00000000000005a8       0xe0 build/default/production/mcc_generated_files/uart/src/usart2.o
 .debug_aranges
                0x0000000000000688      0x130 build/default/production/mcc_generated_files/uart/src/usart1.o
 .debug_aranges
                0x00000000000007b8       0x38 build/default/production/main.o
 .debug_aranges
                0x00000000000007f0       0x48 build/default/production/functions/modbus.o
 .debug_aranges
                0x0000000000000838       0x78 build/default/production/functions/temp_sensors.o
 .debug_aranges
                0x00000000000008b0       0x30 build/default/production/functions/system_registers.o

.debug_pubnames
 *(.debug_pubnames)

.debug_info     0x0000000000000000     0xd345
 *(.debug_info .gnu.linkonce.wi.*)
 .debug_info    0x0000000000000000     0x2848 C:/Program Files/Microchip/MPLABX/v6.25/packs/Microchip/AVR-Dx_DFP/2.7.321/xc8/avr/lib/avrxmega4/crtavr128db32.o
 .debug_info    0x0000000000002848      0xa1e build/default/production/mcc_generated_files/spi/src/spi0.o
 .debug_info    0x0000000000003266     0x1483 build/default/production/mcc_generated_files/system/src/pins.o
 .debug_info    0x00000000000046e9       0x75 build/default/production/mcc_generated_files/system/src/protected_io.o
 .debug_info    0x000000000000475e      0x3cd build/default/production/mcc_generated_files/system/src/interrupt.o
 .debug_info    0x0000000000004b2b      0x36b build/default/production/mcc_generated_files/system/src/system.o
 .debug_info    0x0000000000004e96      0x879 build/default/production/mcc_generated_files/system/src/config_bits.o
 .debug_info    0x000000000000570f      0xed5 build/default/production/mcc_generated_files/system/src/clock.o
 .debug_info    0x00000000000065e4     0x12a4 build/default/production/mcc_generated_files/timer/src/tca0.o
 .debug_info    0x0000000000007888      0x968 build/default/production/mcc_generated_files/timer/src/tcb0.o
 .debug_info    0x00000000000081f0      0x968 build/default/production/mcc_generated_files/timer/src/tcb1.o
 .debug_info    0x0000000000008b58      0x968 build/default/production/mcc_generated_files/timer/src/tcb2.o
 .debug_info    0x00000000000094c0      0xf05 build/default/production/mcc_generated_files/uart/src/usart2.o
 .debug_info    0x000000000000a3c5     0x1206 build/default/production/mcc_generated_files/uart/src/usart1.o
 .debug_info    0x000000000000b5cb      0x81e build/default/production/main.o
 .debug_info    0x000000000000bde9      0x59e build/default/production/functions/modbus.o
 .debug_info    0x000000000000c387      0xcc1 build/default/production/functions/temp_sensors.o
 .debug_info    0x000000000000d048      0x2fd build/default/production/functions/system_registers.o

.debug_abbrev   0x0000000000000000     0x40ce
 *(.debug_abbrev)
 .debug_abbrev  0x0000000000000000     0x2626 C:/Program Files/Microchip/MPLABX/v6.25/packs/Microchip/AVR-Dx_DFP/2.7.321/xc8/avr/lib/avrxmega4/crtavr128db32.o
 .debug_abbrev  0x0000000000002626      0x1ef build/default/production/mcc_generated_files/spi/src/spi0.o
 .debug_abbrev  0x0000000000002815      0x176 build/default/production/mcc_generated_files/system/src/pins.o
 .debug_abbrev  0x000000000000298b       0x14 build/default/production/mcc_generated_files/system/src/protected_io.o
 .debug_abbrev  0x000000000000299f       0xfa build/default/production/mcc_generated_files/system/src/interrupt.o
 .debug_abbrev  0x0000000000002a99       0x6a build/default/production/mcc_generated_files/system/src/system.o
 .debug_abbrev  0x0000000000002b03       0x97 build/default/production/mcc_generated_files/system/src/config_bits.o
 .debug_abbrev  0x0000000000002b9a      0x135 build/default/production/mcc_generated_files/system/src/clock.o
 .debug_abbrev  0x0000000000002ccf      0x1df build/default/production/mcc_generated_files/timer/src/tca0.o
 .debug_abbrev  0x0000000000002eae      0x1ef build/default/production/mcc_generated_files/timer/src/tcb0.o
 .debug_abbrev  0x000000000000309d      0x1ef build/default/production/mcc_generated_files/timer/src/tcb1.o
 .debug_abbrev  0x000000000000328c      0x1ef build/default/production/mcc_generated_files/timer/src/tcb2.o
 .debug_abbrev  0x000000000000347b      0x2c2 build/default/production/mcc_generated_files/uart/src/usart2.o
 .debug_abbrev  0x000000000000373d      0x2ca build/default/production/mcc_generated_files/uart/src/usart1.o
 .debug_abbrev  0x0000000000003a07      0x1df build/default/production/main.o
 .debug_abbrev  0x0000000000003be6      0x160 build/default/production/functions/modbus.o
 .debug_abbrev  0x0000000000003d46      0x2ef build/default/production/functions/temp_sensors.o
 .debug_abbrev  0x0000000000004035       0x99 build/default/production/functions/system_registers.o

.debug_line     0x0000000000000000     0x3baa
 *(.debug_line .debug_line.* .debug_line_end)
 .debug_line    0x0000000000000000      0x19f C:/Program Files/Microchip/MPLABX/v6.25/packs/Microchip/AVR-Dx_DFP/2.7.321/xc8/avr/lib/avrxmega4/crtavr128db32.o
 .debug_line    0x000000000000019f      0x3ac build/default/production/mcc_generated_files/spi/src/spi0.o
 .debug_line    0x000000000000054b      0x73a build/default/production/mcc_generated_files/system/src/pins.o
 .debug_line    0x0000000000000c85       0x73 build/default/production/mcc_generated_files/system/src/protected_io.o
 .debug_line    0x0000000000000cf8      0x19c build/default/production/mcc_generated_files/system/src/interrupt.o
 .debug_line    0x0000000000000e94      0x1a9 build/default/production/mcc_generated_files/system/src/system.o
 .debug_line    0x000000000000103d      0x103 build/default/production/mcc_generated_files/system/src/config_bits.o
 .debug_line    0x0000000000001140      0x1ce build/default/production/mcc_generated_files/system/src/clock.o
 .debug_line    0x000000000000130e      0x443 build/default/production/mcc_generated_files/timer/src/tca0.o
 .debug_line    0x0000000000001751      0x3b7 build/default/production/mcc_generated_files/timer/src/tcb0.o
 .debug_line    0x0000000000001b08      0x3bd build/default/production/mcc_generated_files/timer/src/tcb1.o
 .debug_line    0x0000000000001ec5      0x3bd build/default/production/mcc_generated_files/timer/src/tcb2.o
 .debug_line    0x0000000000002282      0x533 build/default/production/mcc_generated_files/uart/src/usart2.o
 .debug_line    0x00000000000027b5      0x702 build/default/production/mcc_generated_files/uart/src/usart1.o
 .debug_line    0x0000000000002eb7      0x2dc build/default/production/main.o
 .debug_line    0x0000000000003193      0x323 build/default/production/functions/modbus.o
 .debug_line    0x00000000000034b6      0x632 build/default/production/functions/temp_sensors.o
 .debug_line    0x0000000000003ae8       0xc2 build/default/production/functions/system_registers.o

.debug_frame    0x0000000000000000     0x142c
 *(.debug_frame)
 .debug_frame   0x0000000000000000       0xe4 build/default/production/mcc_generated_files/spi/src/spi0.o
 .debug_frame   0x00000000000000e4      0x410 build/default/production/mcc_generated_files/system/src/pins.o
 .debug_frame   0x00000000000004f4       0x24 build/default/production/mcc_generated_files/system/src/interrupt.o
 .debug_frame   0x0000000000000518       0x24 build/default/production/mcc_generated_files/system/src/system.o
 .debug_frame   0x000000000000053c       0x44 build/default/production/mcc_generated_files/system/src/clock.o
 .debug_frame   0x0000000000000580      0x1dc build/default/production/mcc_generated_files/timer/src/tca0.o
 .debug_frame   0x000000000000075c      0x1ac build/default/production/mcc_generated_files/timer/src/tcb0.o
 .debug_frame   0x0000000000000908      0x1ac build/default/production/mcc_generated_files/timer/src/tcb1.o
 .debug_frame   0x0000000000000ab4      0x1ac build/default/production/mcc_generated_files/timer/src/tcb2.o
 .debug_frame   0x0000000000000c60      0x1ac build/default/production/mcc_generated_files/uart/src/usart2.o
 .debug_frame   0x0000000000000e0c      0x328 build/default/production/mcc_generated_files/uart/src/usart1.o
 .debug_frame   0x0000000000001134       0x68 build/default/production/main.o
 .debug_frame   0x000000000000119c       0x88 build/default/production/functions/modbus.o
 .debug_frame   0x0000000000001224      0x1c4 build/default/production/functions/temp_sensors.o
 .debug_frame   0x00000000000013e8       0x44 build/default/production/functions/system_registers.o

.debug_str      0x0000000000000000     0x150e
 *(.debug_str)
 .debug_str     0x0000000000000000     0x1189 C:/Program Files/Microchip/MPLABX/v6.25/packs/Microchip/AVR-Dx_DFP/2.7.321/xc8/avr/lib/avrxmega4/crtavr128db32.o
 .debug_str     0x0000000000001189       0x4b build/default/production/mcc_generated_files/spi/src/spi0.o
 .debug_str     0x00000000000011d4       0x30 build/default/production/mcc_generated_files/system/src/pins.o
 .debug_str     0x0000000000001204       0x13 build/default/production/mcc_generated_files/system/src/interrupt.o
 .debug_str     0x0000000000001217       0xae build/default/production/mcc_generated_files/system/src/system.o
 .debug_str     0x00000000000012c5        0x0 build/default/production/mcc_generated_files/system/src/config_bits.o
 .debug_str     0x00000000000012c5       0x13 build/default/production/mcc_generated_files/system/src/clock.o
 .debug_str     0x00000000000012d8       0x72 build/default/production/mcc_generated_files/timer/src/tca0.o
 .debug_str     0x000000000000134a       0x25 build/default/production/mcc_generated_files/timer/src/tcb0.o
 .debug_str     0x000000000000136f       0x28 build/default/production/mcc_generated_files/timer/src/tcb1.o
 .debug_str     0x0000000000001397       0x28 build/default/production/mcc_generated_files/timer/src/tcb2.o
 .debug_str     0x00000000000013bf       0x10 build/default/production/mcc_generated_files/uart/src/usart2.o
 .debug_str     0x00000000000013cf       0x1f build/default/production/mcc_generated_files/uart/src/usart1.o
 .debug_str     0x00000000000013ee       0x84 build/default/production/main.o
 .debug_str     0x0000000000001472       0x61 build/default/production/functions/modbus.o
 .debug_str     0x00000000000014d3       0x3b build/default/production/functions/temp_sensors.o
 .debug_str     0x000000000000150e        0x0 build/default/production/functions/system_registers.o

.debug_loc      0x0000000000000000     0x1005
 *(.debug_loc)
 .debug_loc     0x0000000000000000      0x317 build/default/production/mcc_generated_files/spi/src/spi0.o
 .debug_loc     0x0000000000000317       0x2a build/default/production/mcc_generated_files/system/src/interrupt.o
 .debug_loc     0x0000000000000341      0x21c build/default/production/mcc_generated_files/system/src/clock.o
 .debug_loc     0x000000000000055d       0x34 build/default/production/mcc_generated_files/timer/src/tca0.o
 .debug_loc     0x0000000000000591       0xbd build/default/production/mcc_generated_files/uart/src/usart2.o
 .debug_loc     0x000000000000064e      0x140 build/default/production/mcc_generated_files/uart/src/usart1.o
 .debug_loc     0x000000000000078e       0x7c build/default/production/main.o
 .debug_loc     0x000000000000080a      0x157 build/default/production/functions/modbus.o
 .debug_loc     0x0000000000000961      0x64a build/default/production/functions/temp_sensors.o
 .debug_loc     0x0000000000000fab       0x5a build/default/production/functions/system_registers.o

.debug_macinfo
 *(.debug_macinfo)

.debug_weaknames
 *(.debug_weaknames)

.debug_funcnames
 *(.debug_funcnames)

.debug_typenames
 *(.debug_typenames)

.debug_varnames
 *(.debug_varnames)

.debug_pubtypes
 *(.debug_pubtypes)

.debug_ranges   0x0000000000000000      0x800
 *(.debug_ranges)
 .debug_ranges  0x0000000000000000       0x70 build/default/production/mcc_generated_files/spi/src/spi0.o
 .debug_ranges  0x0000000000000070      0x170 build/default/production/mcc_generated_files/system/src/pins.o
 .debug_ranges  0x00000000000001e0       0x10 build/default/production/mcc_generated_files/system/src/interrupt.o
 .debug_ranges  0x00000000000001f0       0x10 build/default/production/mcc_generated_files/system/src/system.o
 .debug_ranges  0x0000000000000200       0x20 build/default/production/mcc_generated_files/system/src/clock.o
 .debug_ranges  0x0000000000000220       0xc8 build/default/production/mcc_generated_files/timer/src/tca0.o
 .debug_ranges  0x00000000000002e8       0xa8 build/default/production/mcc_generated_files/timer/src/tcb0.o
 .debug_ranges  0x0000000000000390       0xa8 build/default/production/mcc_generated_files/timer/src/tcb1.o
 .debug_ranges  0x0000000000000438       0xa8 build/default/production/mcc_generated_files/timer/src/tcb2.o
 .debug_ranges  0x00000000000004e0       0xd0 build/default/production/mcc_generated_files/uart/src/usart2.o
 .debug_ranges  0x00000000000005b0      0x120 build/default/production/mcc_generated_files/uart/src/usart1.o
 .debug_ranges  0x00000000000006d0       0x40 build/default/production/main.o
 .debug_ranges  0x0000000000000710       0x50 build/default/production/functions/modbus.o
 .debug_ranges  0x0000000000000760       0x80 build/default/production/functions/temp_sensors.o
 .debug_ranges  0x00000000000007e0       0x20 build/default/production/functions/system_registers.o

.debug_macro
 *(.debug_macro)
OUTPUT(dist/default/production/Sensor_Controller.X.production.elf elf32-avr)
LOAD linker stubs
LOAD data_init

.note.gnu.avr.deviceinfo
                0x0000000000000000       0x40
 .note.gnu.avr.deviceinfo
                0x0000000000000000       0x40 C:/Program Files/Microchip/MPLABX/v6.25/packs/Microchip/AVR-Dx_DFP/2.7.321/xc8/avr/lib/avrxmega4/crtavr128db32.o

.bss.IO_PF5_InterruptHandler
                0x0000000000804334        0x2
 .bss.IO_PF5_InterruptHandler
                0x0000000000804334        0x2 build/default/production/mcc_generated_files/system/src/pins.o

.bss.IO_PF4_InterruptHandler
                0x0000000000804336        0x2
 .bss.IO_PF4_InterruptHandler
                0x0000000000804336        0x2 build/default/production/mcc_generated_files/system/src/pins.o

.bss.IO_PD7_InterruptHandler
                0x0000000000804338        0x2
 .bss.IO_PD7_InterruptHandler
                0x0000000000804338        0x2 build/default/production/mcc_generated_files/system/src/pins.o

.bss.IO_PD6_InterruptHandler
                0x000000000080433a        0x2
 .bss.IO_PD6_InterruptHandler
                0x000000000080433a        0x2 build/default/production/mcc_generated_files/system/src/pins.o

.bss.IO_PD5_InterruptHandler
                0x000000000080433c        0x2
 .bss.IO_PD5_InterruptHandler
                0x000000000080433c        0x2 build/default/production/mcc_generated_files/system/src/pins.o

.bss.IO_PD4_InterruptHandler
                0x000000000080433e        0x2
 .bss.IO_PD4_InterruptHandler
                0x000000000080433e        0x2 build/default/production/mcc_generated_files/system/src/pins.o

.bss.IO_PD3_InterruptHandler
                0x0000000000804340        0x2
 .bss.IO_PD3_InterruptHandler
                0x0000000000804340        0x2 build/default/production/mcc_generated_files/system/src/pins.o

.bss.IO_PD2_InterruptHandler
                0x0000000000804342        0x2
 .bss.IO_PD2_InterruptHandler
                0x0000000000804342        0x2 build/default/production/mcc_generated_files/system/src/pins.o

.bss.IO_PD1_InterruptHandler
                0x0000000000804344        0x2
 .bss.IO_PD1_InterruptHandler
                0x0000000000804344        0x2 build/default/production/mcc_generated_files/system/src/pins.o

.bss.IO_PC3_InterruptHandler
                0x0000000000804346        0x2
 .bss.IO_PC3_InterruptHandler
                0x0000000000804346        0x2 build/default/production/mcc_generated_files/system/src/pins.o

.bss.IO_PC2_InterruptHandler
                0x0000000000804348        0x2
 .bss.IO_PC2_InterruptHandler
                0x0000000000804348        0x2 build/default/production/mcc_generated_files/system/src/pins.o

.bss.IO_PA6_InterruptHandler
                0x000000000080434a        0x2
 .bss.IO_PA6_InterruptHandler
                0x000000000080434a        0x2 build/default/production/mcc_generated_files/system/src/pins.o

.bss.IO_PA7_InterruptHandler
                0x000000000080434c        0x2
 .bss.IO_PA7_InterruptHandler
                0x000000000080434c        0x2 build/default/production/mcc_generated_files/system/src/pins.o

.bss.IO_PA5_InterruptHandler
                0x000000000080434e        0x2
 .bss.IO_PA5_InterruptHandler
                0x000000000080434e        0x2 build/default/production/mcc_generated_files/system/src/pins.o

.bss.IO_PA3_InterruptHandler
                0x0000000000804350        0x2
 .bss.IO_PA3_InterruptHandler
                0x0000000000804350        0x2 build/default/production/mcc_generated_files/system/src/pins.o

.bss.IO_PA2_InterruptHandler
                0x0000000000804352        0x2
 .bss.IO_PA2_InterruptHandler
                0x0000000000804352        0x2 build/default/production/mcc_generated_files/system/src/pins.o

.bss.IO_PF0_InterruptHandler
                0x0000000000804354        0x2
 .bss.IO_PF0_InterruptHandler
                0x0000000000804354        0x2 build/default/production/mcc_generated_files/system/src/pins.o

.bss.IO_PF1_InterruptHandler
                0x0000000000804356        0x2
 .bss.IO_PF1_InterruptHandler
                0x0000000000804356        0x2 build/default/production/mcc_generated_files/system/src/pins.o

.bss.IO_PC0_InterruptHandler
                0x0000000000804358        0x2
 .bss.IO_PC0_InterruptHandler
                0x0000000000804358        0x2 build/default/production/mcc_generated_files/system/src/pins.o

.bss.IO_PC1_InterruptHandler
                0x000000000080435a        0x2
 .bss.IO_PC1_InterruptHandler
                0x000000000080435a        0x2 build/default/production/mcc_generated_files/system/src/pins.o

.bss.TCA0_OVFCallback
                0x000000000080435c        0x2
 .bss.TCA0_OVFCallback
                0x000000000080435c        0x2 build/default/production/mcc_generated_files/timer/src/tca0.o

.bss.TCB0_CAPT_isr_cb
                0x000000000080435e        0x2
 .bss.TCB0_CAPT_isr_cb
                0x000000000080435e        0x2 build/default/production/mcc_generated_files/timer/src/tcb0.o

.bss.TCB0_OVF_isr_cb
                0x0000000000804360        0x2
 .bss.TCB0_OVF_isr_cb
                0x0000000000804360        0x2 build/default/production/mcc_generated_files/timer/src/tcb0.o

.bss.TCB1_CAPT_isr_cb
                0x0000000000804362        0x2
 .bss.TCB1_CAPT_isr_cb
                0x0000000000804362        0x2 build/default/production/mcc_generated_files/timer/src/tcb1.o

.bss.TCB1_OVF_isr_cb
                0x0000000000804364        0x2
 .bss.TCB1_OVF_isr_cb
                0x0000000000804364        0x2 build/default/production/mcc_generated_files/timer/src/tcb1.o

.bss.TCB2_CAPT_isr_cb
                0x0000000000804366        0x2
 .bss.TCB2_CAPT_isr_cb
                0x0000000000804366        0x2 build/default/production/mcc_generated_files/timer/src/tcb2.o

.bss.TCB2_OVF_isr_cb
                0x0000000000804368        0x2
 .bss.TCB2_OVF_isr_cb
                0x0000000000804368        0x2 build/default/production/mcc_generated_files/timer/src/tcb2.o

.bss.USART2_ParityErrorHandler
                0x000000000080436a        0x2
 .bss.USART2_ParityErrorHandler
                0x000000000080436a        0x2 build/default/production/mcc_generated_files/uart/src/usart2.o

.bss.USART2_OverrunErrorHandler
                0x000000000080436c        0x2
 .bss.USART2_OverrunErrorHandler
                0x000000000080436c        0x2 build/default/production/mcc_generated_files/uart/src/usart2.o

.bss.USART2_FramingErrorHandler
                0x000000000080436e        0x2
 .bss.USART2_FramingErrorHandler
                0x000000000080436e        0x2 build/default/production/mcc_generated_files/uart/src/usart2.o

.bss.usart2RxLastError
                0x0000000000804370        0x2
 .bss.usart2RxLastError
                0x0000000000804370        0x2 build/default/production/mcc_generated_files/uart/src/usart2.o

.bss.USART1_TxCompleteInterruptHandler
                0x0000000000804372        0x2
 .bss.USART1_TxCompleteInterruptHandler
                0x0000000000804372        0x2 build/default/production/mcc_generated_files/uart/src/usart1.o

.bss.USART1_ParityErrorHandler
                0x0000000000804374        0x2
 .bss.USART1_ParityErrorHandler
                0x0000000000804374        0x2 build/default/production/mcc_generated_files/uart/src/usart1.o

.bss.USART1_OverrunErrorHandler
                0x0000000000804376        0x2
 .bss.USART1_OverrunErrorHandler
                0x0000000000804376        0x2 build/default/production/mcc_generated_files/uart/src/usart1.o

.bss.USART1_FramingErrorHandler
                0x0000000000804378        0x2
 .bss.USART1_FramingErrorHandler
                0x0000000000804378        0x2 build/default/production/mcc_generated_files/uart/src/usart1.o

.bss.usart1RxLastError
                0x000000000080437a        0x2
 .bss.usart1RxLastError
                0x000000000080437a        0x2 build/default/production/mcc_generated_files/uart/src/usart1.o

.bss.usart1RxStatusBuffer
                0x0000000000804314       0x10
 .bss.usart1RxStatusBuffer
                0x0000000000804314       0x10 build/default/production/mcc_generated_files/uart/src/usart1.o

.bss.usart1RxBuffer
                0x0000000000804324        0x8
 .bss.usart1RxBuffer
                0x0000000000804324        0x8 build/default/production/mcc_generated_files/uart/src/usart1.o

.bss.usart1RxCount
                0x0000000000804380        0x1
 .bss.usart1RxCount
                0x0000000000804380        0x1 build/default/production/mcc_generated_files/uart/src/usart1.o

.bss.usart1RxTail
                0x0000000000804381        0x1
 .bss.usart1RxTail
                0x0000000000804381        0x1 build/default/production/mcc_generated_files/uart/src/usart1.o

.bss.usart1RxHead
                0x0000000000804382        0x1
 .bss.usart1RxHead
                0x0000000000804382        0x1 build/default/production/mcc_generated_files/uart/src/usart1.o

.bss.usart1IsTxComplete
                0x0000000000804383        0x1
 .bss.usart1IsTxComplete
                0x0000000000804383        0x1 build/default/production/mcc_generated_files/uart/src/usart1.o

.bss.usart1TxBuffer
                0x000000000080432c        0x8
 .bss.usart1TxBuffer
                0x000000000080432c        0x8 build/default/production/mcc_generated_files/uart/src/usart1.o

.bss.usart1TxBufferRemaining
                0x0000000000804384        0x1
 .bss.usart1TxBufferRemaining
                0x0000000000804384        0x1 build/default/production/mcc_generated_files/uart/src/usart1.o

.bss.usart1TxTail
                0x0000000000804385        0x1
 .bss.usart1TxTail
                0x0000000000804385        0x1 build/default/production/mcc_generated_files/uart/src/usart1.o

.bss.usart1TxHead
                0x0000000000804386        0x1
 .bss.usart1TxHead
                0x0000000000804386        0x1 build/default/production/mcc_generated_files/uart/src/usart1.o

.bss.frame_complete
                0x0000000000804387        0x1
 .bss.frame_complete
                0x0000000000804387        0x1 build/default/production/functions/modbus.o

.bss.rx_index   0x0000000000804388        0x1
 .bss.rx_index  0x0000000000804388        0x1 build/default/production/functions/modbus.o

.bss.tx_buffer  0x0000000000804104      0x100
 .bss.tx_buffer
                0x0000000000804104      0x100 build/default/production/functions/modbus.o

.bss.rx_buffer  0x0000000000804204      0x100
 .bss.rx_buffer
                0x0000000000804204      0x100 build/default/production/functions/modbus.o

.bss.KTYPE_STATE
                0x0000000000804389        0x1
 .bss.KTYPE_STATE
                0x0000000000804389        0x1 build/default/production/functions/temp_sensors.o
                0x0000000000804389                KTYPE_STATE

.bss.__stdout   0x000000000080437e        0x2
 .bss.__stdout  0x000000000080437e        0x2 c:/program files/microchip/xc8/v3.10/avr/bin/../lib/gcc/avr/5.4.0/../../../../avr/lib/avrxmega4\libc.a(stdout.o)

.text.modbus_process
                0x0000000000000126      0x17a
 .text.modbus_process
                0x0000000000000126      0x17a build/default/production/functions/modbus.o
                0x0000000000000126                modbus_process

.text.PIN_MANAGER_Initialize
                0x00000000000002a0      0x15a
 .text.PIN_MANAGER_Initialize
                0x00000000000002a0      0x15a build/default/production/mcc_generated_files/system/src/pins.o
                0x00000000000002a0                PIN_MANAGER_Initialize

.text.USART1_ReceiveISR
                0x00000000000003fa       0xba
 .text.USART1_ReceiveISR
                0x00000000000003fa       0xba build/default/production/mcc_generated_files/uart/src/usart1.o
                0x00000000000003fa                USART1_ReceiveISR

.text.__vector_24
                0x00000000000004b4       0xb2
 .text.__vector_24
                0x00000000000004b4       0xb2 build/default/production/mcc_generated_files/system/src/pins.o
                0x00000000000004b4                __vector_24

.text.__vector_8
                0x0000000000000566       0x96
 .text.__vector_8
                0x0000000000000566       0x96 build/default/production/mcc_generated_files/system/src/pins.o
                0x0000000000000566                __vector_8

.text.CLOCK_Initialize
                0x00000000000005fc       0x8e
 .text.CLOCK_Initialize
                0x00000000000005fc       0x8e build/default/production/mcc_generated_files/system/src/clock.o
                0x00000000000005fc                CLOCK_Initialize

.text.__vector_30
                0x000000000000068a       0x88
 .text.__vector_30
                0x000000000000068a       0x88 build/default/production/mcc_generated_files/system/src/pins.o
                0x000000000000068a                __vector_30

.text.__vector_35
                0x0000000000000712       0x88
 .text.__vector_35
                0x0000000000000712       0x88 build/default/production/mcc_generated_files/system/src/pins.o
                0x0000000000000712                __vector_35

.text.USART1_Initialize
                0x000000000000079a       0x88
 .text.USART1_Initialize
                0x000000000000079a       0x88 build/default/production/mcc_generated_files/uart/src/usart1.o
                0x000000000000079a                USART1_Initialize

.text.__vector_14
                0x0000000000000822       0x84
 .text.__vector_14
                0x0000000000000822       0x84 build/default/production/mcc_generated_files/timer/src/tcb0.o
                0x0000000000000822                __vector_14

.text.__vector_15
                0x00000000000008a6       0x84
 .text.__vector_15
                0x00000000000008a6       0x84 build/default/production/mcc_generated_files/timer/src/tcb1.o
                0x00000000000008a6                __vector_15

.text.__vector_31
                0x000000000000092a       0x84
 .text.__vector_31
                0x000000000000092a       0x84 build/default/production/mcc_generated_files/timer/src/tcb2.o
                0x000000000000092a                __vector_31

.text.__vector_34
                0x00000000000009ae       0x72
 .text.__vector_34
                0x00000000000009ae       0x72 build/default/production/mcc_generated_files/uart/src/usart1.o
                0x00000000000009ae                __vector_34

.text.__vector_9
                0x0000000000000a20       0x60
 .text.__vector_9
                0x0000000000000a20       0x60 build/default/production/mcc_generated_files/timer/src/tca0.o
                0x0000000000000a20                __vector_9

.text.__vector_32
                0x0000000000000a80       0x56
 .text.__vector_32
                0x0000000000000a80       0x56 build/default/production/mcc_generated_files/uart/src/usart1.o
                0x0000000000000a80                __vector_32

.text.__vector_33
                0x0000000000000ad6       0x56
 .text.__vector_33
                0x0000000000000ad6       0x56 build/default/production/mcc_generated_files/uart/src/usart1.o
                0x0000000000000ad6                __vector_33

.text.USART2_Initialize
                0x0000000000000b2c       0x50
 .text.USART2_Initialize
                0x0000000000000b2c       0x50 build/default/production/mcc_generated_files/uart/src/usart2.o
                0x0000000000000b2c                USART2_Initialize

.text.TCB0_Initialize
                0x0000000000000b7c       0x44
 .text.TCB0_Initialize
                0x0000000000000b7c       0x44 build/default/production/mcc_generated_files/timer/src/tcb0.o
                0x0000000000000b7c                TCB0_Initialize

.text.TCB1_Initialize
                0x0000000000000bc0       0x44
 .text.TCB1_Initialize
                0x0000000000000bc0       0x44 build/default/production/mcc_generated_files/timer/src/tcb1.o
                0x0000000000000bc0                TCB1_Initialize

.text.TCB2_Initialize
                0x0000000000000c04       0x44
 .text.TCB2_Initialize
                0x0000000000000c04       0x44 build/default/production/mcc_generated_files/timer/src/tcb2.o
                0x0000000000000c04                TCB2_Initialize

.text.USART1_Write
                0x0000000000000c48       0x40
 .text.USART1_Write
                0x0000000000000c48       0x40 build/default/production/mcc_generated_files/uart/src/usart1.o
                0x0000000000000c48                USART1_Write

.text.TCA0_Initialize
                0x0000000000000c88       0x3c
 .text.TCA0_Initialize
                0x0000000000000c88       0x3c build/default/production/mcc_generated_files/timer/src/tca0.o
                0x0000000000000c88                TCA0_Initialize

.text.USART1_TransmitISR
                0x0000000000000cc4       0x3c
 .text.USART1_TransmitISR
                0x0000000000000cc4       0x3c build/default/production/mcc_generated_files/uart/src/usart1.o
                0x0000000000000cc4                USART1_TransmitISR

.text.modbus_crc16
                0x0000000000000d00       0x3c
 .text.modbus_crc16
                0x0000000000000d00       0x3c build/default/production/functions/modbus.o
                0x0000000000000d00                modbus_crc16

.text.SYSTEM_Initialize
                0x0000000000000d3c       0x2a
 .text.SYSTEM_Initialize
                0x0000000000000d3c       0x2a build/default/production/mcc_generated_files/system/src/system.o
                0x0000000000000d3c                SYSTEM_Initialize

.text.modbus_receive
                0x0000000000000d66       0x28
 .text.modbus_receive
                0x0000000000000d66       0x28 build/default/production/functions/modbus.o
                0x0000000000000d66                modbus_receive

.text.main      0x0000000000000d8e       0x26
 .text.main     0x0000000000000d8e       0x26 build/default/production/main.o
                0x0000000000000d8e                main

.text.SYS_REGS_INIT
                0x0000000000000db4       0x22
 .text.SYS_REGS_INIT
                0x0000000000000db4       0x22 build/default/production/main.o
                0x0000000000000db4                SYS_REGS_INIT

.text.CPUINT_Initialize
                0x0000000000000dd6       0x1a
 .text.CPUINT_Initialize
                0x0000000000000dd6       0x1a build/default/production/mcc_generated_files/system/src/interrupt.o
                0x0000000000000dd6                CPUINT_Initialize

.text.USART2_printCHAR
                0x0000000000000df0       0x1a
 .text.USART2_printCHAR
                0x0000000000000df0       0x1a build/default/production/mcc_generated_files/uart/src/usart2.o
                0x0000000000000df0                USART2_printCHAR

.text.KTYPE_timer_CapCallBack
                0x0000000000000e0a       0x16
 .text.KTYPE_timer_CapCallBack
                0x0000000000000e0a       0x16 build/default/production/functions/temp_sensors.o
                0x0000000000000e0a                KTYPE_timer_CapCallBack

.text.exit      0x0000000000000e20       0x16
 .text.exit     0x0000000000000e20       0x16 c:/program files/microchip/xc8/v3.10/avr/bin/../lib/gcc/avr/5.4.0/../../../../avr/lib/avrxmega4\libc.a(exit.o)
                0x0000000000000e20                exit

.text.SPI0_Initialize
                0x0000000000000e36       0x14
 .text.SPI0_Initialize
                0x0000000000000e36       0x14 build/default/production/mcc_generated_files/spi/src/spi0.o
                0x0000000000000e36                SPI0_Initialize

.text.USART2_FramingErrorCallbackRegister
                0x0000000000000e4a        0xe
 .text.USART2_FramingErrorCallbackRegister
                0x0000000000000e4a        0xe build/default/production/mcc_generated_files/uart/src/usart2.o
                0x0000000000000e4a                USART2_FramingErrorCallbackRegister

.text.USART2_OverrunErrorCallbackRegister
                0x0000000000000e58        0xe
 .text.USART2_OverrunErrorCallbackRegister
                0x0000000000000e58        0xe build/default/production/mcc_generated_files/uart/src/usart2.o
                0x0000000000000e58                USART2_OverrunErrorCallbackRegister

.text.USART2_ParityErrorCallbackRegister
                0x0000000000000e66        0xe
 .text.USART2_ParityErrorCallbackRegister
                0x0000000000000e66        0xe build/default/production/mcc_generated_files/uart/src/usart2.o
                0x0000000000000e66                USART2_ParityErrorCallbackRegister

.text.USART1_IsTxReady
                0x0000000000000e74        0xe
 .text.USART1_IsTxReady
                0x0000000000000e74        0xe build/default/production/mcc_generated_files/uart/src/usart1.o
                0x0000000000000e74                USART1_IsTxReady

.text.USART1_FramingErrorCallbackRegister
                0x0000000000000e82        0xe
 .text.USART1_FramingErrorCallbackRegister
                0x0000000000000e82        0xe build/default/production/mcc_generated_files/uart/src/usart1.o
                0x0000000000000e82                USART1_FramingErrorCallbackRegister

.text.USART1_OverrunErrorCallbackRegister
                0x0000000000000e90        0xe
 .text.USART1_OverrunErrorCallbackRegister
                0x0000000000000e90        0xe build/default/production/mcc_generated_files/uart/src/usart1.o
                0x0000000000000e90                USART1_OverrunErrorCallbackRegister

.text.USART1_ParityErrorCallbackRegister
                0x0000000000000e9e        0xe
 .text.USART1_ParityErrorCallbackRegister
                0x0000000000000e9e        0xe build/default/production/mcc_generated_files/uart/src/usart1.o
                0x0000000000000e9e                USART1_ParityErrorCallbackRegister

.text.TCB0_CAPTInterruptEnable
                0x0000000000000eac        0xc
 .text.TCB0_CAPTInterruptEnable
                0x0000000000000eac        0xc build/default/production/mcc_generated_files/timer/src/tcb0.o
                0x0000000000000eac                TCB0_CAPTInterruptEnable

.text.TCB0_CAPTInterruptDisable
                0x0000000000000eb8        0xc
 .text.TCB0_CAPTInterruptDisable
                0x0000000000000eb8        0xc build/default/production/mcc_generated_files/timer/src/tcb0.o
                0x0000000000000eb8                TCB0_CAPTInterruptDisable

.text.USART2_IsTxReady
                0x0000000000000ec4        0xc
 .text.USART2_IsTxReady
                0x0000000000000ec4        0xc build/default/production/mcc_generated_files/uart/src/usart2.o
                0x0000000000000ec4                USART2_IsTxReady

.text.modbus_timer_expired
                0x0000000000000ed0        0xc
 .text.modbus_timer_expired
                0x0000000000000ed0        0xc build/default/production/functions/modbus.o
                0x0000000000000ed0                modbus_timer_expired

.text.IO_PC1_SetInterruptHandler
                0x0000000000000edc        0xa
 .text.IO_PC1_SetInterruptHandler
                0x0000000000000edc        0xa build/default/production/mcc_generated_files/system/src/pins.o
                0x0000000000000edc                IO_PC1_SetInterruptHandler

.text.IO_PC0_SetInterruptHandler
                0x0000000000000ee6        0xa
 .text.IO_PC0_SetInterruptHandler
                0x0000000000000ee6        0xa build/default/production/mcc_generated_files/system/src/pins.o
                0x0000000000000ee6                IO_PC0_SetInterruptHandler

.text.IO_PF1_SetInterruptHandler
                0x0000000000000ef0        0xa
 .text.IO_PF1_SetInterruptHandler
                0x0000000000000ef0        0xa build/default/production/mcc_generated_files/system/src/pins.o
                0x0000000000000ef0                IO_PF1_SetInterruptHandler

.text.IO_PF0_SetInterruptHandler
                0x0000000000000efa        0xa
 .text.IO_PF0_SetInterruptHandler
                0x0000000000000efa        0xa build/default/production/mcc_generated_files/system/src/pins.o
                0x0000000000000efa                IO_PF0_SetInterruptHandler

.text.IO_PA2_SetInterruptHandler
                0x0000000000000f04        0xa
 .text.IO_PA2_SetInterruptHandler
                0x0000000000000f04        0xa build/default/production/mcc_generated_files/system/src/pins.o
                0x0000000000000f04                IO_PA2_SetInterruptHandler

.text.IO_PA3_SetInterruptHandler
                0x0000000000000f0e        0xa
 .text.IO_PA3_SetInterruptHandler
                0x0000000000000f0e        0xa build/default/production/mcc_generated_files/system/src/pins.o
                0x0000000000000f0e                IO_PA3_SetInterruptHandler

.text.IO_PA5_SetInterruptHandler
                0x0000000000000f18        0xa
 .text.IO_PA5_SetInterruptHandler
                0x0000000000000f18        0xa build/default/production/mcc_generated_files/system/src/pins.o
                0x0000000000000f18                IO_PA5_SetInterruptHandler

.text.IO_PA7_SetInterruptHandler
                0x0000000000000f22        0xa
 .text.IO_PA7_SetInterruptHandler
                0x0000000000000f22        0xa build/default/production/mcc_generated_files/system/src/pins.o
                0x0000000000000f22                IO_PA7_SetInterruptHandler

.text.IO_PA6_SetInterruptHandler
                0x0000000000000f2c        0xa
 .text.IO_PA6_SetInterruptHandler
                0x0000000000000f2c        0xa build/default/production/mcc_generated_files/system/src/pins.o
                0x0000000000000f2c                IO_PA6_SetInterruptHandler

.text.IO_PC2_SetInterruptHandler
                0x0000000000000f36        0xa
 .text.IO_PC2_SetInterruptHandler
                0x0000000000000f36        0xa build/default/production/mcc_generated_files/system/src/pins.o
                0x0000000000000f36                IO_PC2_SetInterruptHandler

.text.IO_PC3_SetInterruptHandler
                0x0000000000000f40        0xa
 .text.IO_PC3_SetInterruptHandler
                0x0000000000000f40        0xa build/default/production/mcc_generated_files/system/src/pins.o
                0x0000000000000f40                IO_PC3_SetInterruptHandler

.text.IO_PD1_SetInterruptHandler
                0x0000000000000f4a        0xa
 .text.IO_PD1_SetInterruptHandler
                0x0000000000000f4a        0xa build/default/production/mcc_generated_files/system/src/pins.o
                0x0000000000000f4a                IO_PD1_SetInterruptHandler

.text.IO_PD2_SetInterruptHandler
                0x0000000000000f54        0xa
 .text.IO_PD2_SetInterruptHandler
                0x0000000000000f54        0xa build/default/production/mcc_generated_files/system/src/pins.o
                0x0000000000000f54                IO_PD2_SetInterruptHandler

.text.IO_PD3_SetInterruptHandler
                0x0000000000000f5e        0xa
 .text.IO_PD3_SetInterruptHandler
                0x0000000000000f5e        0xa build/default/production/mcc_generated_files/system/src/pins.o
                0x0000000000000f5e                IO_PD3_SetInterruptHandler

.text.IO_PD4_SetInterruptHandler
                0x0000000000000f68        0xa
 .text.IO_PD4_SetInterruptHandler
                0x0000000000000f68        0xa build/default/production/mcc_generated_files/system/src/pins.o
                0x0000000000000f68                IO_PD4_SetInterruptHandler

.text.IO_PD5_SetInterruptHandler
                0x0000000000000f72        0xa
 .text.IO_PD5_SetInterruptHandler
                0x0000000000000f72        0xa build/default/production/mcc_generated_files/system/src/pins.o
                0x0000000000000f72                IO_PD5_SetInterruptHandler

.text.IO_PD6_SetInterruptHandler
                0x0000000000000f7c        0xa
 .text.IO_PD6_SetInterruptHandler
                0x0000000000000f7c        0xa build/default/production/mcc_generated_files/system/src/pins.o
                0x0000000000000f7c                IO_PD6_SetInterruptHandler

.text.IO_PD7_SetInterruptHandler
                0x0000000000000f86        0xa
 .text.IO_PD7_SetInterruptHandler
                0x0000000000000f86        0xa build/default/production/mcc_generated_files/system/src/pins.o
                0x0000000000000f86                IO_PD7_SetInterruptHandler

.text.IO_PF4_SetInterruptHandler
                0x0000000000000f90        0xa
 .text.IO_PF4_SetInterruptHandler
                0x0000000000000f90        0xa build/default/production/mcc_generated_files/system/src/pins.o
                0x0000000000000f90                IO_PF4_SetInterruptHandler

.text.IO_PF5_SetInterruptHandler
                0x0000000000000f9a        0xa
 .text.IO_PF5_SetInterruptHandler
                0x0000000000000f9a        0xa build/default/production/mcc_generated_files/system/src/pins.o
                0x0000000000000f9a                IO_PF5_SetInterruptHandler

.text.protected_write_io
                0x0000000000000fa4        0xa
 .text.protected_write_io
                0x0000000000000fa4        0xa build/default/production/mcc_generated_files/system/src/protected_io.o
                0x0000000000000fa4                protected_write_io

.text.TCB0_OverflowCallbackRegister
                0x0000000000000fae        0xa
 .text.TCB0_OverflowCallbackRegister
                0x0000000000000fae        0xa build/default/production/mcc_generated_files/timer/src/tcb0.o
                0x0000000000000fae                TCB0_OverflowCallbackRegister

.text.TCB0_CaptureCallbackRegister
                0x0000000000000fb8        0xa
 .text.TCB0_CaptureCallbackRegister
                0x0000000000000fb8        0xa build/default/production/mcc_generated_files/timer/src/tcb0.o
                0x0000000000000fb8                TCB0_CaptureCallbackRegister

.text.TCB1_OverflowCallbackRegister
                0x0000000000000fc2        0xa
 .text.TCB1_OverflowCallbackRegister
                0x0000000000000fc2        0xa build/default/production/mcc_generated_files/timer/src/tcb1.o
                0x0000000000000fc2                TCB1_OverflowCallbackRegister

.text.TCB1_CaptureCallbackRegister
                0x0000000000000fcc        0xa
 .text.TCB1_CaptureCallbackRegister
                0x0000000000000fcc        0xa build/default/production/mcc_generated_files/timer/src/tcb1.o
                0x0000000000000fcc                TCB1_CaptureCallbackRegister

.text.TCB2_OverflowCallbackRegister
                0x0000000000000fd6        0xa
 .text.TCB2_OverflowCallbackRegister
                0x0000000000000fd6        0xa build/default/production/mcc_generated_files/timer/src/tcb2.o
                0x0000000000000fd6                TCB2_OverflowCallbackRegister

.text.TCB2_CaptureCallbackRegister
                0x0000000000000fe0        0xa
 .text.TCB2_CaptureCallbackRegister
                0x0000000000000fe0        0xa build/default/production/mcc_generated_files/timer/src/tcb2.o
                0x0000000000000fe0                TCB2_CaptureCallbackRegister

.text.USART1_IsTxDone
                0x0000000000000fea        0xa
 .text.USART1_IsTxDone
                0x0000000000000fea        0xa build/default/production/mcc_generated_files/uart/src/usart1.o
                0x0000000000000fea                USART1_IsTxDone

.text.RS485_TX_ENABLE
                0x0000000000000ff4        0x8
 .text.RS485_TX_ENABLE
                0x0000000000000ff4        0x8 build/default/production/functions/modbus.o
                0x0000000000000ff4                RS485_TX_ENABLE

.text.RS485_RX_ENABLE
                0x0000000000000ffc        0x8
 .text.RS485_RX_ENABLE
                0x0000000000000ffc        0x8 build/default/production/functions/modbus.o
                0x0000000000000ffc                RS485_RX_ENABLE

.text.TCB0_DefaultCaptureCallback
                0x0000000000001004        0x6
 .text.TCB0_DefaultCaptureCallback
                0x0000000000001004        0x6 build/default/production/mcc_generated_files/timer/src/tcb0.o

.text.TCB1_DefaultCaptureCallback
                0x000000000000100a        0x6
 .text.TCB1_DefaultCaptureCallback
                0x000000000000100a        0x6 build/default/production/mcc_generated_files/timer/src/tcb1.o

.text.TCB2_DefaultCaptureCallback
                0x0000000000001010        0x6
 .text.TCB2_DefaultCaptureCallback
                0x0000000000001010        0x6 build/default/production/mcc_generated_files/timer/src/tcb2.o

.text.USART2_Write
                0x0000000000001016        0x6
 .text.USART2_Write
                0x0000000000001016        0x6 build/default/production/mcc_generated_files/uart/src/usart2.o
                0x0000000000001016                USART2_Write

.text           0x000000000000101c        0x4
 .text          0x000000000000101c        0x4 C:/Program Files/Microchip/MPLABX/v6.25/packs/Microchip/AVR-Dx_DFP/2.7.321/xc8/avr/lib/avrxmega4/crtavr128db32.o
                0x000000000000101c                __vector_38
                0x000000000000101c                __vector_22
                0x000000000000101c                __vector_28
                0x000000000000101c                __vector_1
                0x000000000000101c                __vector_12
                0x000000000000101c                __bad_interrupt
                0x000000000000101c                __vector_6
                0x000000000000101c                __vector_39
                0x000000000000101c                __vector_3
                0x000000000000101c                __vector_23
                0x000000000000101c                __vector_25
                0x000000000000101c                __vector_11
                0x000000000000101c                __vector_13
                0x000000000000101c                __vector_17
                0x000000000000101c                __vector_19
                0x000000000000101c                __vector_7
                0x000000000000101c                __vector_41
                0x000000000000101c                __vector_43
                0x000000000000101c                __vector_27
                0x000000000000101c                __vector_5
                0x000000000000101c                __vector_37
                0x000000000000101c                __vector_4
                0x000000000000101c                __vector_2
                0x000000000000101c                __vector_21
                0x000000000000101c                __vector_36
                0x000000000000101c                __vector_29
                0x000000000000101c                __vector_40
                0x000000000000101c                __vector_26
                0x000000000000101c                __vector_10
                0x000000000000101c                __vector_16
                0x000000000000101c                __vector_18
                0x000000000000101c                __vector_20
                0x000000000000101c                __vector_42

.text._Exit     0x0000000000001020        0x4
 .text._Exit    0x0000000000001020        0x4 c:/program files/microchip/xc8/v3.10/avr/bin/../lib/gcc/avr/5.4.0/../../../../avr/lib/avrxmega4\libc.a(_Exit.o)
                0x0000000000001020                _Exit

.text.IO_PC1_DefaultInterruptHandler
                0x0000000000001024        0x2
 .text.IO_PC1_DefaultInterruptHandler
                0x0000000000001024        0x2 build/default/production/mcc_generated_files/system/src/pins.o
                0x0000000000001024                IO_PC1_DefaultInterruptHandler

.text.IO_PC0_DefaultInterruptHandler
                0x0000000000001026        0x2
 .text.IO_PC0_DefaultInterruptHandler
                0x0000000000001026        0x2 build/default/production/mcc_generated_files/system/src/pins.o
                0x0000000000001026                IO_PC0_DefaultInterruptHandler

.text.IO_PF1_DefaultInterruptHandler
                0x0000000000001028        0x2
 .text.IO_PF1_DefaultInterruptHandler
                0x0000000000001028        0x2 build/default/production/mcc_generated_files/system/src/pins.o
                0x0000000000001028                IO_PF1_DefaultInterruptHandler

.text.IO_PF0_DefaultInterruptHandler
                0x000000000000102a        0x2
 .text.IO_PF0_DefaultInterruptHandler
                0x000000000000102a        0x2 build/default/production/mcc_generated_files/system/src/pins.o
                0x000000000000102a                IO_PF0_DefaultInterruptHandler

.text.IO_PA2_DefaultInterruptHandler
                0x000000000000102c        0x2
 .text.IO_PA2_DefaultInterruptHandler
                0x000000000000102c        0x2 build/default/production/mcc_generated_files/system/src/pins.o
                0x000000000000102c                IO_PA2_DefaultInterruptHandler

.text.IO_PA3_DefaultInterruptHandler
                0x000000000000102e        0x2
 .text.IO_PA3_DefaultInterruptHandler
                0x000000000000102e        0x2 build/default/production/mcc_generated_files/system/src/pins.o
                0x000000000000102e                IO_PA3_DefaultInterruptHandler

.text.IO_PA5_DefaultInterruptHandler
                0x0000000000001030        0x2
 .text.IO_PA5_DefaultInterruptHandler
                0x0000000000001030        0x2 build/default/production/mcc_generated_files/system/src/pins.o
                0x0000000000001030                IO_PA5_DefaultInterruptHandler

.text.IO_PA7_DefaultInterruptHandler
                0x0000000000001032        0x2
 .text.IO_PA7_DefaultInterruptHandler
                0x0000000000001032        0x2 build/default/production/mcc_generated_files/system/src/pins.o
                0x0000000000001032                IO_PA7_DefaultInterruptHandler

.text.IO_PA6_DefaultInterruptHandler
                0x0000000000001034        0x2
 .text.IO_PA6_DefaultInterruptHandler
                0x0000000000001034        0x2 build/default/production/mcc_generated_files/system/src/pins.o
                0x0000000000001034                IO_PA6_DefaultInterruptHandler

.text.IO_PC2_DefaultInterruptHandler
                0x0000000000001036        0x2
 .text.IO_PC2_DefaultInterruptHandler
                0x0000000000001036        0x2 build/default/production/mcc_generated_files/system/src/pins.o
                0x0000000000001036                IO_PC2_DefaultInterruptHandler

.text.IO_PC3_DefaultInterruptHandler
                0x0000000000001038        0x2
 .text.IO_PC3_DefaultInterruptHandler
                0x0000000000001038        0x2 build/default/production/mcc_generated_files/system/src/pins.o
                0x0000000000001038                IO_PC3_DefaultInterruptHandler

.text.IO_PD1_DefaultInterruptHandler
                0x000000000000103a        0x2
 .text.IO_PD1_DefaultInterruptHandler
                0x000000000000103a        0x2 build/default/production/mcc_generated_files/system/src/pins.o
                0x000000000000103a                IO_PD1_DefaultInterruptHandler

.text.IO_PD2_DefaultInterruptHandler
                0x000000000000103c        0x2
 .text.IO_PD2_DefaultInterruptHandler
                0x000000000000103c        0x2 build/default/production/mcc_generated_files/system/src/pins.o
                0x000000000000103c                IO_PD2_DefaultInterruptHandler

.text.IO_PD3_DefaultInterruptHandler
                0x000000000000103e        0x2
 .text.IO_PD3_DefaultInterruptHandler
                0x000000000000103e        0x2 build/default/production/mcc_generated_files/system/src/pins.o
                0x000000000000103e                IO_PD3_DefaultInterruptHandler

.text.IO_PD4_DefaultInterruptHandler
                0x0000000000001040        0x2
 .text.IO_PD4_DefaultInterruptHandler
                0x0000000000001040        0x2 build/default/production/mcc_generated_files/system/src/pins.o
                0x0000000000001040                IO_PD4_DefaultInterruptHandler

.text.IO_PD5_DefaultInterruptHandler
                0x0000000000001042        0x2
 .text.IO_PD5_DefaultInterruptHandler
                0x0000000000001042        0x2 build/default/production/mcc_generated_files/system/src/pins.o
                0x0000000000001042                IO_PD5_DefaultInterruptHandler

.text.IO_PD6_DefaultInterruptHandler
                0x0000000000001044        0x2
 .text.IO_PD6_DefaultInterruptHandler
                0x0000000000001044        0x2 build/default/production/mcc_generated_files/system/src/pins.o
                0x0000000000001044                IO_PD6_DefaultInterruptHandler

.text.IO_PD7_DefaultInterruptHandler
                0x0000000000001046        0x2
 .text.IO_PD7_DefaultInterruptHandler
                0x0000000000001046        0x2 build/default/production/mcc_generated_files/system/src/pins.o
                0x0000000000001046                IO_PD7_DefaultInterruptHandler

.text.IO_PF4_DefaultInterruptHandler
                0x0000000000001048        0x2
 .text.IO_PF4_DefaultInterruptHandler
                0x0000000000001048        0x2 build/default/production/mcc_generated_files/system/src/pins.o
                0x0000000000001048                IO_PF4_DefaultInterruptHandler

.text.IO_PF5_DefaultInterruptHandler
                0x000000000000104a        0x2
 .text.IO_PF5_DefaultInterruptHandler
                0x000000000000104a        0x2 build/default/production/mcc_generated_files/system/src/pins.o
                0x000000000000104a                IO_PF5_DefaultInterruptHandler

.text.TCB0_DefaultOverflowCallback
                0x000000000000104c        0x2
 .text.TCB0_DefaultOverflowCallback
                0x000000000000104c        0x2 build/default/production/mcc_generated_files/timer/src/tcb0.o

.text.TCB1_DefaultOverflowCallback
                0x000000000000104e        0x2
 .text.TCB1_DefaultOverflowCallback
                0x000000000000104e        0x2 build/default/production/mcc_generated_files/timer/src/tcb1.o

.text.TCB2_DefaultOverflowCallback
                0x0000000000001050        0x2
 .text.TCB2_DefaultOverflowCallback
                0x0000000000001050        0x2 build/default/production/mcc_generated_files/timer/src/tcb2.o

.text.USART2_DefaultFramingErrorCallback
                0x0000000000001052        0x2
 .text.USART2_DefaultFramingErrorCallback
                0x0000000000001052        0x2 build/default/production/mcc_generated_files/uart/src/usart2.o

.text.USART2_DefaultOverrunErrorCallback
                0x0000000000001054        0x2
 .text.USART2_DefaultOverrunErrorCallback
                0x0000000000001054        0x2 build/default/production/mcc_generated_files/uart/src/usart2.o

.text.USART2_DefaultParityErrorCallback
                0x0000000000001056        0x2
 .text.USART2_DefaultParityErrorCallback
                0x0000000000001056        0x2 build/default/production/mcc_generated_files/uart/src/usart2.o

.text.USART1_DefaultFramingErrorCallback
                0x0000000000001058        0x2
 .text.USART1_DefaultFramingErrorCallback
                0x0000000000001058        0x2 build/default/production/mcc_generated_files/uart/src/usart1.o

.text.USART1_DefaultOverrunErrorCallback
                0x000000000000105a        0x2
 .text.USART1_DefaultOverrunErrorCallback
                0x000000000000105a        0x2 build/default/production/mcc_generated_files/uart/src/usart1.o

.text.USART1_DefaultParityErrorCallback
                0x000000000000105c        0x2
 .text.USART1_DefaultParityErrorCallback
                0x000000000000105c        0x2 build/default/production/mcc_generated_files/uart/src/usart1.o

.text.__dummy_fini
                0x000000000000105e        0x2
 .text.__dummy_fini
                0x000000000000105e        0x2 c:/program files/microchip/xc8/v3.10/avr/bin/../lib/gcc/avr/5.4.0/../../../../avr/lib/avrxmega4\libc.a(exit.o)
                0x000000000000105e                _fini

.text.__dummy_funcs_on_exit
                0x0000000000001060        0x2
 .text.__dummy_funcs_on_exit
                0x0000000000001060        0x2 c:/program files/microchip/xc8/v3.10/avr/bin/../lib/gcc/avr/5.4.0/../../../../avr/lib/avrxmega4\libc.a(exit.o)
                0x0000000000001060                __funcs_on_exit

.text.__dummy_simulator_exit
                0x0000000000001062        0x2
 .text.__dummy_simulator_exit
                0x0000000000001062        0x2 c:/program files/microchip/xc8/v3.10/avr/bin/../lib/gcc/avr/5.4.0/../../../../avr/lib/avrxmega4\libc.a(exit.o)
                0x0000000000001062                __simulator_exit

.data.USART2_stream
                0x0000000000804304       0x10 load address 0x0000000000001064
 .data.USART2_stream
                0x0000000000804304       0x10 build/default/production/mcc_generated_files/uart/src/usart2.o
                0x0000000000804304                USART2_stream

.data._stdout   0x000000000080437c        0x2 load address 0x0000000000001074
 .data._stdout  0x000000000080437c        0x2 c:/program files/microchip/xc8/v3.10/avr/bin/../lib/gcc/avr/5.4.0/../../../../avr/lib/avrxmega4\libc.a(stdout.o)
                0x000000000080437c                _stdout
